Archive member included because of file (symbol)

.\ARM_GCC_493\Debug\CE95277 ADC and UART.a(cyfitter_cfg.o)
                              .\ARM_GCC_493\Debug\Cm3Start.o (cyfitter_cfg)
.\ARM_GCC_493\Debug\CE95277 ADC and UART.a(UART_1.o)
                              .\ARM_GCC_493\Debug\main.o (UART_1_Start)
.\ARM_GCC_493\Debug\CE95277 ADC and UART.a(UART_1_IntClock.o)
                              .\ARM_GCC_493\Debug\CE95277 ADC and UART.a(UART_1.o) (UART_1_IntClock_Start)
.\ARM_GCC_493\Debug\CE95277 ADC and UART.a(CyBootAsmGnu.o)
                              .\ARM_GCC_493\Debug\CE95277 ADC and UART.a(cyfitter_cfg.o) (CyDelayCycles)
.\ARM_GCC_493\Debug\CE95277 ADC and UART.a(CyDmac.o)
                              .\ARM_GCC_493\Debug\Cm3Start.o (CyDmacConfigure)
.\ARM_GCC_493\Debug\CE95277 ADC and UART.a(CyLib.o)
                              .\ARM_GCC_493\Debug\Cm3Start.o (CyResetStatus)
.\ARM_GCC_493\Debug\CE95277 ADC and UART.a(cyPm.o)
                              .\ARM_GCC_493\Debug\CE95277 ADC and UART.a(CyLib.o) (CyPmReadStatus)
.\ARM_GCC_493\Debug\CE95277 ADC and UART.a(ADC_SAR_Seq_1.o)
                              .\ARM_GCC_493\Debug\main.o (ADC_SAR_Seq_1_Start)
.\ARM_GCC_493\Debug\CE95277 ADC and UART.a(ADC_SAR_Seq_1_INT.o)
                              .\ARM_GCC_493\Debug\CE95277 ADC and UART.a(ADC_SAR_Seq_1.o) (ADC_SAR_Seq_1_ISR)
.\ARM_GCC_493\Debug\CE95277 ADC and UART.a(ADC_SAR_Seq_1_SAR.o)
                              .\ARM_GCC_493\Debug\CE95277 ADC and UART.a(ADC_SAR_Seq_1.o) (ADC_SAR_Seq_1_SAR_shift)
.\ARM_GCC_493\Debug\CE95277 ADC and UART.a(ADC_SAR_Seq_1_TempBuf_dma.o)
                              .\ARM_GCC_493\Debug\CE95277 ADC and UART.a(ADC_SAR_Seq_1.o) (ADC_SAR_Seq_1_TempBuf_DmaInitialize)
.\ARM_GCC_493\Debug\CE95277 ADC and UART.a(ADC_SAR_Seq_1_FinalBuf_dma.o)
                              .\ARM_GCC_493\Debug\CE95277 ADC and UART.a(ADC_SAR_Seq_1.o) (ADC_SAR_Seq_1_FinalBuf_DmaInitialize)
.\ARM_GCC_493\Debug\CE95277 ADC and UART.a(ADC_SAR_Seq_1_IRQ.o)
                              .\ARM_GCC_493\Debug\CE95277 ADC and UART.a(ADC_SAR_Seq_1.o) (ADC_SAR_Seq_1_IRQ_SetVector)
.\ARM_GCC_493\Debug\CE95277 ADC and UART.a(CyFlash.o)
                              .\ARM_GCC_493\Debug\CE95277 ADC and UART.a(cyPm.o) (CyFlash_SetWaitCycles)
.\ARM_GCC_493\Debug\CE95277 ADC and UART.a(CySpc.o)
                              .\ARM_GCC_493\Debug\CE95277 ADC and UART.a(CyFlash.o) (CySpcStart)
c:/program files (x86)/cypress/psoc creator/3.3/psoc creator/import/gnu/arm/4.9.3/bin/../lib/gcc/arm-none-eabi/4.9.3/armv7-m\libgcc.a(_arm_addsubsf3.o)
                              .\ARM_GCC_493\Debug\CE95277 ADC and UART.a(ADC_SAR_Seq_1_SAR.o) (__aeabi_i2f)
c:/program files (x86)/cypress/psoc creator/3.3/psoc creator/import/gnu/arm/4.9.3/bin/../lib/gcc/arm-none-eabi/4.9.3/armv7-m\libgcc.a(_arm_muldivsf3.o)
                              .\ARM_GCC_493\Debug\CE95277 ADC and UART.a(ADC_SAR_Seq_1_SAR.o) (__aeabi_fmul)
c:/program files (x86)/cypress/psoc creator/3.3/psoc creator/import/gnu/arm/4.9.3/bin/../lib/gcc/arm-none-eabi/4.9.3/armv7-m\libgcc.a(_aeabi_ldivmod.o)
                              .\ARM_GCC_493\Debug\CE95277 ADC and UART.a(ADC_SAR_Seq_1_SAR.o) (__aeabi_ldivmod)
c:/program files (x86)/cypress/psoc creator/3.3/psoc creator/import/gnu/arm/4.9.3/bin/../lib/gcc/arm-none-eabi/4.9.3/armv7-m\libgcc.a(bpabi.o)
                              c:/program files (x86)/cypress/psoc creator/3.3/psoc creator/import/gnu/arm/4.9.3/bin/../lib/gcc/arm-none-eabi/4.9.3/armv7-m\libgcc.a(_aeabi_ldivmod.o) (__gnu_ldivmod_helper)
c:/program files (x86)/cypress/psoc creator/3.3/psoc creator/import/gnu/arm/4.9.3/bin/../lib/gcc/arm-none-eabi/4.9.3/armv7-m\libgcc.a(_dvmd_tls.o)
                              c:/program files (x86)/cypress/psoc creator/3.3/psoc creator/import/gnu/arm/4.9.3/bin/../lib/gcc/arm-none-eabi/4.9.3/armv7-m\libgcc.a(_aeabi_ldivmod.o) (__aeabi_ldiv0)
c:/program files (x86)/cypress/psoc creator/3.3/psoc creator/import/gnu/arm/4.9.3/bin/../lib/gcc/arm-none-eabi/4.9.3/armv7-m\libgcc.a(_divdi3.o)
                              c:/program files (x86)/cypress/psoc creator/3.3/psoc creator/import/gnu/arm/4.9.3/bin/../lib/gcc/arm-none-eabi/4.9.3/armv7-m\libgcc.a(bpabi.o) (__divdi3)
c:/program files (x86)/cypress/psoc creator/3.3/psoc creator/import/gnu/arm/4.9.3/bin/../lib/gcc/arm-none-eabi/4.9.3/armv7-m\libgcc.a(_udivdi3.o)
                              c:/program files (x86)/cypress/psoc creator/3.3/psoc creator/import/gnu/arm/4.9.3/bin/../lib/gcc/arm-none-eabi/4.9.3/armv7-m\libgcc.a(bpabi.o) (__udivdi3)
c:/program files (x86)/cypress/psoc creator/3.3/psoc creator/import/gnu/arm/4.9.3/bin/../lib/gcc/arm-none-eabi/4.9.3/../../../../arm-none-eabi/lib/armv7-m\libg_nano.a(lib_a-errno.o)
                              .\ARM_GCC_493\Debug\Cm3Start.o (__errno)
[...]
Memory Configuration

Name             Origin             Length             Attributes
rom              0x00000000         0x00040000         xr
ram              0x1fff8000         0x00010000         xrw
*default*        0x00000000         0xffffffff

Linker script and memory map

LOAD c:/program files (x86)/cypress/psoc creator/3.3/psoc creator/import/gnu/arm/4.9.3/bin/../lib/gcc/arm-none-eabi/4.9.3/armv7-m/crti.o
LOAD c:/program files (x86)/cypress/psoc creator/3.3/psoc creator/import/gnu/arm/4.9.3/bin/../lib/gcc/arm-none-eabi/4.9.3/armv7-m/crtbegin.o
LOAD c:/program files (x86)/cypress/psoc creator/3.3/psoc creator/import/gnu/arm/4.9.3/bin/../lib/gcc/arm-none-eabi/4.9.3/../../../../arm-none-eabi/lib/armv7-m/crt0.o
START GROUP
LOAD .\ARM_GCC_493\Debug\main.o
LOAD .\ARM_GCC_493\Debug\cymetadata.o
LOAD .\ARM_GCC_493\Debug\Cm3Start.o
LOAD .\ARM_GCC_493\Debug\CE95277 ADC and UART.a
LOAD C:\Program Files (x86)\Cypress\PSoC Creator\3.3\PSoC Creator\psoc\content\cycomponentlibrary\CyComponentLibrary.cylib\CortexM3\ARM_GCC_493\Debug\CyComponentLibrary.a
END GROUP
START GROUP
LOAD c:/program files (x86)/cypress/psoc creator/3.3/psoc creator/import/gnu/arm/4.9.3/bin/../lib/gcc/arm-none-eabi/4.9.3/armv7-m\libgcc.a
LOAD c:/program files (x86)/cypress/psoc creator/3.3/psoc creator/import/gnu/arm/4.9.3/bin/../lib/gcc/arm-none-eabi/4.9.3/../../../../arm-none-eabi/lib/armv7-m\libg_nano.a
LOAD c:/program files (x86)/cypress/psoc creator/3.3/psoc creator/import/gnu/arm/4.9.3/bin/../lib/gcc/arm-none-eabi/4.9.3/../../../../arm-none-eabi/lib/armv7-m\libc_nano.a
END GROUP
START GROUP
LOAD c:/program files (x86)/cypress/psoc creator/3.3/psoc creator/import/gnu/arm/4.9.3/bin/../lib/gcc/arm-none-eabi/4.9.3/armv7-m\libgcc.a
LOAD c:/program files (x86)/cypress/psoc creator/3.3/psoc creator/import/gnu/arm/4.9.3/bin/../lib/gcc/arm-none-eabi/4.9.3/../../../../arm-none-eabi/lib/armv7-m\libc_nano.a
END GROUP
LOAD c:/program files (x86)/cypress/psoc creator/3.3/psoc creator/import/gnu/arm/4.9.3/bin/../lib/gcc/arm-none-eabi/4.9.3/armv7-m/crtend.o
LOAD c:/program files (x86)/cypress/psoc creator/3.3/psoc creator/import/gnu/arm/4.9.3/bin/../lib/gcc/arm-none-eabi/4.9.3/armv7-m/crtn.o
START GROUP
LOAD c:/program files (x86)/cypress/psoc creator/3.3/psoc creator/import/gnu/arm/4.9.3/bin/../lib/gcc/arm-none-eabi/4.9.3/armv7-m\libgcc.a
LOAD c:/program files (x86)/cypress/psoc creator/3.3/psoc creator/import/gnu/arm/4.9.3/bin/../lib/gcc/arm-none-eabi/4.9.3/../../../../arm-none-eabi/lib/armv7-m\libc.a
LOAD c:/program files (x86)/cypress/psoc creator/3.3/psoc creator/import/gnu/arm/4.9.3/bin/../lib/gcc/arm-none-eabi/4.9.3/../../../../arm-none-eabi/lib/armv7-m\libnosys.a
END GROUP
                0x00000000                CY_APPL_ORIGIN = 0x0
                0x00000100                CY_FLASH_ROW_SIZE = 0x100
                0x00000020                CY_ECC_ROW_SIZE = 0x20
                0x00000000                CY_EE_IN_BTLDR = 0x0
                0x00000000                CY_APPL_LOADABLE = 0x0
                0x00000800                CY_EE_SIZE = 0x800
                0x00000001                CY_APPL_NUM = 0x1
                0x00000001                CY_APPL_MAX = 0x1
                0x00000040                CY_METADATA_SIZE = 0x40
                0x00000000                CY_APPL_LOADABLE = 0x0
                0x00000000                CY_CHECKSUM_EXCLUDE_SIZE = ALIGN (0x0, CY_FLASH_ROW_SIZE)
                0x1fff81f0                PROVIDE (__cy_heap_start, _end)
                0x00000001                PROVIDE (__cy_region_num, ((__cy_regions_end - __cy_regions) / 0x10))
                0x20008000                PROVIDE (__cy_stack, (ORIGIN (ram) + 0x10000))
                0x20007800                PROVIDE (__cy_heap_end, (__cy_stack - 0x800))

.cybootloader   0x00000000        0x0
 *(.cybootloader)
                0x00000000                appl1_start = CY_APPL_ORIGIN?CY_APPL_ORIGIN:ALIGN (CY_FLASH_ROW_SIZE)
                0x0001ff00                appl2_start = (appl1_start + ALIGN ((((0x40000 - appl1_start) - (0x2 * CY_FLASH_ROW_SIZE)) / 0x2), CY_FLASH_ROW_SIZE))
                0x00000000                appl_start = (CY_APPL_NUM == 0x1)?appl1_start:appl2_start
                0x00000000                ecc_offset = ((appl_start / CY_FLASH_ROW_SIZE) * CY_ECC_ROW_SIZE)
                0x00000000                ee_offset = (CY_APPL_LOADABLE && ! (CY_EE_IN_BTLDR))?((CY_EE_SIZE / CY_APPL_MAX) * (CY_APPL_NUM - 0x1)):0x0
                0x00000800                ee_size = (CY_APPL_LOADABLE && ! (CY_EE_IN_BTLDR))?(CY_EE_SIZE / CY_APPL_MAX):CY_EE_SIZE
                0x00000000                PROVIDE (CY_ECC_OFFSET, ecc_offset)

.text           0x00000000     0x1c88
 CREATE_OBJECT_SYMBOLS
                0x00000000                PROVIDE (__cy_interrupt_vector, RomVectors)
 *(.romvectors)
 .romvectors    0x00000000       0x10 .\ARM_GCC_493\Debug\Cm3Start.o
                0x00000000                RomVectors
                0x00000001                ASSERT ((. != __cy_interrupt_vector), No interrupt vector)
                0x00000001                ASSERT (CY_APPL_ORIGIN?(SIZEOF (.cybootloader) <= CY_APPL_ORIGIN):0x1, Wrong image location)
                0x00000010                PROVIDE (__cy_reset, Reset)
 *(.text.Reset)
 .text.Reset    0x00000010       0x18 .\ARM_GCC_493\Debug\Cm3Start.o
                0x00000010                Reset
                0x00000001                ASSERT ((. != __cy_reset), No reset code)
 *(.dma_init)
                0x00000001                ASSERT ((((appl_start + .) <= 0x10000) || 0x1), DMA Init must be within the first 64k of flash)
 *(.text .text.* .gnu.linkonce.t.*)
 .text          0x00000028       0x5c c:/program files (x86)/cypress/psoc creator/3.3/psoc creator/import/gnu/arm/4.9.3/bin/../lib/gcc/arm-none-eabi/4.9.3/armv7-m/crtbegin.o
 .text.main     0x00000084      0x1d8 .\ARM_GCC_493\Debug\main.o
                0x00000084                main
 .text.IntDefaultHandler
                0x0000025c        0x8 .\ARM_GCC_493\Debug\Cm3Start.o
                0x0000025c                IntDefaultHandler
 .text._sbrk    0x00000264       0x50 .\ARM_GCC_493\Debug\Cm3Start.o
                0x00000264                _sbrk
 .text.Start_c  0x000002b4       0x98 .\ARM_GCC_493\Debug\Cm3Start.o
                0x000002b4                Start_c
 .text.initialize_psoc
                0x0000034c       0x90 .\ARM_GCC_493\Debug\Cm3Start.o
                0x0000034c                initialize_psoc
 .text.CYMEMZERO
                0x000003dc       0x1c .\ARM_GCC_493\Debug\CE95277 ADC and UART.a(cyfitter_cfg.o)
 .text.CYCONFIGCPY
                0x000003f8       0x1c .\ARM_GCC_493\Debug\CE95277 ADC and UART.a(cyfitter_cfg.o)
 .text.CyClockStartupError
                0x00000414        0xc .\ARM_GCC_493\Debug\CE95277 ADC and UART.a(cyfitter_cfg.o)
 .text.cfg_write_bytes32
                0x00000420       0x74 .\ARM_GCC_493\Debug\CE95277 ADC and UART.a(cyfitter_cfg.o)
 .text.ClockSetup
                0x00000494      0x114 .\ARM_GCC_493\Debug\CE95277 ADC and UART.a(cyfitter_cfg.o)
 .text.AnalogSetDefault
                0x000005a8       0xac .\ARM_GCC_493\Debug\CE95277 ADC and UART.a(cyfitter_cfg.o)
 .text.cyfitter_cfg
                0x00000654      0x164 .\ARM_GCC_493\Debug\CE95277 ADC and UART.a(cyfitter_cfg.o)
                0x00000654                cyfitter_cfg
 .text.UART_1_Start
                0x000007b8       0x20 .\ARM_GCC_493\Debug\CE95277 ADC and UART.a(UART_1.o)
                0x000007b8                UART_1_Start
 .text.UART_1_Init
                0x000007d8       0x40 .\ARM_GCC_493\Debug\CE95277 ADC and UART.a(UART_1.o)
                0x000007d8                UART_1_Init
 .text.UART_1_Enable
                0x00000818       0x5c .\ARM_GCC_493\Debug\CE95277 ADC and UART.a(UART_1.o)
                0x00000818                UART_1_Enable
 .text.UART_1_GetChar
                0x00000874       0x44 .\ARM_GCC_493\Debug\CE95277 ADC and UART.a(UART_1.o)
                0x00000874                UART_1_GetChar
 .text.UART_1_PutChar
                0x000008b8       0x34 .\ARM_GCC_493\Debug\CE95277 ADC and UART.a(UART_1.o)
                0x000008b8                UART_1_PutChar
 .text.UART_1_PutString
                0x000008ec       0x40 .\ARM_GCC_493\Debug\CE95277 ADC and UART.a(UART_1.o)
                0x000008ec                UART_1_PutString
 .text.UART_1_IntClock_Start
                0x0000092c       0x34 .\ARM_GCC_493\Debug\CE95277 ADC and UART.a(UART_1_IntClock.o)
                0x0000092c                UART_1_IntClock_Start
 .text          0x00000960       0x20 .\ARM_GCC_493\Debug\CE95277 ADC and UART.a(CyBootAsmGnu.o)
                0x00000960                CyDelayCycles
                0x00000970                CyEnterCriticalSection
                0x00000978                CyExitCriticalSection
 .text.CyDmacConfigure
                0x00000980       0x5c .\ARM_GCC_493\Debug\CE95277 ADC and UART.a(CyDmac.o)
                0x00000980                CyDmacConfigure
 .text.CyDmaChEnable
                0x000009dc       0x8c .\ARM_GCC_493\Debug\CE95277 ADC and UART.a(CyDmac.o)
                0x000009dc                CyDmaChEnable
 .text.CyDmaClearPendingDrq
                0x00000a68       0x64 .\ARM_GCC_493\Debug\CE95277 ADC and UART.a(CyDmac.o)
                0x00000a68                CyDmaClearPendingDrq
 .text.CyDmaChPriority
                0x00000acc       0x60 .\ARM_GCC_493\Debug\CE95277 ADC and UART.a(CyDmac.o)
                0x00000acc                CyDmaChPriority
 .text.CyDmaChSetExtendedAddress
                0x00000b2c       0x7c .\ARM_GCC_493\Debug\CE95277 ADC and UART.a(CyDmac.o)
                0x00000b2c                CyDmaChSetExtendedAddress
 .text.CyDmaChSetInitialTd
                0x00000ba8       0x3c .\ARM_GCC_493\Debug\CE95277 ADC and UART.a(CyDmac.o)
                0x00000ba8                CyDmaChSetInitialTd
 .text.CyDmaChSetConfiguration
                0x00000be4       0xa0 .\ARM_GCC_493\Debug\CE95277 ADC and UART.a(CyDmac.o)
                0x00000be4                CyDmaChSetConfiguration
 .text.CyDmaTdAllocate
                0x00000c84       0x5c .\ARM_GCC_493\Debug\CE95277 ADC and UART.a(CyDmac.o)
                0x00000c84                CyDmaTdAllocate
 .text.CyDmaTdSetConfiguration
                0x00000ce0       0x80 .\ARM_GCC_493\Debug\CE95277 ADC and UART.a(CyDmac.o)
                0x00000ce0                CyDmaTdSetConfiguration
 .text.CyDmaTdSetAddress
                0x00000d60       0x5c .\ARM_GCC_493\Debug\CE95277 ADC and UART.a(CyDmac.o)
                0x00000d60                CyDmaTdSetAddress
 .text.CyHalt   0x00000dbc       0x18 .\ARM_GCC_493\Debug\CE95277 ADC and UART.a(CyLib.o)
                0x00000dbc                CyHalt
 .text.CyDelayUs
                0x00000dd4       0x24 .\ARM_GCC_493\Debug\CE95277 ADC and UART.a(CyLib.o)
                0x00000dd4                CyDelayUs
 .text.ADC_SAR_Seq_1_Init
                0x00000df8       0x50 .\ARM_GCC_493\Debug\CE95277 ADC and UART.a(ADC_SAR_Seq_1.o)
                0x00000df8                ADC_SAR_Seq_1_Init
 .text.ADC_SAR_Seq_1_Enable
                0x00000e48      0x13c .\ARM_GCC_493\Debug\CE95277 ADC and UART.a(ADC_SAR_Seq_1.o)
                0x00000e48                ADC_SAR_Seq_1_Enable
 .text.ADC_SAR_Seq_1_Start
                0x00000f84       0x2c .\ARM_GCC_493\Debug\CE95277 ADC and UART.a(ADC_SAR_Seq_1.o)
                0x00000f84                ADC_SAR_Seq_1_Start
 .text.ADC_SAR_Seq_1_StartConvert
                0x00000fb0        0xc .\ARM_GCC_493\Debug\CE95277 ADC and UART.a(ADC_SAR_Seq_1.o)
                0x00000fb0                ADC_SAR_Seq_1_StartConvert
 .text.ADC_SAR_Seq_1_IsEndConversion
                0x00000fbc       0x30 .\ARM_GCC_493\Debug\CE95277 ADC and UART.a(ADC_SAR_Seq_1.o)
                0x00000fbc                ADC_SAR_Seq_1_IsEndConversion
 .text.ADC_SAR_Seq_1_GetResult16
                0x00000fec       0x3c .\ARM_GCC_493\Debug\CE95277 ADC and UART.a(ADC_SAR_Seq_1.o)
                0x00000fec                ADC_SAR_Seq_1_GetResult16
 .text.ADC_SAR_Seq_1_CountsTo_mVolts
                0x00001028       0x20 .\ARM_GCC_493\Debug\CE95277 ADC and UART.a(ADC_SAR_Seq_1.o)
                0x00001028                ADC_SAR_Seq_1_CountsTo_mVolts
 .text.ADC_SAR_Seq_1_ISR
                0x00001048        0xc .\ARM_GCC_493\Debug\CE95277 ADC and UART.a(ADC_SAR_Seq_1_INT.o)
                0x00001048                ADC_SAR_Seq_1_ISR
 .text.ADC_SAR_Seq_1_SAR_Start
                0x00001054       0x20 .\ARM_GCC_493\Debug\CE95277 ADC and UART.a(ADC_SAR_Seq_1_SAR.o)
                0x00001054                ADC_SAR_Seq_1_SAR_Start
 .text.ADC_SAR_Seq_1_SAR_Init
                0x00001074       0x2c .\ARM_GCC_493\Debug\CE95277 ADC and UART.a(ADC_SAR_Seq_1_SAR.o)
                0x00001074                ADC_SAR_Seq_1_SAR_Init
 .text.ADC_SAR_Seq_1_SAR_Enable
                0x000010a0       0xc0 .\ARM_GCC_493\Debug\CE95277 ADC and UART.a(ADC_SAR_Seq_1_SAR.o)
                0x000010a0                ADC_SAR_Seq_1_SAR_Enable
 .text.ADC_SAR_Seq_1_SAR_SetResolution
                0x00001160       0x50 .\ARM_GCC_493\Debug\CE95277 ADC and UART.a(ADC_SAR_Seq_1_SAR.o)
                0x00001160                ADC_SAR_Seq_1_SAR_SetResolution
 .text.ADC_SAR_Seq_1_SAR_StartConvert
                0x000011b0       0x20 .\ARM_GCC_493\Debug\CE95277 ADC and UART.a(ADC_SAR_Seq_1_SAR.o)
                0x000011b0                ADC_SAR_Seq_1_SAR_StartConvert
 .text.ADC_SAR_Seq_1_SAR_CalcGain
                0x000011d0       0x80 .\ARM_GCC_493\Debug\CE95277 ADC and UART.a(ADC_SAR_Seq_1_SAR.o)
 .text.ADC_SAR_Seq_1_SAR_CountsTo_mVolts
                0x00001250       0x8c .\ARM_GCC_493\Debug\CE95277 ADC and UART.a(ADC_SAR_Seq_1_SAR.o)
                0x00001250                ADC_SAR_Seq_1_SAR_CountsTo_mVolts
 .text.ADC_SAR_Seq_1_TempBuf_DmaInitialize
                0x000012dc       0x68 .\ARM_GCC_493\Debug\CE95277 ADC and UART.a(ADC_SAR_Seq_1_TempBuf_dma.o)
                0x000012dc                ADC_SAR_Seq_1_TempBuf_DmaInitialize
 .text.ADC_SAR_Seq_1_FinalBuf_DmaInitialize
                0x00001344       0x68 .\ARM_GCC_493\Debug\CE95277 ADC and UART.a(ADC_SAR_Seq_1_FinalBuf_dma.o)
                0x00001344                ADC_SAR_Seq_1_FinalBuf_DmaInitialize
 .text.ADC_SAR_Seq_1_IRQ_SetVector
                0x000013ac       0x24 .\ARM_GCC_493\Debug\CE95277 ADC and UART.a(ADC_SAR_Seq_1_IRQ.o)
                0x000013ac                ADC_SAR_Seq_1_IRQ_SetVector
 .text.ADC_SAR_Seq_1_IRQ_SetPriority
                0x000013d0       0x24 .\ARM_GCC_493\Debug\CE95277 ADC and UART.a(ADC_SAR_Seq_1_IRQ.o)
                0x000013d0                ADC_SAR_Seq_1_IRQ_SetPriority
 .text.__errno  0x000013f4        0xc c:/program files (x86)/cypress/psoc creator/3.3/psoc creator/import/gnu/arm/4.9.3/bin/../lib/gcc/arm-none-eabi/4.9.3/../../../../arm-none-eabi/lib/armv7-m\libg_nano.a(lib_a-errno.o)
                0x000013f4                __errno
 .text.__libc_init_array
                0x00001400       0x4c c:/program files (x86)/cypress/psoc creator/3.3/psoc creator/import/gnu/arm/4.9.3/bin/../lib/gcc/arm-none-eabi/4.9.3/../../../../arm-none-eabi/lib/armv7-m\libg_nano.a(lib_a-init.o)
                0x00001400                __libc_init_array
 .text.memcpy   0x0000144c       0x16 c:/program files (x86)/cypress/psoc creator/3.3/psoc creator/import/gnu/arm/4.9.3/bin/../lib/gcc/arm-none-eabi/4.9.3/../../../../arm-none-eabi/lib/armv7-m\libg_nano.a(lib_a-memcpy.o)
                0x0000144c                memcpy
 .text.memset   0x00001462       0x10 c:/program files (x86)/cypress/psoc creator/3.3/psoc creator/import/gnu/arm/4.9.3/bin/../lib/gcc/arm-none-eabi/4.9.3/../../../../arm-none-eabi/lib/armv7-m\libg_nano.a(lib_a-memset.o)
                0x00001462                memset
 *fill*         0x00001472        0x2 
 .text.sprintf  0x00001474       0x48 c:/program files (x86)/cypress/psoc creator/3.3/psoc creator/import/gnu/arm/4.9.3/bin/../lib/gcc/arm-none-eabi/4.9.3/../../../../arm-none-eabi/lib/armv7-m\libg_nano.a(lib_a-sprintf.o)
                0x00001474                siprintf
                0x00001474                sprintf
 .text.__ssputs_r
                0x000014bc       0xb2 c:/program files (x86)/cypress/psoc creator/3.3/psoc creator/import/gnu/arm/4.9.3/bin/../lib/gcc/arm-none-eabi/4.9.3/../../../../arm-none-eabi/lib/armv7-m\libg_nano.a(lib_a-nano-svfprintf.o)
                0x000014bc                __ssputs_r
 *fill*         0x0000156e        0x2 
 .text._svfprintf_r
                0x00001570      0x1e4 c:/program files (x86)/cypress/psoc creator/3.3/psoc creator/import/gnu/arm/4.9.3/bin/../lib/gcc/arm-none-eabi/4.9.3/../../../../arm-none-eabi/lib/armv7-m\libg_nano.a(lib_a-nano-svfprintf.o)
                0x00001570                _svfiprintf_r
                0x00001570                _svfprintf_r
 .text._printf_common
                0x00001754       0xea c:/program files (x86)/cypress/psoc creator/3.3/psoc creator/import/gnu/arm/4.9.3/bin/../lib/gcc/arm-none-eabi/4.9.3/../../../../arm-none-eabi/lib/armv7-m\libg_nano.a(lib_a-nano-vfprintf_i.o)
                0x00001754                _printf_common
 *fill*         0x0000183e        0x2 
 .text._printf_i
                0x00001840      0x240 c:/program files (x86)/cypress/psoc creator/3.3/psoc creator/import/gnu/arm/4.9.3/bin/../lib/gcc/arm-none-eabi/4.9.3/../../../../arm-none-eabi/lib/armv7-m\libg_nano.a(lib_a-nano-vfprintf_i.o)
                0x00001840                _printf_i
 .text.memchr   0x00001a80       0x1c c:/program files (x86)/cypress/psoc creator/3.3/psoc creator/import/gnu/arm/4.9.3/bin/../lib/gcc/arm-none-eabi/4.9.3/../../../../arm-none-eabi/lib/armv7-m\libg_nano.a(lib_a-memchr.o)
                0x00001a80                memchr
 .text.memmove  0x00001a9c       0x36 c:/program files (x86)/cypress/psoc creator/3.3/psoc creator/import/gnu/arm/4.9.3/bin/../lib/gcc/arm-none-eabi/4.9.3/../../../../arm-none-eabi/lib/armv7-m\libg_nano.a(lib_a-memmove.o)
                0x00001a9c                memmove
 *fill*         0x00001ad2        0x2 
 .text._free_r  0x00001ad4       0x88 c:/program files (x86)/cypress/psoc creator/3.3/psoc creator/import/gnu/arm/4.9.3/bin/../lib/gcc/arm-none-eabi/4.9.3/../../../../arm-none-eabi/lib/armv7-m\libg_nano.a(lib_a-nano-freer.o)
                0x00001ad4                _free_r
 .text._malloc_r
                0x00001b5c       0xac c:/program files (x86)/cypress/psoc creator/3.3/psoc creator/import/gnu/arm/4.9.3/bin/../lib/gcc/arm-none-eabi/4.9.3/../../../../arm-none-eabi/lib/armv7-m\libg_nano.a(lib_a-nano-mallocr.o)
                0x00001b5c                _malloc_r
 .text._realloc_r
                0x00001c08       0x4c c:/program files (x86)/cypress/psoc creator/3.3/psoc creator/import/gnu/arm/4.9.3/bin/../lib/gcc/arm-none-eabi/4.9.3/../../../../arm-none-eabi/lib/armv7-m\libg_nano.a(lib_a-nano-reallocr.o)
                0x00001c08                _realloc_r
 .text._sbrk_r  0x00001c54       0x20 c:/program files (x86)/cypress/psoc creator/3.3/psoc creator/import/gnu/arm/4.9.3/bin/../lib/gcc/arm-none-eabi/4.9.3/../../../../arm-none-eabi/lib/armv7-m\libg_nano.a(lib_a-sbrkr.o)
                0x00001c54                _sbrk_r
 .text._malloc_usable_size_r
                0x00001c74       0x14 c:/program files (x86)/cypress/psoc creator/3.3/psoc creator/import/gnu/arm/4.9.3/bin/../lib/gcc/arm-none-eabi/4.9.3/../../../../arm-none-eabi/lib/armv7-m\libg_nano.a(lib_a-nano-msizer.o)
                0x00001c74                _malloc_usable_size_r
 *(.plt)
 *(.gnu.warning)
 *(.glue_7t)
 .glue_7t       0x00000000        0x0 linker stubs
 *(.glue_7)
 .glue_7        0x00000000        0x0 linker stubs
 *(.vfp11_veneer)
 .vfp11_veneer  0x00000000        0x0 linker stubs
 *(.bootloader)
 *(.ARM.extab* .gnu.linkonce.armextab.*)
 *(.gcc_except_table)

.v4_bx          0x00001c88        0x0
 .v4_bx         0x00000000        0x0 linker stubs

.iplt           0x00001c88        0x0
 .iplt          0x00000000        0x0 c:/program files (x86)/cypress/psoc creator/3.3/psoc creator/import/gnu/arm/4.9.3/bin/../lib/gcc/arm-none-eabi/4.9.3/armv7-m/crtbegin.o

.eh_frame_hdr
 *(.eh_frame_hdr)

.eh_frame       0x00001c88        0x4
 *(.eh_frame)
 .eh_frame      0x00001c88        0x0 c:/program files (x86)/cypress/psoc creator/3.3/psoc creator/import/gnu/arm/4.9.3/bin/../lib/gcc/arm-none-eabi/4.9.3/armv7-m/crtbegin.o
 .eh_frame      0x00001c88        0x4 c:/program files (x86)/cypress/psoc creator/3.3/psoc creator/import/gnu/arm/4.9.3/bin/../lib/gcc/arm-none-eabi/4.9.3/armv7-m/crtend.o
                0x00001c8c                PROVIDE (__exidx_start, .)

.ARM.exidx
 *(.ARM.exidx* .gnu.linkonce.armexidx.*)
                0x00001c8c                __exidx_end = .

.rodata         0x00001c8c      0x13c
 *(.rodata .rodata.* .gnu.linkonce.r.*)
 .rodata        0x00001c8c       0xa0 .\ARM_GCC_493\Debug\main.o
 .rodata        0x00001d2c       0x2c .\ARM_GCC_493\Debug\CE95277 ADC and UART.a(cyfitter_cfg.o)
 .rodata.str1.1
                0x00001d58        0x2 c:/program files (x86)/cypress/psoc creator/3.3/psoc creator/import/gnu/arm/4.9.3/bin/../lib/gcc/arm-none-eabi/4.9.3/../../../../arm-none-eabi/lib/armv7-m\libg_nano.a(lib_a-impure.o)
 .rodata.str1.1
                0x00001d5a       0x11 c:/program files (x86)/cypress/psoc creator/3.3/psoc creator/import/gnu/arm/4.9.3/bin/../lib/gcc/arm-none-eabi/4.9.3/../../../../arm-none-eabi/lib/armv7-m\libg_nano.a(lib_a-nano-svfprintf.o)
 .rodata.str1.1
                0x00001d6b       0x22 c:/program files (x86)/cypress/psoc creator/3.3/psoc creator/import/gnu/arm/4.9.3/bin/../lib/gcc/arm-none-eabi/4.9.3/../../../../arm-none-eabi/lib/armv7-m\libg_nano.a(lib_a-nano-vfprintf_i.o)
                0x00001d90                . = ALIGN (0x4)
 *fill*         0x00001d8d        0x3 
 *(.init)
 .init          0x00001d90        0x4 c:/program files (x86)/cypress/psoc creator/3.3/psoc creator/import/gnu/arm/4.9.3/bin/../lib/gcc/arm-none-eabi/4.9.3/armv7-m/crti.o
                0x00001d90                _init
 .init          0x00001d94        0x8 c:/program files (x86)/cypress/psoc creator/3.3/psoc creator/import/gnu/arm/4.9.3/bin/../lib/gcc/arm-none-eabi/4.9.3/armv7-m/crtn.o
                0x00001d9c                . = ALIGN (0x4)
                0x00001d9c                __preinit_array_start = .
 *(.preinit_array)
                0x00001d9c                __preinit_array_end = .
                0x00001d9c                . = ALIGN (0x4)
                0x00001d9c                __init_array_start = .
 *(SORT(.init_array.*))
 *(.init_array)
 .init_array    0x00001d9c        0x4 c:/program files (x86)/cypress/psoc creator/3.3/psoc creator/import/gnu/arm/4.9.3/bin/../lib/gcc/arm-none-eabi/4.9.3/armv7-m/crtbegin.o
 .init_array    0x00001da0        0x4 .\ARM_GCC_493\Debug\Cm3Start.o
                0x00001da4                __init_array_end = .
                0x00001da4                . = ALIGN (0x4)
 *(.fini)
 .fini          0x00001da4        0x4 c:/program files (x86)/cypress/psoc creator/3.3/psoc creator/import/gnu/arm/4.9.3/bin/../lib/gcc/arm-none-eabi/4.9.3/armv7-m/crti.o
                0x00001da4                _fini
 .fini          0x00001da8        0x8 c:/program files (x86)/cypress/psoc creator/3.3/psoc creator/import/gnu/arm/4.9.3/bin/../lib/gcc/arm-none-eabi/4.9.3/armv7-m/crtn.o
                0x00001db0                . = ALIGN (0x4)
                0x00001db0                __fini_array_start = .
 *(.fini_array)
 .fini_array    0x00001db0        0x4 c:/program files (x86)/cypress/psoc creator/3.3/psoc creator/import/gnu/arm/4.9.3/bin/../lib/gcc/arm-none-eabi/4.9.3/armv7-m/crtbegin.o
 *(SORT(.fini_array.*))
                0x00001db4                __fini_array_end = .
                0x00001db4                . = ALIGN (0x4)
 *crtbegin.o(.ctors)
 *(EXCLUDE_FILE(*crtend.o) .ctors)
 *(SORT(.ctors.*))
 *crtend.o(.ctors)
                0x00001db4                . = ALIGN (0x4)
 *crtbegin.o(.dtors)
 *(EXCLUDE_FILE(*crtend.o) .dtors)
 *(SORT(.dtors.*))
 *crtend.o(.dtors)
                0x00001db4                . = ALIGN (0x4)
                0x00001db4                __cy_regions = .
                0x00001db4        0x4 LONG 0x1dc8 __cy_region_init_ram
                0x00001db8        0x4 LONG 0x1fff8108 __cy_region_start_data
                0x00001dbc        0x4 LONG 0x88 __cy_region_init_size_ram
                0x00001dc0        0x4 LONG 0x60 __cy_region_zero_size_ram
                0x00001dc4                __cy_regions_end = .
                0x00001dc8                . = ALIGN (0x8)
 *fill*         0x00001dc4        0x4 
                0x00001dc8                _etext = .

.cy_checksum_exclude
                0x00001dc8        0x0
 *(.cy_checksum_exclude)

.ramvectors     0x1fff8000      0x100
                0x1fff8000                __cy_region_start_ram = .
 *(.ramvectors)
 .ramvectors    0x1fff8000      0x100 .\ARM_GCC_493\Debug\Cm3Start.o
                0x1fff8000                CyRamVectors

.noinit         0x1fff8100        0x5
 *(.noinit)
 .noinit        0x1fff8100        0x4 .\ARM_GCC_493\Debug\Cm3Start.o
 .noinit        0x1fff8104        0x1 .\ARM_GCC_493\Debug\CE95277 ADC and UART.a(CyLib.o)
                0x1fff8104                CyResetStatus

.data           0x1fff8108       0x88 load address 0x00001dc8
                0x1fff8108                __cy_region_start_data = .
 *(.jcr)
 .jcr           0x1fff8108        0x0 c:/program files (x86)/cypress/psoc creator/3.3/psoc creator/import/gnu/arm/4.9.3/bin/../lib/gcc/arm-none-eabi/4.9.3/armv7-m/crtbegin.o
 .jcr           0x1fff8108        0x4 c:/program files (x86)/cypress/psoc creator/3.3/psoc creator/import/gnu/arm/4.9.3/bin/../lib/gcc/arm-none-eabi/4.9.3/armv7-m/crtend.o
 *(.got.plt)
 *(.got)
 *(.shdata)
 *(.data .data.* .gnu.linkonce.d.*)
 .data          0x1fff810c        0x4 .\ARM_GCC_493\Debug\Cm3Start.o
 .data          0x1fff8110        0x8 .\ARM_GCC_493\Debug\CE95277 ADC and UART.a(CyDmac.o)
 .data          0x1fff8118       0x10 .\ARM_GCC_493\Debug\CE95277 ADC and UART.a(CyLib.o)
                0x1fff8118                cydelay_freq_hz
                0x1fff811c                cydelay_freq_khz
                0x1fff8120                cydelay_freq_mhz
                0x1fff8124                cydelay_32k_ms
 .data          0x1fff8128        0x2 .\ARM_GCC_493\Debug\CE95277 ADC and UART.a(ADC_SAR_Seq_1.o)
 .data          0x1fff812a        0x1 .\ARM_GCC_493\Debug\CE95277 ADC and UART.a(ADC_SAR_Seq_1_TempBuf_dma.o)
                0x1fff812a                ADC_SAR_Seq_1_TempBuf_DmaHandle
 .data          0x1fff812b        0x1 .\ARM_GCC_493\Debug\CE95277 ADC and UART.a(ADC_SAR_Seq_1_FinalBuf_dma.o)
                0x1fff812b                ADC_SAR_Seq_1_FinalBuf_DmaHandle
 .data.impure_data
                0x1fff812c       0x60 c:/program files (x86)/cypress/psoc creator/3.3/psoc creator/import/gnu/arm/4.9.3/bin/../lib/gcc/arm-none-eabi/4.9.3/../../../../arm-none-eabi/lib/armv7-m\libg_nano.a(lib_a-impure.o)
 .data._impure_ptr
                0x1fff818c        0x4 c:/program files (x86)/cypress/psoc creator/3.3/psoc creator/import/gnu/arm/4.9.3/bin/../lib/gcc/arm-none-eabi/4.9.3/../../../../arm-none-eabi/lib/armv7-m\libg_nano.a(lib_a-impure.o)
                0x1fff818c                _impure_ptr
                0x1fff8190                . = ALIGN (0x8)
 *(.ram)
                0x1fff8190                _edata = .

.igot.plt       0x1fff8190        0x0 load address 0x00001e50
 .igot.plt      0x00000000        0x0 c:/program files (x86)/cypress/psoc creator/3.3/psoc creator/import/gnu/arm/4.9.3/bin/../lib/gcc/arm-none-eabi/4.9.3/armv7-m/crtbegin.o

.bss            0x1fff8190       0x60 load address 0x00001e50
                0x1fff8190                PROVIDE (__bss_start__, .)
 *(.shbss)
 *(.bss .bss.* .gnu.linkonce.b.*)
 .bss           0x1fff8190       0x1c c:/program files (x86)/cypress/psoc creator/3.3/psoc creator/import/gnu/arm/4.9.3/bin/../lib/gcc/arm-none-eabi/4.9.3/armv7-m/crtbegin.o
 .bss           0x1fff81ac        0x2 .\ARM_GCC_493\Debug\CE95277 ADC and UART.a(UART_1.o)
                0x1fff81ac                UART_1_initVar
 *fill*         0x1fff81ae        0x2 
 .bss           0x1fff81b0       0x14 .\ARM_GCC_493\Debug\CE95277 ADC and UART.a(ADC_SAR_Seq_1.o)
                0x1fff81b0                ADC_SAR_Seq_1_initVar
 .bss           0x1fff81c4        0x1 .\ARM_GCC_493\Debug\CE95277 ADC and UART.a(ADC_SAR_Seq_1_SAR.o)
                0x1fff81c4                ADC_SAR_Seq_1_SAR_initVar
 *fill*         0x1fff81c5        0x3 
 .bss.__malloc_sbrk_start
                0x1fff81c8        0x4 c:/program files (x86)/cypress/psoc creator/3.3/psoc creator/import/gnu/arm/4.9.3/bin/../lib/gcc/arm-none-eabi/4.9.3/../../../../arm-none-eabi/lib/armv7-m\libg_nano.a(lib_a-nano-mallocr.o)
                0x1fff81c8                __malloc_sbrk_start
 .bss.__malloc_free_list
                0x1fff81cc        0x4 c:/program files (x86)/cypress/psoc creator/3.3/psoc creator/import/gnu/arm/4.9.3/bin/../lib/gcc/arm-none-eabi/4.9.3/../../../../arm-none-eabi/lib/armv7-m\libg_nano.a(lib_a-nano-mallocr.o)
                0x1fff81cc                __malloc_free_list
 *(COMMON)
 COMMON         0x1fff81d0        0xc .\ARM_GCC_493\Debug\CE95277 ADC and UART.a(ADC_SAR_Seq_1.o)
                0x1fff81d0                ADC_SAR_Seq_1_finalArray
 COMMON         0x1fff81dc        0xa .\ARM_GCC_493\Debug\CE95277 ADC and UART.a(ADC_SAR_Seq_1_SAR.o)
                0x1fff81dc                ADC_SAR_Seq_1_SAR_countsPerVolt
                0x1fff81de                ADC_SAR_Seq_1_SAR_offset
                0x1fff81e0                ADC_SAR_Seq_1_SAR_countsPer10Volt
                0x1fff81e4                ADC_SAR_Seq_1_SAR_shift
 *fill*         0x1fff81e6        0x2 
 COMMON         0x1fff81e8        0x4 c:/program files (x86)/cypress/psoc creator/3.3/psoc creator/import/gnu/arm/4.9.3/bin/../lib/gcc/arm-none-eabi/4.9.3/../../../../arm-none-eabi/lib/armv7-m\libg_nano.a(lib_a-reent.o)
                0x1fff81e8                errno
                0x1fff81f0                . = ALIGN (0x8)
 *fill*         0x1fff81ec        0x4 
 *(.ram.b)
                0x1fff81f0                _end = .
                0x1fff81f0                __end = .
                0x1fff81f0                PROVIDE (end, .)
                0x1fff81f0                PROVIDE (__bss_end__, .)
                0x00001dc8                __cy_region_init_ram = LOADADDR (.data)
                0x00000088                __cy_region_init_size_ram = (_edata - ADDR (.data))
                0x00000060                __cy_region_zero_size_ram = (_end - _edata)

.heap           0x1fff81f0       0x80 load address 0x00001e50
                0x1fff81f0                . = _end
                0x1fff8270                . = (. + 0x80)
 *fill*         0x1fff81f0       0x80 
                0x1fff8270                __cy_heap_limit = .

.stack          0x20007800      0x800
                0x20007800                __cy_stack_limit = .
                0x20008000                . = (. + 0x800)
 *fill*         0x20007800      0x800 
                0x00000001                ASSERT ((__cy_stack_limit >= __cy_heap_limit), region RAM overflowed with stack)
                0x00000000                cy_checksum_exclude_size = (CY_APPL_LOADABLE == 0x1)?SIZEOF (.cy_checksum_exclude):0x0
                0x00000001                ASSERT ((cy_checksum_exclude_size <= CY_CHECKSUM_EXCLUDE_SIZE), CY_BOOT: Section .cy_checksum_exclude size exceedes specified limit.)

.cyloadermeta
 *(.cyloadermeta)

.cyloadablemeta
 *(.cyloadablemeta)

.cyconfigecc    0x80000000      0x7b0
 *(.cyconfigecc)
 .cyconfigecc   0x80000000      0x7b0 .\ARM_GCC_493\Debug\cymetadata.o
                0x80000000                cy_meta_configecc

.cycustnvl      0x90000000        0x4
 *(.cycustnvl)
 .cycustnvl     0x90000000        0x4 .\ARM_GCC_493\Debug\cymetadata.o
                0x90000000                cy_meta_custnvl

.cywolatch      0x90100000        0x4
 *(.cywolatch)
 .cywolatch     0x90100000        0x4 .\ARM_GCC_493\Debug\cymetadata.o
                0x90100000                cy_meta_wonvl

.cyeeprom       0x90200000        0x0
 *(.cyeeprom)
                0x00000001                ASSERT ((. <= ((0x90200000 + ee_offset) + ee_size)), .cyeeprom data will not fit in EEPROM)

.cyflashprotect
                0x90400000      0x100
 *(.cyflashprotect)
 .cyflashprotect
                0x90400000      0x100 .\ARM_GCC_493\Debug\cymetadata.o
                0x90400000                cy_meta_flashprotect

.cymeta         0x90500000        0xc
 *(.cymeta)
 .cymeta        0x90500000        0xc .\ARM_GCC_493\Debug\cymetadata.o
                0x90500000                cy_metadata

.rel.dyn        0x00001e50        0x0 load address 0x9050000c
 .rel.iplt      0x00000000        0x0 c:/program files (x86)/cypress/psoc creator/3.3/psoc creator/import/gnu/arm/4.9.3/bin/../lib/gcc/arm-none-eabi/4.9.3/armv7-m/crtbegin.o

.stab
 *(.stab)

.stabstr
 *(.stabstr)

.debug
 *(.debug)

.line
 *(.line)

.debug_srcinfo
 *(.debug_srcinfo)

.debug_sfnames
 *(.debug_sfnames)

.debug_aranges  0x00000000      0x998
 *(.debug_aranges)
 .debug_aranges
                0x00000000       0x20 .\ARM_GCC_493\Debug\main.o
 .debug_aranges
                0x00000020       0x18 .\ARM_GCC_493\Debug\cymetadata.o
 .debug_aranges
                0x00000038       0x48 .\ARM_GCC_493\Debug\Cm3Start.o
 .debug_aranges
                0x00000080       0x60 .\ARM_GCC_493\Debug\CE95277 ADC and UART.a(cyfitter_cfg.o)
 .debug_aranges
                0x000000e0       0xf0 .\ARM_GCC_493\Debug\CE95277 ADC and UART.a(UART_1.o)
 .debug_aranges
                0x000001d0       0x70 .\ARM_GCC_493\Debug\CE95277 ADC and UART.a(UART_1_IntClock.o)
 .debug_aranges
                0x00000240       0x20 .\ARM_GCC_493\Debug\CE95277 ADC and UART.a(CyBootAsmGnu.o)
 .debug_aranges
                0x00000260       0xd8 .\ARM_GCC_493\Debug\CE95277 ADC and UART.a(CyDmac.o)
 .debug_aranges
                0x00000338      0x298 .\ARM_GCC_493\Debug\CE95277 ADC and UART.a(CyLib.o)
 .debug_aranges
                0x000005d0       0x98 .\ARM_GCC_493\Debug\CE95277 ADC and UART.a(cyPm.o)
 .debug_aranges
                0x00000668       0xa0 .\ARM_GCC_493\Debug\CE95277 ADC and UART.a(ADC_SAR_Seq_1.o)
 .debug_aranges
                0x00000708       0x20 .\ARM_GCC_493\Debug\CE95277 ADC and UART.a(ADC_SAR_Seq_1_INT.o)
 .debug_aranges
                0x00000728       0xa8 .\ARM_GCC_493\Debug\CE95277 ADC and UART.a(ADC_SAR_Seq_1_SAR.o)
 .debug_aranges
                0x000007d0       0x28 .\ARM_GCC_493\Debug\CE95277 ADC and UART.a(ADC_SAR_Seq_1_TempBuf_dma.o)
 .debug_aranges
                0x000007f8       0x28 .\ARM_GCC_493\Debug\CE95277 ADC and UART.a(ADC_SAR_Seq_1_FinalBuf_dma.o)
 .debug_aranges
                0x00000820       0x80 .\ARM_GCC_493\Debug\CE95277 ADC and UART.a(ADC_SAR_Seq_1_IRQ.o)
 .debug_aranges
                0x000008a0       0x80 .\ARM_GCC_493\Debug\CE95277 ADC and UART.a(CyFlash.o)
 .debug_aranges
                0x00000920       0x78 .\ARM_GCC_493\Debug\CE95277 ADC and UART.a(CySpc.o)

.debug_pubnames
 *(.debug_pubnames)

.debug_info     0x00000000     0x4287
 *(.debug_info .gnu.linkonce.wi.*)
 .debug_info    0x00000000      0x181 .\ARM_GCC_493\Debug\main.o
 .debug_info    0x00000181      0x13e .\ARM_GCC_493\Debug\cymetadata.o
 .debug_info    0x000002bf      0x317 .\ARM_GCC_493\Debug\Cm3Start.o
 .debug_info    0x000005d6      0x3ae .\ARM_GCC_493\Debug\CE95277 ADC and UART.a(cyfitter_cfg.o)
 .debug_info    0x00000984      0x500 .\ARM_GCC_493\Debug\CE95277 ADC and UART.a(UART_1.o)
 .debug_info    0x00000e84      0x25b .\ARM_GCC_493\Debug\CE95277 ADC and UART.a(UART_1_IntClock.o)
 .debug_info    0x000010df       0xc0 .\ARM_GCC_493\Debug\CE95277 ADC and UART.a(CyBootAsmGnu.o)
 .debug_info    0x0000119f      0x8b1 .\ARM_GCC_493\Debug\CE95277 ADC and UART.a(CyDmac.o)
 .debug_info    0x00001a50      0xe31 .\ARM_GCC_493\Debug\CE95277 ADC and UART.a(CyLib.o)
 .debug_info    0x00002881      0x55f .\ARM_GCC_493\Debug\CE95277 ADC and UART.a(cyPm.o)
 .debug_info    0x00002de0      0x39e .\ARM_GCC_493\Debug\CE95277 ADC and UART.a(ADC_SAR_Seq_1.o)
 .debug_info    0x0000317e       0x99 .\ARM_GCC_493\Debug\CE95277 ADC and UART.a(ADC_SAR_Seq_1_INT.o)
 .debug_info    0x00003217      0x454 .\ARM_GCC_493\Debug\CE95277 ADC and UART.a(ADC_SAR_Seq_1_SAR.o)
 .debug_info    0x0000366b      0x112 .\ARM_GCC_493\Debug\CE95277 ADC and UART.a(ADC_SAR_Seq_1_TempBuf_dma.o)
 .debug_info    0x0000377d      0x112 .\ARM_GCC_493\Debug\CE95277 ADC and UART.a(ADC_SAR_Seq_1_FinalBuf_dma.o)
 .debug_info    0x0000388f      0x238 .\ARM_GCC_493\Debug\CE95277 ADC and UART.a(ADC_SAR_Seq_1_IRQ.o)
 .debug_info    0x00003ac7      0x36a .\ARM_GCC_493\Debug\CE95277 ADC and UART.a(CyFlash.o)
 .debug_info    0x00003e31      0x456 .\ARM_GCC_493\Debug\CE95277 ADC and UART.a(CySpc.o)

.debug_abbrev   0x00000000     0x1487
 *(.debug_abbrev)
 .debug_abbrev  0x00000000       0x97 .\ARM_GCC_493\Debug\main.o
 .debug_abbrev  0x00000097       0x77 .\ARM_GCC_493\Debug\cymetadata.o
 .debug_abbrev  0x0000010e      0x1b6 .\ARM_GCC_493\Debug\Cm3Start.o
 .debug_abbrev  0x000002c4      0x19d .\ARM_GCC_493\Debug\CE95277 ADC and UART.a(cyfitter_cfg.o)
 .debug_abbrev  0x00000461      0x170 .\ARM_GCC_493\Debug\CE95277 ADC and UART.a(UART_1.o)
 .debug_abbrev  0x000005d1      0x12a .\ARM_GCC_493\Debug\CE95277 ADC and UART.a(UART_1_IntClock.o)
 .debug_abbrev  0x000006fb       0x14 .\ARM_GCC_493\Debug\CE95277 ADC and UART.a(CyBootAsmGnu.o)
 .debug_abbrev  0x0000070f      0x194 .\ARM_GCC_493\Debug\CE95277 ADC and UART.a(CyDmac.o)
 .debug_abbrev  0x000008a3      0x217 .\ARM_GCC_493\Debug\CE95277 ADC and UART.a(CyLib.o)
 .debug_abbrev  0x00000aba      0x16e .\ARM_GCC_493\Debug\CE95277 ADC and UART.a(cyPm.o)
 .debug_abbrev  0x00000c28      0x162 .\ARM_GCC_493\Debug\CE95277 ADC and UART.a(ADC_SAR_Seq_1.o)
 .debug_abbrev  0x00000d8a       0x42 .\ARM_GCC_493\Debug\CE95277 ADC and UART.a(ADC_SAR_Seq_1_INT.o)
 .debug_abbrev  0x00000dcc      0x180 .\ARM_GCC_493\Debug\CE95277 ADC and UART.a(ADC_SAR_Seq_1_SAR.o)
 .debug_abbrev  0x00000f4c       0x8b .\ARM_GCC_493\Debug\CE95277 ADC and UART.a(ADC_SAR_Seq_1_TempBuf_dma.o)
 .debug_abbrev  0x00000fd7       0x8b .\ARM_GCC_493\Debug\CE95277 ADC and UART.a(ADC_SAR_Seq_1_FinalBuf_dma.o)
 .debug_abbrev  0x00001062      0x17f .\ARM_GCC_493\Debug\CE95277 ADC and UART.a(ADC_SAR_Seq_1_IRQ.o)
 .debug_abbrev  0x000011e1      0x12d .\ARM_GCC_493\Debug\CE95277 ADC and UART.a(CyFlash.o)
 .debug_abbrev  0x0000130e      0x179 .\ARM_GCC_493\Debug\CE95277 ADC and UART.a(CySpc.o)

.debug_line     0x00000000     0x24b9
 *(.debug_line)
 .debug_line    0x00000000      0x1c8 .\ARM_GCC_493\Debug\main.o
 .debug_line    0x000001c8       0x53 .\ARM_GCC_493\Debug\cymetadata.o
 .debug_line    0x0000021b      0x1d5 .\ARM_GCC_493\Debug\Cm3Start.o
 .debug_line    0x000003f0      0x201 .\ARM_GCC_493\Debug\CE95277 ADC and UART.a(cyfitter_cfg.o)
 .debug_line    0x000005f1      0x2e6 .\ARM_GCC_493\Debug\CE95277 ADC and UART.a(UART_1.o)
 .debug_line    0x000008d7      0x1c3 .\ARM_GCC_493\Debug\CE95277 ADC and UART.a(UART_1_IntClock.o)
 .debug_line    0x00000a9a       0x68 .\ARM_GCC_493\Debug\CE95277 ADC and UART.a(CyBootAsmGnu.o)
 .debug_line    0x00000b02      0x2b7 .\ARM_GCC_493\Debug\CE95277 ADC and UART.a(CyDmac.o)
 .debug_line    0x00000db9      0x872 .\ARM_GCC_493\Debug\CE95277 ADC and UART.a(CyLib.o)
 .debug_line    0x0000162b      0x381 .\ARM_GCC_493\Debug\CE95277 ADC and UART.a(cyPm.o)
 .debug_line    0x000019ac      0x1d5 .\ARM_GCC_493\Debug\CE95277 ADC and UART.a(ADC_SAR_Seq_1.o)
 .debug_line    0x00001b81       0x5f .\ARM_GCC_493\Debug\CE95277 ADC and UART.a(ADC_SAR_Seq_1_INT.o)
 .debug_line    0x00001be0      0x213 .\ARM_GCC_493\Debug\CE95277 ADC and UART.a(ADC_SAR_Seq_1_SAR.o)
 .debug_line    0x00001df3       0xa1 .\ARM_GCC_493\Debug\CE95277 ADC and UART.a(ADC_SAR_Seq_1_TempBuf_dma.o)
 .debug_line    0x00001e94       0xa2 .\ARM_GCC_493\Debug\CE95277 ADC and UART.a(ADC_SAR_Seq_1_FinalBuf_dma.o)
 .debug_line    0x00001f36      0x165 .\ARM_GCC_493\Debug\CE95277 ADC and UART.a(ADC_SAR_Seq_1_IRQ.o)
 .debug_line    0x0000209b      0x207 .\ARM_GCC_493\Debug\CE95277 ADC and UART.a(CyFlash.o)
 .debug_line    0x000022a2      0x217 .\ARM_GCC_493\Debug\CE95277 ADC and UART.a(CySpc.o)

.debug_frame    0x00000000     0x2ab8
 *(.debug_frame)
 .debug_frame   0x00000000       0x30 .\ARM_GCC_493\Debug\main.o
 .debug_frame   0x00000030       0xd8 .\ARM_GCC_493\Debug\Cm3Start.o
 .debug_frame   0x00000108      0x16c .\ARM_GCC_493\Debug\CE95277 ADC and UART.a(cyfitter_cfg.o)
 .debug_frame   0x00000274      0x42c .\ARM_GCC_493\Debug\CE95277 ADC and UART.a(UART_1.o)
 .debug_frame   0x000006a0      0x1b4 .\ARM_GCC_493\Debug\CE95277 ADC and UART.a(UART_1_IntClock.o)
 .debug_frame   0x00000854      0x3d0 .\ARM_GCC_493\Debug\CE95277 ADC and UART.a(CyDmac.o)
 .debug_frame   0x00000c24      0xbe8 .\ARM_GCC_493\Debug\CE95277 ADC and UART.a(CyLib.o)
 .debug_frame   0x0000180c      0x234 .\ARM_GCC_493\Debug\CE95277 ADC and UART.a(cyPm.o)
 .debug_frame   0x00001a40      0x264 .\ARM_GCC_493\Debug\CE95277 ADC and UART.a(ADC_SAR_Seq_1.o)
 .debug_frame   0x00001ca4       0x34 .\ARM_GCC_493\Debug\CE95277 ADC and UART.a(ADC_SAR_Seq_1_INT.o)
 .debug_frame   0x00001cd8      0x2c0 .\ARM_GCC_493\Debug\CE95277 ADC and UART.a(ADC_SAR_Seq_1_SAR.o)
 .debug_frame   0x00001f98       0x58 .\ARM_GCC_493\Debug\CE95277 ADC and UART.a(ADC_SAR_Seq_1_TempBuf_dma.o)
 .debug_frame   0x00001ff0       0x58 .\ARM_GCC_493\Debug\CE95277 ADC and UART.a(ADC_SAR_Seq_1_FinalBuf_dma.o)
 .debug_frame   0x00002048      0x1e8 .\ARM_GCC_493\Debug\CE95277 ADC and UART.a(ADC_SAR_Seq_1_IRQ.o)
 .debug_frame   0x00002230      0x210 .\ARM_GCC_493\Debug\CE95277 ADC and UART.a(CyFlash.o)
 .debug_frame   0x00002440      0x1f8 .\ARM_GCC_493\Debug\CE95277 ADC and UART.a(CySpc.o)
 .debug_frame   0x00002638       0x28 c:/program files (x86)/cypress/psoc creator/3.3/psoc creator/import/gnu/arm/4.9.3/bin/../lib/gcc/arm-none-eabi/4.9.3/armv7-m\libgcc.a(_aeabi_ldivmod.o)
 .debug_frame   0x00002660       0x54 c:/program files (x86)/cypress/psoc creator/3.3/psoc creator/import/gnu/arm/4.9.3/bin/../lib/gcc/arm-none-eabi/4.9.3/armv7-m\libgcc.a(bpabi.o)
 .debug_frame   0x000026b4       0x34 c:/program files (x86)/cypress/psoc creator/3.3/psoc creator/import/gnu/arm/4.9.3/bin/../lib/gcc/arm-none-eabi/4.9.3/armv7-m\libgcc.a(_divdi3.o)
 .debug_frame   0x000026e8       0x34 c:/program files (x86)/cypress/psoc creator/3.3/psoc creator/import/gnu/arm/4.9.3/bin/../lib/gcc/arm-none-eabi/4.9.3/armv7-m\libgcc.a(_udivdi3.o)
 .debug_frame   0x0000271c       0x20 c:/program files (x86)/cypress/psoc creator/3.3/psoc creator/import/gnu/arm/4.9.3/bin/../lib/gcc/arm-none-eabi/4.9.3/../../../../arm-none-eabi/lib/armv7-m\libg_nano.a(lib_a-errno.o)
 .debug_frame   0x0000273c       0x28 c:/program files (x86)/cypress/psoc creator/3.3/psoc creator/import/gnu/arm/4.9.3/bin/../lib/gcc/arm-none-eabi/4.9.3/../../../../arm-none-eabi/lib/armv7-m\libg_nano.a(lib_a-exit.o)
 .debug_frame   0x00002764       0x2c c:/program files (x86)/cypress/psoc creator/3.3/psoc creator/import/gnu/arm/4.9.3/bin/../lib/gcc/arm-none-eabi/4.9.3/../../../../arm-none-eabi/lib/armv7-m\libg_nano.a(lib_a-init.o)
 .debug_frame   0x00002790       0x28 c:/program files (x86)/cypress/psoc creator/3.3/psoc creator/import/gnu/arm/4.9.3/bin/../lib/gcc/arm-none-eabi/4.9.3/../../../../arm-none-eabi/lib/armv7-m\libg_nano.a(lib_a-memcpy.o)
 .debug_frame   0x000027b8       0x20 c:/program files (x86)/cypress/psoc creator/3.3/psoc creator/import/gnu/arm/4.9.3/bin/../lib/gcc/arm-none-eabi/4.9.3/../../../../arm-none-eabi/lib/armv7-m\libg_nano.a(lib_a-memset.o)
 .debug_frame   0x000027d8       0x70 c:/program files (x86)/cypress/psoc creator/3.3/psoc creator/import/gnu/arm/4.9.3/bin/../lib/gcc/arm-none-eabi/4.9.3/../../../../arm-none-eabi/lib/armv7-m\libg_nano.a(lib_a-sprintf.o)
 .debug_frame   0x00002848       0x8c c:/program files (x86)/cypress/psoc creator/3.3/psoc creator/import/gnu/arm/4.9.3/bin/../lib/gcc/arm-none-eabi/4.9.3/../../../../arm-none-eabi/lib/armv7-m\libg_nano.a(lib_a-nano-svfprintf.o)
 .debug_frame   0x000028d4       0x58 c:/program files (x86)/cypress/psoc creator/3.3/psoc creator/import/gnu/arm/4.9.3/bin/../lib/gcc/arm-none-eabi/4.9.3/../../../../arm-none-eabi/lib/armv7-m\libg_nano.a(lib_a-nano-vfprintf_i.o)
 .debug_frame   0x0000292c       0x28 c:/program files (x86)/cypress/psoc creator/3.3/psoc creator/import/gnu/arm/4.9.3/bin/../lib/gcc/arm-none-eabi/4.9.3/../../../../arm-none-eabi/lib/armv7-m\libg_nano.a(lib_a-memchr.o)
 .debug_frame   0x00002954       0x28 c:/program files (x86)/cypress/psoc creator/3.3/psoc creator/import/gnu/arm/4.9.3/bin/../lib/gcc/arm-none-eabi/4.9.3/../../../../arm-none-eabi/lib/armv7-m\libg_nano.a(lib_a-memmove.o)
 .debug_frame   0x0000297c       0x2c c:/program files (x86)/cypress/psoc creator/3.3/psoc creator/import/gnu/arm/4.9.3/bin/../lib/gcc/arm-none-eabi/4.9.3/../../../../arm-none-eabi/lib/armv7-m\libg_nano.a(lib_a-nano-freer.o)
 .debug_frame   0x000029a8       0x2c c:/program files (x86)/cypress/psoc creator/3.3/psoc creator/import/gnu/arm/4.9.3/bin/../lib/gcc/arm-none-eabi/4.9.3/../../../../arm-none-eabi/lib/armv7-m\libg_nano.a(lib_a-nano-mallocr.o)
 .debug_frame   0x000029d4       0x3c c:/program files (x86)/cypress/psoc creator/3.3/psoc creator/import/gnu/arm/4.9.3/bin/../lib/gcc/arm-none-eabi/4.9.3/../../../../arm-none-eabi/lib/armv7-m\libg_nano.a(lib_a-nano-reallocr.o)
 .debug_frame   0x00002a10       0x2c c:/program files (x86)/cypress/psoc creator/3.3/psoc creator/import/gnu/arm/4.9.3/bin/../lib/gcc/arm-none-eabi/4.9.3/../../../../arm-none-eabi/lib/armv7-m\libg_nano.a(lib_a-sbrkr.o)
 .debug_frame   0x00002a3c       0x20 c:/program files (x86)/cypress/psoc creator/3.3/psoc creator/import/gnu/arm/4.9.3/bin/../lib/gcc/arm-none-eabi/4.9.3/../../../../arm-none-eabi/lib/armv7-m\libg_nano.a(lib_a-nano-msizer.o)
 .debug_frame   0x00002a5c       0x5c c:/program files (x86)/cypress/psoc creator/3.3/psoc creator/import/gnu/arm/4.9.3/bin/../lib/gcc/arm-none-eabi/4.9.3/../../../../arm-none-eabi/lib/armv7-m\libg_nano.a(lib_a-reent.o)

.debug_str      0x00000000     0x233a
 *(.debug_str)
 .debug_str     0x00000000      0x1da .\ARM_GCC_493\Debug\main.o
                                0x239 (size before relaxing)
 .debug_str     0x000001da       0x77 .\ARM_GCC_493\Debug\cymetadata.o
                                0x21a (size before relaxing)
 .debug_str     0x00000251      0x13e .\ARM_GCC_493\Debug\Cm3Start.o
                                0x2fb (size before relaxing)
 .debug_str     0x0000038f      0x157 .\ARM_GCC_493\Debug\CE95277 ADC and UART.a(cyfitter_cfg.o)
                                0x327 (size before relaxing)
 .debug_str     0x000004e6      0x2bc .\ARM_GCC_493\Debug\CE95277 ADC and UART.a(UART_1.o)
                                0x47f (size before relaxing)
 .debug_str     0x000007a2      0x1ca .\ARM_GCC_493\Debug\CE95277 ADC and UART.a(UART_1_IntClock.o)
                                0x37e (size before relaxing)
 .debug_str     0x0000096c      0x371 .\ARM_GCC_493\Debug\CE95277 ADC and UART.a(CyDmac.o)
                                0x541 (size before relaxing)
 .debug_str     0x00000cdd      0x7c8 .\ARM_GCC_493\Debug\CE95277 ADC and UART.a(CyLib.o)
                                0x9f6 (size before relaxing)
 .debug_str     0x000014a5      0x367 .\ARM_GCC_493\Debug\CE95277 ADC and UART.a(cyPm.o)
                                0x55b (size before relaxing)
 .debug_str     0x0000180c      0x2b8 .\ARM_GCC_493\Debug\CE95277 ADC and UART.a(ADC_SAR_Seq_1.o)
                                0x4a7 (size before relaxing)
 .debug_str     0x00001ac4       0x3f .\ARM_GCC_493\Debug\CE95277 ADC and UART.a(ADC_SAR_Seq_1_INT.o)
                                0x1dc (size before relaxing)
 .debug_str     0x00001b03      0x2cc .\ARM_GCC_493\Debug\CE95277 ADC and UART.a(ADC_SAR_Seq_1_SAR.o)
                                0x514 (size before relaxing)
 .debug_str     0x00001dcf       0xd5 .\ARM_GCC_493\Debug\CE95277 ADC and UART.a(ADC_SAR_Seq_1_TempBuf_dma.o)
                                0x27f (size before relaxing)
 .debug_str     0x00001ea4       0x9e .\ARM_GCC_493\Debug\CE95277 ADC and UART.a(ADC_SAR_Seq_1_FinalBuf_dma.o)
                                0x283 (size before relaxing)
 .debug_str     0x00001f42      0x190 .\ARM_GCC_493\Debug\CE95277 ADC and UART.a(ADC_SAR_Seq_1_IRQ.o)
                                0x372 (size before relaxing)
 .debug_str     0x000020d2      0x147 .\ARM_GCC_493\Debug\CE95277 ADC and UART.a(CyFlash.o)
                                0x31a (size before relaxing)
 .debug_str     0x00002219      0x121 .\ARM_GCC_493\Debug\CE95277 ADC and UART.a(CySpc.o)
                                0x317 (size before relaxing)

.debug_loc
 *(.debug_loc)

.debug_macinfo
 *(.debug_macinfo)

.debug_ranges   0x00000000      0x860
 *(.debug_ranges)
 .debug_ranges  0x00000000       0x10 .\ARM_GCC_493\Debug\main.o
 .debug_ranges  0x00000010       0x38 .\ARM_GCC_493\Debug\Cm3Start.o
 .debug_ranges  0x00000048       0x50 .\ARM_GCC_493\Debug\CE95277 ADC and UART.a(cyfitter_cfg.o)
 .debug_ranges  0x00000098       0xe0 .\ARM_GCC_493\Debug\CE95277 ADC and UART.a(UART_1.o)
 .debug_ranges  0x00000178       0x60 .\ARM_GCC_493\Debug\CE95277 ADC and UART.a(UART_1_IntClock.o)
 .debug_ranges  0x000001d8       0xc8 .\ARM_GCC_493\Debug\CE95277 ADC and UART.a(CyDmac.o)
 .debug_ranges  0x000002a0      0x288 .\ARM_GCC_493\Debug\CE95277 ADC and UART.a(CyLib.o)
 .debug_ranges  0x00000528       0x88 .\ARM_GCC_493\Debug\CE95277 ADC and UART.a(cyPm.o)
 .debug_ranges  0x000005b0       0x90 .\ARM_GCC_493\Debug\CE95277 ADC and UART.a(ADC_SAR_Seq_1.o)
 .debug_ranges  0x00000640       0x10 .\ARM_GCC_493\Debug\CE95277 ADC and UART.a(ADC_SAR_Seq_1_INT.o)
 .debug_ranges  0x00000650       0x98 .\ARM_GCC_493\Debug\CE95277 ADC and UART.a(ADC_SAR_Seq_1_SAR.o)
 .debug_ranges  0x000006e8       0x18 .\ARM_GCC_493\Debug\CE95277 ADC and UART.a(ADC_SAR_Seq_1_TempBuf_dma.o)
 .debug_ranges  0x00000700       0x18 .\ARM_GCC_493\Debug\CE95277 ADC and UART.a(ADC_SAR_Seq_1_FinalBuf_dma.o)
 .debug_ranges  0x00000718       0x70 .\ARM_GCC_493\Debug\CE95277 ADC and UART.a(ADC_SAR_Seq_1_IRQ.o)
 .debug_ranges  0x00000788       0x70 .\ARM_GCC_493\Debug\CE95277 ADC and UART.a(CyFlash.o)
 .debug_ranges  0x000007f8       0x68 .\ARM_GCC_493\Debug\CE95277 ADC and UART.a(CySpc.o)

.comment        0x00000000       0x70
 .comment       0x00000000       0x70 .\ARM_GCC_493\Debug\main.o
                                 0x71 (size before relaxing)
 .comment       0x00000000       0x71 .\ARM_GCC_493\Debug\cymetadata.o
 .comment       0x00000000       0x71 .\ARM_GCC_493\Debug\Cm3Start.o
 .comment       0x00000000       0x71 .\ARM_GCC_493\Debug\CE95277 ADC and UART.a(cyfitter_cfg.o)
 .comment       0x00000000       0x71 .\ARM_GCC_493\Debug\CE95277 ADC and UART.a(UART_1.o)
 .comment       0x00000000       0x71 .\ARM_GCC_493\Debug\CE95277 ADC and UART.a(UART_1_IntClock.o)
 .comment       0x00000000       0x71 .\ARM_GCC_493\Debug\CE95277 ADC and UART.a(CyDmac.o)
 .comment       0x00000000       0x71 .\ARM_GCC_493\Debug\CE95277 ADC and UART.a(CyLib.o)
 .comment       0x00000000       0x71 .\ARM_GCC_493\Debug\CE95277 ADC and UART.a(cyPm.o)
 .comment       0x00000000       0x71 .\ARM_GCC_493\Debug\CE95277 ADC and UART.a(ADC_SAR_Seq_1.o)
 .comment       0x00000000       0x71 .\ARM_GCC_493\Debug\CE95277 ADC and UART.a(ADC_SAR_Seq_1_INT.o)
 .comment       0x00000000       0x71 .\ARM_GCC_493\Debug\CE95277 ADC and UART.a(ADC_SAR_Seq_1_SAR.o)
 .comment       0x00000000       0x71 .\ARM_GCC_493\Debug\CE95277 ADC and UART.a(ADC_SAR_Seq_1_TempBuf_dma.o)
 .comment       0x00000000       0x71 .\ARM_GCC_493\Debug\CE95277 ADC and UART.a(ADC_SAR_Seq_1_FinalBuf_dma.o)
 .comment       0x00000000       0x71 .\ARM_GCC_493\Debug\CE95277 ADC and UART.a(ADC_SAR_Seq_1_IRQ.o)
 .comment       0x00000000       0x71 .\ARM_GCC_493\Debug\CE95277 ADC and UART.a(CyFlash.o)
 .comment       0x00000000       0x71 .\ARM_GCC_493\Debug\CE95277 ADC and UART.a(CySpc.o)

.debug_weaknames
 *(.debug_weaknames)

.debug_funcnames
 *(.debug_funcnames)

.debug_typenames
 *(.debug_typenames)

.debug_varnames
 *(.debug_varnames)

.note.gnu.arm.ident
 *(.note.gnu.arm.ident)

.ARM.attributes
                0x00000000       0x29
 *(.ARM.attributes)
 .ARM.attributes
                0x00000000       0x1d c:/program files (x86)/cypress/psoc creator/3.3/psoc creator/import/gnu/arm/4.9.3/bin/../lib/gcc/arm-none-eabi/4.9.3/armv7-m/crti.o
 .ARM.attributes
                0x0000001d       0x2d c:/program files (x86)/cypress/psoc creator/3.3/psoc creator/import/gnu/arm/4.9.3/bin/../lib/gcc/arm-none-eabi/4.9.3/armv7-m/crtbegin.o
 .ARM.attributes
                0x0000004a       0x1b c:/program files (x86)/cypress/psoc creator/3.3/psoc creator/import/gnu/arm/4.9.3/bin/../lib/gcc/arm-none-eabi/4.9.3/../../../../arm-none-eabi/lib/armv7-m/crt0.o
 .ARM.attributes
                0x00000065       0x33 .\ARM_GCC_493\Debug\main.o
 .ARM.attributes
                0x00000098       0x33 .\ARM_GCC_493\Debug\cymetadata.o
 .ARM.attributes
                0x000000cb       0x33 .\ARM_GCC_493\Debug\Cm3Start.o
 .ARM.attributes
                0x000000fe       0x33 .\ARM_GCC_493\Debug\CE95277 ADC and UART.a(cyfitter_cfg.o)
 .ARM.attributes
                0x00000131       0x33 .\ARM_GCC_493\Debug\CE95277 ADC and UART.a(UART_1.o)
 .ARM.attributes
                0x00000164       0x33 .\ARM_GCC_493\Debug\CE95277 ADC and UART.a(UART_1_IntClock.o)
 .ARM.attributes
                0x00000197       0x21 .\ARM_GCC_493\Debug\CE95277 ADC and UART.a(CyBootAsmGnu.o)
 .ARM.attributes
                0x000001b8       0x33 .\ARM_GCC_493\Debug\CE95277 ADC and UART.a(CyDmac.o)
 .ARM.attributes
                0x000001eb       0x33 .\ARM_GCC_493\Debug\CE95277 ADC and UART.a(CyLib.o)
 .ARM.attributes
                0x0000021e       0x33 .\ARM_GCC_493\Debug\CE95277 ADC and UART.a(cyPm.o)
 .ARM.attributes
                0x00000251       0x33 .\ARM_GCC_493\Debug\CE95277 ADC and UART.a(ADC_SAR_Seq_1.o)
 .ARM.attributes
                0x00000284       0x33 .\ARM_GCC_493\Debug\CE95277 ADC and UART.a(ADC_SAR_Seq_1_INT.o)
 .ARM.attributes
                0x000002b7       0x33 .\ARM_GCC_493\Debug\CE95277 ADC and UART.a(ADC_SAR_Seq_1_SAR.o)
 .ARM.attributes
                0x000002ea       0x33 .\ARM_GCC_493\Debug\CE95277 ADC and UART.a(ADC_SAR_Seq_1_TempBuf_dma.o)
 .ARM.attributes
                0x0000031d       0x33 .\ARM_GCC_493\Debug\CE95277 ADC and UART.a(ADC_SAR_Seq_1_FinalBuf_dma.o)
 .ARM.attributes
                0x00000350       0x33 .\ARM_GCC_493\Debug\CE95277 ADC and UART.a(ADC_SAR_Seq_1_IRQ.o)
 .ARM.attributes
                0x00000383       0x33 .\ARM_GCC_493\Debug\CE95277 ADC and UART.a(CyFlash.o)
 .ARM.attributes
                0x000003b6       0x33 .\ARM_GCC_493\Debug\CE95277 ADC and UART.a(CySpc.o)
 .ARM.attributes
                0x000003e9       0x1d c:/program files (x86)/cypress/psoc creator/3.3/psoc creator/import/gnu/arm/4.9.3/bin/../lib/gcc/arm-none-eabi/4.9.3/armv7-m\libgcc.a(_arm_addsubsf3.o)
 .ARM.attributes
                0x00000406       0x1d c:/program files (x86)/cypress/psoc creator/3.3/psoc creator/import/gnu/arm/4.9.3/bin/../lib/gcc/arm-none-eabi/4.9.3/armv7-m\libgcc.a(_arm_muldivsf3.o)
 .ARM.attributes
                0x00000423       0x1d c:/program files (x86)/cypress/psoc creator/3.3/psoc creator/import/gnu/arm/4.9.3/bin/../lib/gcc/arm-none-eabi/4.9.3/armv7-m\libgcc.a(_aeabi_ldivmod.o)
 .ARM.attributes
                0x00000440       0x2d c:/program files (x86)/cypress/psoc creator/3.3/psoc creator/import/gnu/arm/4.9.3/bin/../lib/gcc/arm-none-eabi/4.9.3/armv7-m\libgcc.a(bpabi.o)
 .ARM.attributes
                0x0000046d       0x1d c:/program files (x86)/cypress/psoc creator/3.3/psoc creator/import/gnu/arm/4.9.3/bin/../lib/gcc/arm-none-eabi/4.9.3/armv7-m\libgcc.a(_dvmd_tls.o)
 .ARM.attributes
                0x0000048a       0x2d c:/program files (x86)/cypress/psoc creator/3.3/psoc creator/import/gnu/arm/4.9.3/bin/../lib/gcc/arm-none-eabi/4.9.3/armv7-m\libgcc.a(_divdi3.o)
 .ARM.attributes
                0x000004b7       0x2d c:/program files (x86)/cypress/psoc creator/3.3/psoc creator/import/gnu/arm/4.9.3/bin/../lib/gcc/arm-none-eabi/4.9.3/armv7-m\libgcc.a(_udivdi3.o)
 .ARM.attributes
                0x000004e4       0x2d c:/program files (x86)/cypress/psoc creator/3.3/psoc creator/import/gnu/arm/4.9.3/bin/../lib/gcc/arm-none-eabi/4.9.3/../../../../arm-none-eabi/lib/armv7-m\libg_nano.a(lib_a-errno.o)
 .ARM.attributes
                0x00000511       0x2d c:/program files (x86)/cypress/psoc creator/3.3/psoc creator/import/gnu/arm/4.9.3/bin/../lib/gcc/arm-none-eabi/4.9.3/../../../../arm-none-eabi/lib/armv7-m\libg_nano.a(lib_a-exit.o)
 .ARM.attributes
                0x0000053e       0x2d c:/program files (x86)/cypress/psoc creator/3.3/psoc creator/import/gnu/arm/4.9.3/bin/../lib/gcc/arm-none-eabi/4.9.3/../../../../arm-none-eabi/lib/armv7-m\libg_nano.a(lib_a-impure.o)
 .ARM.attributes
                0x0000056b       0x2d c:/program files (x86)/cypress/psoc creator/3.3/psoc creator/import/gnu/arm/4.9.3/bin/../lib/gcc/arm-none-eabi/4.9.3/../../../../arm-none-eabi/lib/armv7-m\libg_nano.a(lib_a-init.o)
 .ARM.attributes
                0x00000598       0x2d c:/program files (x86)/cypress/psoc creator/3.3/psoc creator/import/gnu/arm/4.9.3/bin/../lib/gcc/arm-none-eabi/4.9.3/../../../../arm-none-eabi/lib/armv7-m\libg_nano.a(lib_a-memcpy.o)
 .ARM.attributes
                0x000005c5       0x2d c:/program files (x86)/cypress/psoc creator/3.3/psoc creator/import/gnu/arm/4.9.3/bin/../lib/gcc/arm-none-eabi/4.9.3/../../../../arm-none-eabi/lib/armv7-m\libg_nano.a(lib_a-memset.o)
 .ARM.attributes
                0x000005f2       0x2d c:/program files (x86)/cypress/psoc creator/3.3/psoc creator/import/gnu/arm/4.9.3/bin/../lib/gcc/arm-none-eabi/4.9.3/../../../../arm-none-eabi/lib/armv7-m\libg_nano.a(lib_a-sprintf.o)
 .ARM.attributes
                0x0000061f       0x2d c:/program files (x86)/cypress/psoc creator/3.3/psoc creator/import/gnu/arm/4.9.3/bin/../lib/gcc/arm-none-eabi/4.9.3/../../../../arm-none-eabi/lib/armv7-m\libg_nano.a(lib_a-nano-svfprintf.o)
 .ARM.attributes
                0x0000064c       0x2d c:/program files (x86)/cypress/psoc creator/3.3/psoc creator/import/gnu/arm/4.9.3/bin/../lib/gcc/arm-none-eabi/4.9.3/../../../../arm-none-eabi/lib/armv7-m\libg_nano.a(lib_a-nano-vfprintf_i.o)
 .ARM.attributes
                0x00000679       0x2d c:/program files (x86)/cypress/psoc creator/3.3/psoc creator/import/gnu/arm/4.9.3/bin/../lib/gcc/arm-none-eabi/4.9.3/../../../../arm-none-eabi/lib/armv7-m\libg_nano.a(lib_a-memchr.o)
 .ARM.attributes
                0x000006a6       0x2d c:/program files (x86)/cypress/psoc creator/3.3/psoc creator/import/gnu/arm/4.9.3/bin/../lib/gcc/arm-none-eabi/4.9.3/../../../../arm-none-eabi/lib/armv7-m\libg_nano.a(lib_a-memmove.o)
 .ARM.attributes
                0x000006d3       0x2d c:/program files (x86)/cypress/psoc creator/3.3/psoc creator/import/gnu/arm/4.9.3/bin/../lib/gcc/arm-none-eabi/4.9.3/../../../../arm-none-eabi/lib/armv7-m\libg_nano.a(lib_a-nano-freer.o)
 .ARM.attributes
                0x00000700       0x2d c:/program files (x86)/cypress/psoc creator/3.3/psoc creator/import/gnu/arm/4.9.3/bin/../lib/gcc/arm-none-eabi/4.9.3/../../../../arm-none-eabi/lib/armv7-m\libg_nano.a(lib_a-nano-mallocr.o)
 .ARM.attributes
                0x0000072d       0x2d c:/program files (x86)/cypress/psoc creator/3.3/psoc creator/import/gnu/arm/4.9.3/bin/../lib/gcc/arm-none-eabi/4.9.3/../../../../arm-none-eabi/lib/armv7-m\libg_nano.a(lib_a-nano-reallocr.o)
 .ARM.attributes
                0x0000075a       0x2d c:/program files (x86)/cypress/psoc creator/3.3/psoc creator/import/gnu/arm/4.9.3/bin/../lib/gcc/arm-none-eabi/4.9.3/../../../../arm-none-eabi/lib/armv7-m\libg_nano.a(lib_a-sbrkr.o)
 .ARM.attributes
                0x00000787       0x2d c:/program files (x86)/cypress/psoc creator/3.3/psoc creator/import/gnu/arm/4.9.3/bin/../lib/gcc/arm-none-eabi/4.9.3/../../../../arm-none-eabi/lib/armv7-m\libg_nano.a(lib_a-nano-msizer.o)
 .ARM.attributes
                0x000007b4       0x2d c:/program files (x86)/cypress/psoc creator/3.3/psoc creator/import/gnu/arm/4.9.3/bin/../lib/gcc/arm-none-eabi/4.9.3/../../../../arm-none-eabi/lib/armv7-m\libg_nano.a(lib_a-reent.o)
 .ARM.attributes
                0x000007e1       0x2d c:/program files (x86)/cypress/psoc creator/3.3/psoc creator/import/gnu/arm/4.9.3/bin/../lib/gcc/arm-none-eabi/4.9.3/armv7-m/crtend.o
 .ARM.attributes
                0x0000080e       0x1d c:/program files (x86)/cypress/psoc creator/3.3/psoc creator/import/gnu/arm/4.9.3/bin/../lib/gcc/arm-none-eabi/4.9.3/armv7-m/crtn.o

/DISCARD/
 *(.note.GNU-stack)
OUTPUT(.\ARM_GCC_493\Debug\CE95277 ADC and UART.elf elf32-littlearm)
