Archive member included because of file (symbol)

.\ARM_GCC_493\Debug\VTM16 Current Sensors.a(cyfitter_cfg.o)
                              .\ARM_GCC_493\Debug\Cm3Start.o (cyfitter_cfg)
.\ARM_GCC_493\Debug\VTM16 Current Sensors.a(UART_1.o)
                              .\ARM_GCC_493\Debug\main.o (UART_1_Start)
.\ARM_GCC_493\Debug\VTM16 Current Sensors.a(UART_1_IntClock.o)
                              .\ARM_GCC_493\Debug\VTM16 Current Sensors.a(UART_1.o) (UART_1_IntClock_Start)
.\ARM_GCC_493\Debug\VTM16 Current Sensors.a(CyBootAsmGnu.o)
                              .\ARM_GCC_493\Debug\VTM16 Current Sensors.a(cyfitter_cfg.o) (CyDelayCycles)
.\ARM_GCC_493\Debug\VTM16 Current Sensors.a(CyDmac.o)
                              .\ARM_GCC_493\Debug\Cm3Start.o (CyDmacConfigure)
.\ARM_GCC_493\Debug\VTM16 Current Sensors.a(CyLib.o)
                              .\ARM_GCC_493\Debug\Cm3Start.o (CyResetStatus)
.\ARM_GCC_493\Debug\VTM16 Current Sensors.a(cyPm.o)
                              .\ARM_GCC_493\Debug\VTM16 Current Sensors.a(CyLib.o) (CyPmReadStatus)
.\ARM_GCC_493\Debug\VTM16 Current Sensors.a(ADC_SAR_Seq_1.o)
                              .\ARM_GCC_493\Debug\main.o (ADC_SAR_Seq_1_Start)
.\ARM_GCC_493\Debug\VTM16 Current Sensors.a(ADC_SAR_Seq_1_INT.o)
                              .\ARM_GCC_493\Debug\VTM16 Current Sensors.a(ADC_SAR_Seq_1.o) (ADC_SAR_Seq_1_ISR)
.\ARM_GCC_493\Debug\VTM16 Current Sensors.a(ADC_SAR_Seq_1_SAR.o)
                              .\ARM_GCC_493\Debug\VTM16 Current Sensors.a(ADC_SAR_Seq_1.o) (ADC_SAR_Seq_1_SAR_shift)
.\ARM_GCC_493\Debug\VTM16 Current Sensors.a(ADC_SAR_Seq_1_TempBuf_dma.o)
                              .\ARM_GCC_493\Debug\VTM16 Current Sensors.a(ADC_SAR_Seq_1.o) (ADC_SAR_Seq_1_TempBuf_DmaInitialize)
.\ARM_GCC_493\Debug\VTM16 Current Sensors.a(ADC_SAR_Seq_1_FinalBuf_dma.o)
                              .\ARM_GCC_493\Debug\VTM16 Current Sensors.a(ADC_SAR_Seq_1.o) (ADC_SAR_Seq_1_FinalBuf_DmaInitialize)
.\ARM_GCC_493\Debug\VTM16 Current Sensors.a(ADC_SAR_Seq_1_IRQ.o)
                              .\ARM_GCC_493\Debug\VTM16 Current Sensors.a(ADC_SAR_Seq_1.o) (ADC_SAR_Seq_1_IRQ_SetVector)
.\ARM_GCC_493\Debug\VTM16 Current Sensors.a(EZI2C_1.o)
                              .\ARM_GCC_493\Debug\main.o (EZI2C_1_Start)
.\ARM_GCC_493\Debug\VTM16 Current Sensors.a(EZI2C_1_PM.o)
                              .\ARM_GCC_493\Debug\VTM16 Current Sensors.a(EZI2C_1.o) (EZI2C_1_backup)
.\ARM_GCC_493\Debug\VTM16 Current Sensors.a(EZI2C_1_INT.o)
                              .\ARM_GCC_493\Debug\VTM16 Current Sensors.a(EZI2C_1.o) (EZI2C_1_ISR)
.\ARM_GCC_493\Debug\VTM16 Current Sensors.a(CyFlash.o)
                              .\ARM_GCC_493\Debug\VTM16 Current Sensors.a(cyPm.o) (CyFlash_SetWaitCycles)
.\ARM_GCC_493\Debug\VTM16 Current Sensors.a(CySpc.o)
                              .\ARM_GCC_493\Debug\VTM16 Current Sensors.a(CyFlash.o) (CySpcStart)
c:/program files (x86)/cypress/psoc creator/3.3/psoc creator/import/gnu/arm/4.9.3/bin/../lib/gcc/arm-none-eabi/4.9.3/armv7-m\libgcc.a(_arm_addsubsf3.o)
                              .\ARM_GCC_493\Debug\VTM16 Current Sensors.a(ADC_SAR_Seq_1_SAR.o) (__aeabi_i2f)
c:/program files (x86)/cypress/psoc creator/3.3/psoc creator/import/gnu/arm/4.9.3/bin/../lib/gcc/arm-none-eabi/4.9.3/armv7-m\libgcc.a(_arm_muldivsf3.o)
                              .\ARM_GCC_493\Debug\VTM16 Current Sensors.a(ADC_SAR_Seq_1_SAR.o) (__aeabi_fmul)
c:/program files (x86)/cypress/psoc creator/3.3/psoc creator/import/gnu/arm/4.9.3/bin/../lib/gcc/arm-none-eabi/4.9.3/armv7-m\libgcc.a(_aeabi_ldivmod.o)
                              .\ARM_GCC_493\Debug\VTM16 Current Sensors.a(ADC_SAR_Seq_1_SAR.o) (__aeabi_ldivmod)
c:/program files (x86)/cypress/psoc creator/3.3/psoc creator/import/gnu/arm/4.9.3/bin/../lib/gcc/arm-none-eabi/4.9.3/armv7-m\libgcc.a(bpabi.o)
                              c:/program files (x86)/cypress/psoc creator/3.3/psoc creator/import/gnu/arm/4.9.3/bin/../lib/gcc/arm-none-eabi/4.9.3/armv7-m\libgcc.a(_aeabi_ldivmod.o) (__gnu_ldivmod_helper)
c:/program files (x86)/cypress/psoc creator/3.3/psoc creator/import/gnu/arm/4.9.3/bin/../lib/gcc/arm-none-eabi/4.9.3/armv7-m\libgcc.a(_dvmd_tls.o)
                              c:/program files (x86)/cypress/psoc creator/3.3/psoc creator/import/gnu/arm/4.9.3/bin/../lib/gcc/arm-none-eabi/4.9.3/armv7-m\libgcc.a(_aeabi_ldivmod.o) (__aeabi_ldiv0)
c:/program files (x86)/cypress/psoc creator/3.3/psoc creator/import/gnu/arm/4.9.3/bin/../lib/gcc/arm-none-eabi/4.9.3/armv7-m\libgcc.a(_divdi3.o)
                              c:/program files (x86)/cypress/psoc creator/3.3/psoc creator/import/gnu/arm/4.9.3/bin/../lib/gcc/arm-none-eabi/4.9.3/armv7-m\libgcc.a(bpabi.o) (__divdi3)
c:/program files (x86)/cypress/psoc creator/3.3/psoc creator/import/gnu/arm/4.9.3/bin/../lib/gcc/arm-none-eabi/4.9.3/armv7-m\libgcc.a(_udivdi3.o)
[...]
Memory Configuration

Name             Origin             Length             Attributes
rom              0x00000000         0x00040000         xr
ram              0x1fff8000         0x00010000         xrw
*default*        0x00000000         0xffffffff

Linker script and memory map

LOAD c:/program files (x86)/cypress/psoc creator/3.3/psoc creator/import/gnu/arm/4.9.3/bin/../lib/gcc/arm-none-eabi/4.9.3/armv7-m/crti.o
LOAD c:/program files (x86)/cypress/psoc creator/3.3/psoc creator/import/gnu/arm/4.9.3/bin/../lib/gcc/arm-none-eabi/4.9.3/armv7-m/crtbegin.o
LOAD c:/program files (x86)/cypress/psoc creator/3.3/psoc creator/import/gnu/arm/4.9.3/bin/../lib/gcc/arm-none-eabi/4.9.3/../../../../arm-none-eabi/lib/armv7-m/crt0.o
START GROUP
LOAD .\ARM_GCC_493\Debug\main.o
LOAD .\ARM_GCC_493\Debug\cymetadata.o
LOAD .\ARM_GCC_493\Debug\Cm3Start.o
LOAD .\ARM_GCC_493\Debug\VTM16 Current Sensors.a
LOAD C:\Program Files (x86)\Cypress\PSoC Creator\3.3\PSoC Creator\psoc\content\cycomponentlibrary\CyComponentLibrary.cylib\CortexM3\ARM_GCC_493\Debug\CyComponentLibrary.a
END GROUP
START GROUP
LOAD c:/program files (x86)/cypress/psoc creator/3.3/psoc creator/import/gnu/arm/4.9.3/bin/../lib/gcc/arm-none-eabi/4.9.3/armv7-m\libgcc.a
LOAD c:/program files (x86)/cypress/psoc creator/3.3/psoc creator/import/gnu/arm/4.9.3/bin/../lib/gcc/arm-none-eabi/4.9.3/../../../../arm-none-eabi/lib/armv7-m\libg_nano.a
LOAD c:/program files (x86)/cypress/psoc creator/3.3/psoc creator/import/gnu/arm/4.9.3/bin/../lib/gcc/arm-none-eabi/4.9.3/../../../../arm-none-eabi/lib/armv7-m\libc_nano.a
END GROUP
START GROUP
LOAD c:/program files (x86)/cypress/psoc creator/3.3/psoc creator/import/gnu/arm/4.9.3/bin/../lib/gcc/arm-none-eabi/4.9.3/armv7-m\libgcc.a
LOAD c:/program files (x86)/cypress/psoc creator/3.3/psoc creator/import/gnu/arm/4.9.3/bin/../lib/gcc/arm-none-eabi/4.9.3/../../../../arm-none-eabi/lib/armv7-m\libc_nano.a
END GROUP
LOAD c:/program files (x86)/cypress/psoc creator/3.3/psoc creator/import/gnu/arm/4.9.3/bin/../lib/gcc/arm-none-eabi/4.9.3/armv7-m/crtend.o
LOAD c:/program files (x86)/cypress/psoc creator/3.3/psoc creator/import/gnu/arm/4.9.3/bin/../lib/gcc/arm-none-eabi/4.9.3/armv7-m/crtn.o
START GROUP
LOAD c:/program files (x86)/cypress/psoc creator/3.3/psoc creator/import/gnu/arm/4.9.3/bin/../lib/gcc/arm-none-eabi/4.9.3/armv7-m\libgcc.a
LOAD c:/program files (x86)/cypress/psoc creator/3.3/psoc creator/import/gnu/arm/4.9.3/bin/../lib/gcc/arm-none-eabi/4.9.3/../../../../arm-none-eabi/lib/armv7-m\libc.a
LOAD c:/program files (x86)/cypress/psoc creator/3.3/psoc creator/import/gnu/arm/4.9.3/bin/../lib/gcc/arm-none-eabi/4.9.3/../../../../arm-none-eabi/lib/armv7-m\libnosys.a
END GROUP
                0x00000000                CY_APPL_ORIGIN = 0x0
                0x00000100                CY_FLASH_ROW_SIZE = 0x100
                0x00000020                CY_ECC_ROW_SIZE = 0x20
                0x00000000                CY_EE_IN_BTLDR = 0x0
                0x00000000                CY_APPL_LOADABLE = 0x0
                0x00000800                CY_EE_SIZE = 0x800
                0x00000001                CY_APPL_NUM = 0x1
                0x00000001                CY_APPL_MAX = 0x1
                0x00000040                CY_METADATA_SIZE = 0x40
                0x00000000                CY_APPL_LOADABLE = 0x0
                0x00000000                CY_CHECKSUM_EXCLUDE_SIZE = ALIGN (0x0, CY_FLASH_ROW_SIZE)
                0x1fff8200                PROVIDE (__cy_heap_start, _end)
                0x00000001                PROVIDE (__cy_region_num, ((__cy_regions_end - __cy_regions) / 0x10))
                0x20008000                PROVIDE (__cy_stack, (ORIGIN (ram) + 0x10000))
                0x20007800                PROVIDE (__cy_heap_end, (__cy_stack - 0x800))

.cybootloader   0x00000000        0x0
 *(.cybootloader)
                0x00000000                appl1_start = CY_APPL_ORIGIN?CY_APPL_ORIGIN:ALIGN (CY_FLASH_ROW_SIZE)
                0x0001ff00                appl2_start = (appl1_start + ALIGN ((((0x40000 - appl1_start) - (0x2 * CY_FLASH_ROW_SIZE)) / 0x2), CY_FLASH_ROW_SIZE))
                0x00000000                appl_start = (CY_APPL_NUM == 0x1)?appl1_start:appl2_start
                0x00000000                ecc_offset = ((appl_start / CY_FLASH_ROW_SIZE) * CY_ECC_ROW_SIZE)
                0x00000000                ee_offset = (CY_APPL_LOADABLE && ! (CY_EE_IN_BTLDR))?((CY_EE_SIZE / CY_APPL_MAX) * (CY_APPL_NUM - 0x1)):0x0
                0x00000800                ee_size = (CY_APPL_LOADABLE && ! (CY_EE_IN_BTLDR))?(CY_EE_SIZE / CY_APPL_MAX):CY_EE_SIZE
                0x00000000                PROVIDE (CY_ECC_OFFSET, ecc_offset)

.text           0x00000000     0x2104
 CREATE_OBJECT_SYMBOLS
                0x00000000                PROVIDE (__cy_interrupt_vector, RomVectors)
 *(.romvectors)
 .romvectors    0x00000000       0x10 .\ARM_GCC_493\Debug\Cm3Start.o
                0x00000000                RomVectors
                0x00000001                ASSERT ((. != __cy_interrupt_vector), No interrupt vector)
                0x00000001                ASSERT (CY_APPL_ORIGIN?(SIZEOF (.cybootloader) <= CY_APPL_ORIGIN):0x1, Wrong image location)
                0x00000010                PROVIDE (__cy_reset, Reset)
 *(.text.Reset)
 .text.Reset    0x00000010       0x18 .\ARM_GCC_493\Debug\Cm3Start.o
                0x00000010                Reset
                0x00000001                ASSERT ((. != __cy_reset), No reset code)
 *(.dma_init)
                0x00000001                ASSERT ((((appl_start + .) <= 0x10000) || 0x1), DMA Init must be within the first 64k of flash)
 *(.text .text.* .gnu.linkonce.t.*)
 .text          0x00000028       0x5c c:/program files (x86)/cypress/psoc creator/3.3/psoc creator/import/gnu/arm/4.9.3/bin/../lib/gcc/arm-none-eabi/4.9.3/armv7-m/crtbegin.o
 .text.main     0x00000084      0x1e4 .\ARM_GCC_493\Debug\main.o
                0x00000084                main
 .text.IntDefaultHandler
                0x00000268        0x8 .\ARM_GCC_493\Debug\Cm3Start.o
                0x00000268                IntDefaultHandler
 .text._sbrk    0x00000270       0x50 .\ARM_GCC_493\Debug\Cm3Start.o
                0x00000270                _sbrk
 .text.Start_c  0x000002c0       0x98 .\ARM_GCC_493\Debug\Cm3Start.o
                0x000002c0                Start_c
 .text.initialize_psoc
                0x00000358       0x90 .\ARM_GCC_493\Debug\Cm3Start.o
                0x00000358                initialize_psoc
 .text.CYMEMZERO
                0x000003e8       0x1c .\ARM_GCC_493\Debug\VTM16 Current Sensors.a(cyfitter_cfg.o)
 .text.CYCONFIGCPY
                0x00000404       0x1c .\ARM_GCC_493\Debug\VTM16 Current Sensors.a(cyfitter_cfg.o)
 .text.CyClockStartupError
                0x00000420        0xc .\ARM_GCC_493\Debug\VTM16 Current Sensors.a(cyfitter_cfg.o)
 .text.cfg_write_bytes32
                0x0000042c       0x74 .\ARM_GCC_493\Debug\VTM16 Current Sensors.a(cyfitter_cfg.o)
 .text.ClockSetup
                0x000004a0      0x114 .\ARM_GCC_493\Debug\VTM16 Current Sensors.a(cyfitter_cfg.o)
 .text.AnalogSetDefault
                0x000005b4       0xac .\ARM_GCC_493\Debug\VTM16 Current Sensors.a(cyfitter_cfg.o)
 .text.cyfitter_cfg
                0x00000660      0x188 .\ARM_GCC_493\Debug\VTM16 Current Sensors.a(cyfitter_cfg.o)
                0x00000660                cyfitter_cfg
 .text.UART_1_Start
                0x000007e8       0x20 .\ARM_GCC_493\Debug\VTM16 Current Sensors.a(UART_1.o)
                0x000007e8                UART_1_Start
 .text.UART_1_Init
                0x00000808       0x40 .\ARM_GCC_493\Debug\VTM16 Current Sensors.a(UART_1.o)
                0x00000808                UART_1_Init
 .text.UART_1_Enable
                0x00000848       0x5c .\ARM_GCC_493\Debug\VTM16 Current Sensors.a(UART_1.o)
                0x00000848                UART_1_Enable
 .text.UART_1_GetChar
                0x000008a4       0x44 .\ARM_GCC_493\Debug\VTM16 Current Sensors.a(UART_1.o)
                0x000008a4                UART_1_GetChar
 .text.UART_1_PutChar
                0x000008e8       0x34 .\ARM_GCC_493\Debug\VTM16 Current Sensors.a(UART_1.o)
                0x000008e8                UART_1_PutChar
 .text.UART_1_PutString
                0x0000091c       0x40 .\ARM_GCC_493\Debug\VTM16 Current Sensors.a(UART_1.o)
                0x0000091c                UART_1_PutString
 .text.UART_1_IntClock_Start
                0x0000095c       0x34 .\ARM_GCC_493\Debug\VTM16 Current Sensors.a(UART_1_IntClock.o)
                0x0000095c                UART_1_IntClock_Start
 .text          0x00000990       0x20 .\ARM_GCC_493\Debug\VTM16 Current Sensors.a(CyBootAsmGnu.o)
                0x00000990                CyDelayCycles
                0x000009a0                CyEnterCriticalSection
                0x000009a8                CyExitCriticalSection
 .text.CyDmacConfigure
                0x000009b0       0x5c .\ARM_GCC_493\Debug\VTM16 Current Sensors.a(CyDmac.o)
                0x000009b0                CyDmacConfigure
 .text.CyDmaChEnable
                0x00000a0c       0x8c .\ARM_GCC_493\Debug\VTM16 Current Sensors.a(CyDmac.o)
                0x00000a0c                CyDmaChEnable
 .text.CyDmaClearPendingDrq
                0x00000a98       0x64 .\ARM_GCC_493\Debug\VTM16 Current Sensors.a(CyDmac.o)
                0x00000a98                CyDmaClearPendingDrq
 .text.CyDmaChPriority
                0x00000afc       0x60 .\ARM_GCC_493\Debug\VTM16 Current Sensors.a(CyDmac.o)
                0x00000afc                CyDmaChPriority
 .text.CyDmaChSetExtendedAddress
                0x00000b5c       0x7c .\ARM_GCC_493\Debug\VTM16 Current Sensors.a(CyDmac.o)
                0x00000b5c                CyDmaChSetExtendedAddress
 .text.CyDmaChSetInitialTd
                0x00000bd8       0x3c .\ARM_GCC_493\Debug\VTM16 Current Sensors.a(CyDmac.o)
                0x00000bd8                CyDmaChSetInitialTd
 .text.CyDmaChSetConfiguration
                0x00000c14       0xa0 .\ARM_GCC_493\Debug\VTM16 Current Sensors.a(CyDmac.o)
                0x00000c14                CyDmaChSetConfiguration
 .text.CyDmaTdAllocate
                0x00000cb4       0x5c .\ARM_GCC_493\Debug\VTM16 Current Sensors.a(CyDmac.o)
                0x00000cb4                CyDmaTdAllocate
 .text.CyDmaTdSetConfiguration
                0x00000d10       0x80 .\ARM_GCC_493\Debug\VTM16 Current Sensors.a(CyDmac.o)
                0x00000d10                CyDmaTdSetConfiguration
 .text.CyDmaTdSetAddress
                0x00000d90       0x5c .\ARM_GCC_493\Debug\VTM16 Current Sensors.a(CyDmac.o)
                0x00000d90                CyDmaTdSetAddress
 .text.CyHalt   0x00000dec       0x18 .\ARM_GCC_493\Debug\VTM16 Current Sensors.a(CyLib.o)
                0x00000dec                CyHalt
 .text.CyDelayUs
                0x00000e04       0x24 .\ARM_GCC_493\Debug\VTM16 Current Sensors.a(CyLib.o)
                0x00000e04                CyDelayUs
 .text.CyIntSetVector
                0x00000e28       0x50 .\ARM_GCC_493\Debug\VTM16 Current Sensors.a(CyLib.o)
                0x00000e28                CyIntSetVector
 .text.CyIntSetPriority
                0x00000e78       0x44 .\ARM_GCC_493\Debug\VTM16 Current Sensors.a(CyLib.o)
                0x00000e78                CyIntSetPriority
 .text.ADC_SAR_Seq_1_Init
                0x00000ebc       0x50 .\ARM_GCC_493\Debug\VTM16 Current Sensors.a(ADC_SAR_Seq_1.o)
                0x00000ebc                ADC_SAR_Seq_1_Init
 .text.ADC_SAR_Seq_1_Enable
                0x00000f0c      0x13c .\ARM_GCC_493\Debug\VTM16 Current Sensors.a(ADC_SAR_Seq_1.o)
                0x00000f0c                ADC_SAR_Seq_1_Enable
 .text.ADC_SAR_Seq_1_Start
                0x00001048       0x2c .\ARM_GCC_493\Debug\VTM16 Current Sensors.a(ADC_SAR_Seq_1.o)
                0x00001048                ADC_SAR_Seq_1_Start
 .text.ADC_SAR_Seq_1_StartConvert
                0x00001074        0xc .\ARM_GCC_493\Debug\VTM16 Current Sensors.a(ADC_SAR_Seq_1.o)
                0x00001074                ADC_SAR_Seq_1_StartConvert
 .text.ADC_SAR_Seq_1_IsEndConversion
                0x00001080       0x30 .\ARM_GCC_493\Debug\VTM16 Current Sensors.a(ADC_SAR_Seq_1.o)
                0x00001080                ADC_SAR_Seq_1_IsEndConversion
 .text.ADC_SAR_Seq_1_GetResult16
                0x000010b0       0x3c .\ARM_GCC_493\Debug\VTM16 Current Sensors.a(ADC_SAR_Seq_1.o)
                0x000010b0                ADC_SAR_Seq_1_GetResult16
 .text.ADC_SAR_Seq_1_CountsTo_mVolts
                0x000010ec       0x20 .\ARM_GCC_493\Debug\VTM16 Current Sensors.a(ADC_SAR_Seq_1.o)
                0x000010ec                ADC_SAR_Seq_1_CountsTo_mVolts
 .text.ADC_SAR_Seq_1_ISR
                0x0000110c        0xc .\ARM_GCC_493\Debug\VTM16 Current Sensors.a(ADC_SAR_Seq_1_INT.o)
                0x0000110c                ADC_SAR_Seq_1_ISR
 .text.ADC_SAR_Seq_1_SAR_Start
                0x00001118       0x20 .\ARM_GCC_493\Debug\VTM16 Current Sensors.a(ADC_SAR_Seq_1_SAR.o)
                0x00001118                ADC_SAR_Seq_1_SAR_Start
 .text.ADC_SAR_Seq_1_SAR_Init
                0x00001138       0x2c .\ARM_GCC_493\Debug\VTM16 Current Sensors.a(ADC_SAR_Seq_1_SAR.o)
                0x00001138                ADC_SAR_Seq_1_SAR_Init
 .text.ADC_SAR_Seq_1_SAR_Enable
                0x00001164       0xc0 .\ARM_GCC_493\Debug\VTM16 Current Sensors.a(ADC_SAR_Seq_1_SAR.o)
                0x00001164                ADC_SAR_Seq_1_SAR_Enable
 .text.ADC_SAR_Seq_1_SAR_SetResolution
                0x00001224       0x50 .\ARM_GCC_493\Debug\VTM16 Current Sensors.a(ADC_SAR_Seq_1_SAR.o)
                0x00001224                ADC_SAR_Seq_1_SAR_SetResolution
 .text.ADC_SAR_Seq_1_SAR_StartConvert
                0x00001274       0x20 .\ARM_GCC_493\Debug\VTM16 Current Sensors.a(ADC_SAR_Seq_1_SAR.o)
                0x00001274                ADC_SAR_Seq_1_SAR_StartConvert
 .text.ADC_SAR_Seq_1_SAR_CalcGain
                0x00001294       0x80 .\ARM_GCC_493\Debug\VTM16 Current Sensors.a(ADC_SAR_Seq_1_SAR.o)
 .text.ADC_SAR_Seq_1_SAR_CountsTo_mVolts
                0x00001314       0x8c .\ARM_GCC_493\Debug\VTM16 Current Sensors.a(ADC_SAR_Seq_1_SAR.o)
                0x00001314                ADC_SAR_Seq_1_SAR_CountsTo_mVolts
 .text.ADC_SAR_Seq_1_TempBuf_DmaInitialize
                0x000013a0       0x68 .\ARM_GCC_493\Debug\VTM16 Current Sensors.a(ADC_SAR_Seq_1_TempBuf_dma.o)
                0x000013a0                ADC_SAR_Seq_1_TempBuf_DmaInitialize
 .text.ADC_SAR_Seq_1_FinalBuf_DmaInitialize
                0x00001408       0x68 .\ARM_GCC_493\Debug\VTM16 Current Sensors.a(ADC_SAR_Seq_1_FinalBuf_dma.o)
                0x00001408                ADC_SAR_Seq_1_FinalBuf_DmaInitialize
 .text.ADC_SAR_Seq_1_IRQ_SetVector
                0x00001470       0x24 .\ARM_GCC_493\Debug\VTM16 Current Sensors.a(ADC_SAR_Seq_1_IRQ.o)
                0x00001470                ADC_SAR_Seq_1_IRQ_SetVector
 .text.ADC_SAR_Seq_1_IRQ_SetPriority
                0x00001494       0x24 .\ARM_GCC_493\Debug\VTM16 Current Sensors.a(ADC_SAR_Seq_1_IRQ.o)
                0x00001494                ADC_SAR_Seq_1_IRQ_SetPriority
 .text.EZI2C_1_Init
                0x000014b8       0x8c .\ARM_GCC_493\Debug\VTM16 Current Sensors.a(EZI2C_1.o)
                0x000014b8                EZI2C_1_Init
 .text.EZI2C_1_Enable
                0x00001544       0x50 .\ARM_GCC_493\Debug\VTM16 Current Sensors.a(EZI2C_1.o)
                0x00001544                EZI2C_1_Enable
 .text.EZI2C_1_Start
                0x00001594       0x20 .\ARM_GCC_493\Debug\VTM16 Current Sensors.a(EZI2C_1.o)
                0x00001594                EZI2C_1_Start
 .text.EZI2C_1_SetBuffer1
                0x000015b4       0x6c .\ARM_GCC_493\Debug\VTM16 Current Sensors.a(EZI2C_1.o)
                0x000015b4                EZI2C_1_SetBuffer1
 .text.EZI2C_1_ISR
                0x00001620      0x250 .\ARM_GCC_493\Debug\VTM16 Current Sensors.a(EZI2C_1_INT.o)
                0x00001620                EZI2C_1_ISR
 .text.__errno  0x00001870        0xc c:/program files (x86)/cypress/psoc creator/3.3/psoc creator/import/gnu/arm/4.9.3/bin/../lib/gcc/arm-none-eabi/4.9.3/../../../../arm-none-eabi/lib/armv7-m\libg_nano.a(lib_a-errno.o)
                0x00001870                __errno
 .text.__libc_init_array
                0x0000187c       0x4c c:/program files (x86)/cypress/psoc creator/3.3/psoc creator/import/gnu/arm/4.9.3/bin/../lib/gcc/arm-none-eabi/4.9.3/../../../../arm-none-eabi/lib/armv7-m\libg_nano.a(lib_a-init.o)
                0x0000187c                __libc_init_array
 .text.memcpy   0x000018c8       0x16 c:/program files (x86)/cypress/psoc creator/3.3/psoc creator/import/gnu/arm/4.9.3/bin/../lib/gcc/arm-none-eabi/4.9.3/../../../../arm-none-eabi/lib/armv7-m\libg_nano.a(lib_a-memcpy.o)
                0x000018c8                memcpy
 .text.memset   0x000018de       0x10 c:/program files (x86)/cypress/psoc creator/3.3/psoc creator/import/gnu/arm/4.9.3/bin/../lib/gcc/arm-none-eabi/4.9.3/../../../../arm-none-eabi/lib/armv7-m\libg_nano.a(lib_a-memset.o)
                0x000018de                memset
 *fill*         0x000018ee        0x2 
 .text.sprintf  0x000018f0       0x48 c:/program files (x86)/cypress/psoc creator/3.3/psoc creator/import/gnu/arm/4.9.3/bin/../lib/gcc/arm-none-eabi/4.9.3/../../../../arm-none-eabi/lib/armv7-m\libg_nano.a(lib_a-sprintf.o)
                0x000018f0                siprintf
                0x000018f0                sprintf
 .text.__ssputs_r
                0x00001938       0xb2 c:/program files (x86)/cypress/psoc creator/3.3/psoc creator/import/gnu/arm/4.9.3/bin/../lib/gcc/arm-none-eabi/4.9.3/../../../../arm-none-eabi/lib/armv7-m\libg_nano.a(lib_a-nano-svfprintf.o)
                0x00001938                __ssputs_r
 *fill*         0x000019ea        0x2 
 .text._svfprintf_r
                0x000019ec      0x1e4 c:/program files (x86)/cypress/psoc creator/3.3/psoc creator/import/gnu/arm/4.9.3/bin/../lib/gcc/arm-none-eabi/4.9.3/../../../../arm-none-eabi/lib/armv7-m\libg_nano.a(lib_a-nano-svfprintf.o)
                0x000019ec                _svfiprintf_r
                0x000019ec                _svfprintf_r
 .text._printf_common
                0x00001bd0       0xea c:/program files (x86)/cypress/psoc creator/3.3/psoc creator/import/gnu/arm/4.9.3/bin/../lib/gcc/arm-none-eabi/4.9.3/../../../../arm-none-eabi/lib/armv7-m\libg_nano.a(lib_a-nano-vfprintf_i.o)
                0x00001bd0                _printf_common
 *fill*         0x00001cba        0x2 
 .text._printf_i
                0x00001cbc      0x240 c:/program files (x86)/cypress/psoc creator/3.3/psoc creator/import/gnu/arm/4.9.3/bin/../lib/gcc/arm-none-eabi/4.9.3/../../../../arm-none-eabi/lib/armv7-m\libg_nano.a(lib_a-nano-vfprintf_i.o)
                0x00001cbc                _printf_i
 .text.memchr   0x00001efc       0x1c c:/program files (x86)/cypress/psoc creator/3.3/psoc creator/import/gnu/arm/4.9.3/bin/../lib/gcc/arm-none-eabi/4.9.3/../../../../arm-none-eabi/lib/armv7-m\libg_nano.a(lib_a-memchr.o)
                0x00001efc                memchr
 .text.memmove  0x00001f18       0x36 c:/program files (x86)/cypress/psoc creator/3.3/psoc creator/import/gnu/arm/4.9.3/bin/../lib/gcc/arm-none-eabi/4.9.3/../../../../arm-none-eabi/lib/armv7-m\libg_nano.a(lib_a-memmove.o)
                0x00001f18                memmove
 *fill*         0x00001f4e        0x2 
 .text._free_r  0x00001f50       0x88 c:/program files (x86)/cypress/psoc creator/3.3/psoc creator/import/gnu/arm/4.9.3/bin/../lib/gcc/arm-none-eabi/4.9.3/../../../../arm-none-eabi/lib/armv7-m\libg_nano.a(lib_a-nano-freer.o)
                0x00001f50                _free_r
 .text._malloc_r
                0x00001fd8       0xac c:/program files (x86)/cypress/psoc creator/3.3/psoc creator/import/gnu/arm/4.9.3/bin/../lib/gcc/arm-none-eabi/4.9.3/../../../../arm-none-eabi/lib/armv7-m\libg_nano.a(lib_a-nano-mallocr.o)
                0x00001fd8                _malloc_r
 .text._realloc_r
                0x00002084       0x4c c:/program files (x86)/cypress/psoc creator/3.3/psoc creator/import/gnu/arm/4.9.3/bin/../lib/gcc/arm-none-eabi/4.9.3/../../../../arm-none-eabi/lib/armv7-m\libg_nano.a(lib_a-nano-reallocr.o)
                0x00002084                _realloc_r
 .text._sbrk_r  0x000020d0       0x20 c:/program files (x86)/cypress/psoc creator/3.3/psoc creator/import/gnu/arm/4.9.3/bin/../lib/gcc/arm-none-eabi/4.9.3/../../../../arm-none-eabi/lib/armv7-m\libg_nano.a(lib_a-sbrkr.o)
                0x000020d0                _sbrk_r
 .text._malloc_usable_size_r
                0x000020f0       0x14 c:/program files (x86)/cypress/psoc creator/3.3/psoc creator/import/gnu/arm/4.9.3/bin/../lib/gcc/arm-none-eabi/4.9.3/../../../../arm-none-eabi/lib/armv7-m\libg_nano.a(lib_a-nano-msizer.o)
                0x000020f0                _malloc_usable_size_r
 *(.plt)
 *(.gnu.warning)
 *(.glue_7t)
 .glue_7t       0x00000000        0x0 linker stubs
 *(.glue_7)
 .glue_7        0x00000000        0x0 linker stubs
 *(.vfp11_veneer)
 .vfp11_veneer  0x00000000        0x0 linker stubs
 *(.bootloader)
 *(.ARM.extab* .gnu.linkonce.armextab.*)
 *(.gcc_except_table)

.v4_bx          0x00002104        0x0
 .v4_bx         0x00000000        0x0 linker stubs

.iplt           0x00002104        0x0
 .iplt          0x00000000        0x0 c:/program files (x86)/cypress/psoc creator/3.3/psoc creator/import/gnu/arm/4.9.3/bin/../lib/gcc/arm-none-eabi/4.9.3/armv7-m/crtbegin.o

.eh_frame_hdr
 *(.eh_frame_hdr)

.eh_frame       0x00002104        0x4
 *(.eh_frame)
 .eh_frame      0x00002104        0x0 c:/program files (x86)/cypress/psoc creator/3.3/psoc creator/import/gnu/arm/4.9.3/bin/../lib/gcc/arm-none-eabi/4.9.3/armv7-m/crtbegin.o
 .eh_frame      0x00002104        0x4 c:/program files (x86)/cypress/psoc creator/3.3/psoc creator/import/gnu/arm/4.9.3/bin/../lib/gcc/arm-none-eabi/4.9.3/armv7-m/crtend.o
                0x00002108                PROVIDE (__exidx_start, .)

.ARM.exidx
 *(.ARM.exidx* .gnu.linkonce.armexidx.*)
                0x00002108                __exidx_end = .

.rodata         0x00002108      0x148
 *(.rodata .rodata.* .gnu.linkonce.r.*)
 .rodata        0x00002108       0xa0 .\ARM_GCC_493\Debug\main.o
 .rodata        0x000021a8       0x3c .\ARM_GCC_493\Debug\VTM16 Current Sensors.a(cyfitter_cfg.o)
 .rodata.str1.1
                0x000021e4        0x2 c:/program files (x86)/cypress/psoc creator/3.3/psoc creator/import/gnu/arm/4.9.3/bin/../lib/gcc/arm-none-eabi/4.9.3/../../../../arm-none-eabi/lib/armv7-m\libg_nano.a(lib_a-impure.o)
 .rodata.str1.1
                0x000021e6       0x11 c:/program files (x86)/cypress/psoc creator/3.3/psoc creator/import/gnu/arm/4.9.3/bin/../lib/gcc/arm-none-eabi/4.9.3/../../../../arm-none-eabi/lib/armv7-m\libg_nano.a(lib_a-nano-svfprintf.o)
 .rodata.str1.1
                0x000021f7       0x22 c:/program files (x86)/cypress/psoc creator/3.3/psoc creator/import/gnu/arm/4.9.3/bin/../lib/gcc/arm-none-eabi/4.9.3/../../../../arm-none-eabi/lib/armv7-m\libg_nano.a(lib_a-nano-vfprintf_i.o)
                0x0000221c                . = ALIGN (0x4)
 *fill*         0x00002219        0x3 
 *(.init)
 .init          0x0000221c        0x4 c:/program files (x86)/cypress/psoc creator/3.3/psoc creator/import/gnu/arm/4.9.3/bin/../lib/gcc/arm-none-eabi/4.9.3/armv7-m/crti.o
                0x0000221c                _init
 .init          0x00002220        0x8 c:/program files (x86)/cypress/psoc creator/3.3/psoc creator/import/gnu/arm/4.9.3/bin/../lib/gcc/arm-none-eabi/4.9.3/armv7-m/crtn.o
                0x00002228                . = ALIGN (0x4)
                0x00002228                __preinit_array_start = .
 *(.preinit_array)
                0x00002228                __preinit_array_end = .
                0x00002228                . = ALIGN (0x4)
                0x00002228                __init_array_start = .
 *(SORT(.init_array.*))
 *(.init_array)
 .init_array    0x00002228        0x4 c:/program files (x86)/cypress/psoc creator/3.3/psoc creator/import/gnu/arm/4.9.3/bin/../lib/gcc/arm-none-eabi/4.9.3/armv7-m/crtbegin.o
 .init_array    0x0000222c        0x4 .\ARM_GCC_493\Debug\Cm3Start.o
                0x00002230                __init_array_end = .
                0x00002230                . = ALIGN (0x4)
 *(.fini)
 .fini          0x00002230        0x4 c:/program files (x86)/cypress/psoc creator/3.3/psoc creator/import/gnu/arm/4.9.3/bin/../lib/gcc/arm-none-eabi/4.9.3/armv7-m/crti.o
                0x00002230                _fini
 .fini          0x00002234        0x8 c:/program files (x86)/cypress/psoc creator/3.3/psoc creator/import/gnu/arm/4.9.3/bin/../lib/gcc/arm-none-eabi/4.9.3/armv7-m/crtn.o
                0x0000223c                . = ALIGN (0x4)
                0x0000223c                __fini_array_start = .
 *(.fini_array)
 .fini_array    0x0000223c        0x4 c:/program files (x86)/cypress/psoc creator/3.3/psoc creator/import/gnu/arm/4.9.3/bin/../lib/gcc/arm-none-eabi/4.9.3/armv7-m/crtbegin.o
 *(SORT(.fini_array.*))
                0x00002240                __fini_array_end = .
                0x00002240                . = ALIGN (0x4)
 *crtbegin.o(.ctors)
 *(EXCLUDE_FILE(*crtend.o) .ctors)
 *(SORT(.ctors.*))
 *crtend.o(.ctors)
                0x00002240                . = ALIGN (0x4)
 *crtbegin.o(.dtors)
 *(EXCLUDE_FILE(*crtend.o) .dtors)
 *(SORT(.dtors.*))
 *crtend.o(.dtors)
                0x00002240                . = ALIGN (0x4)
                0x00002240                __cy_regions = .
                0x00002240        0x4 LONG 0x2250 __cy_region_init_ram
                0x00002244        0x4 LONG 0x1fff8108 __cy_region_start_data
                0x00002248        0x4 LONG 0x88 __cy_region_init_size_ram
                0x0000224c        0x4 LONG 0x70 __cy_region_zero_size_ram
                0x00002250                __cy_regions_end = .
                0x00002250                . = ALIGN (0x8)
                0x00002250                _etext = .

.cy_checksum_exclude
                0x00002250        0x0
 *(.cy_checksum_exclude)

.ramvectors     0x1fff8000      0x100
                0x1fff8000                __cy_region_start_ram = .
 *(.ramvectors)
 .ramvectors    0x1fff8000      0x100 .\ARM_GCC_493\Debug\Cm3Start.o
                0x1fff8000                CyRamVectors

.noinit         0x1fff8100        0x5
 *(.noinit)
 .noinit        0x1fff8100        0x4 .\ARM_GCC_493\Debug\Cm3Start.o
 .noinit        0x1fff8104        0x1 .\ARM_GCC_493\Debug\VTM16 Current Sensors.a(CyLib.o)
                0x1fff8104                CyResetStatus

.data           0x1fff8108       0x88 load address 0x00002250
                0x1fff8108                __cy_region_start_data = .
 *(.jcr)
 .jcr           0x1fff8108        0x0 c:/program files (x86)/cypress/psoc creator/3.3/psoc creator/import/gnu/arm/4.9.3/bin/../lib/gcc/arm-none-eabi/4.9.3/armv7-m/crtbegin.o
 .jcr           0x1fff8108        0x4 c:/program files (x86)/cypress/psoc creator/3.3/psoc creator/import/gnu/arm/4.9.3/bin/../lib/gcc/arm-none-eabi/4.9.3/armv7-m/crtend.o
 *(.got.plt)
 *(.got)
 *(.shdata)
 *(.data .data.* .gnu.linkonce.d.*)
 .data          0x1fff810c        0x4 .\ARM_GCC_493\Debug\Cm3Start.o
 .data          0x1fff8110        0x8 .\ARM_GCC_493\Debug\VTM16 Current Sensors.a(CyDmac.o)
 .data          0x1fff8118       0x10 .\ARM_GCC_493\Debug\VTM16 Current Sensors.a(CyLib.o)
                0x1fff8118                cydelay_freq_hz
                0x1fff811c                cydelay_freq_khz
                0x1fff8120                cydelay_freq_mhz
                0x1fff8124                cydelay_32k_ms
 .data          0x1fff8128        0x2 .\ARM_GCC_493\Debug\VTM16 Current Sensors.a(ADC_SAR_Seq_1.o)
 .data          0x1fff812a        0x1 .\ARM_GCC_493\Debug\VTM16 Current Sensors.a(ADC_SAR_Seq_1_TempBuf_dma.o)
                0x1fff812a                ADC_SAR_Seq_1_TempBuf_DmaHandle
 .data          0x1fff812b        0x1 .\ARM_GCC_493\Debug\VTM16 Current Sensors.a(ADC_SAR_Seq_1_FinalBuf_dma.o)
                0x1fff812b                ADC_SAR_Seq_1_FinalBuf_DmaHandle
 .data.impure_data
                0x1fff812c       0x60 c:/program files (x86)/cypress/psoc creator/3.3/psoc creator/import/gnu/arm/4.9.3/bin/../lib/gcc/arm-none-eabi/4.9.3/../../../../arm-none-eabi/lib/armv7-m\libg_nano.a(lib_a-impure.o)
 .data._impure_ptr
                0x1fff818c        0x4 c:/program files (x86)/cypress/psoc creator/3.3/psoc creator/import/gnu/arm/4.9.3/bin/../lib/gcc/arm-none-eabi/4.9.3/../../../../arm-none-eabi/lib/armv7-m\libg_nano.a(lib_a-impure.o)
                0x1fff818c                _impure_ptr
                0x1fff8190                . = ALIGN (0x8)
 *(.ram)
                0x1fff8190                _edata = .

.igot.plt       0x1fff8190        0x0 load address 0x000022d8
 .igot.plt      0x00000000        0x0 c:/program files (x86)/cypress/psoc creator/3.3/psoc creator/import/gnu/arm/4.9.3/bin/../lib/gcc/arm-none-eabi/4.9.3/armv7-m/crtbegin.o

.bss            0x1fff8190       0x70 load address 0x000022d8
                0x1fff8190                PROVIDE (__bss_start__, .)
 *(.shbss)
 *(.bss .bss.* .gnu.linkonce.b.*)
 .bss           0x1fff8190       0x1c c:/program files (x86)/cypress/psoc creator/3.3/psoc creator/import/gnu/arm/4.9.3/bin/../lib/gcc/arm-none-eabi/4.9.3/armv7-m/crtbegin.o
 .bss           0x1fff81ac        0x2 .\ARM_GCC_493\Debug\VTM16 Current Sensors.a(UART_1.o)
                0x1fff81ac                UART_1_initVar
 *fill*         0x1fff81ae        0x2 
 .bss           0x1fff81b0       0x14 .\ARM_GCC_493\Debug\VTM16 Current Sensors.a(ADC_SAR_Seq_1.o)
                0x1fff81b0                ADC_SAR_Seq_1_initVar
 .bss           0x1fff81c4        0x1 .\ARM_GCC_493\Debug\VTM16 Current Sensors.a(ADC_SAR_Seq_1_SAR.o)
                0x1fff81c4                ADC_SAR_Seq_1_SAR_initVar
 .bss           0x1fff81c5        0x1 .\ARM_GCC_493\Debug\VTM16 Current Sensors.a(EZI2C_1.o)
                0x1fff81c5                EZI2C_1_initVar
 .bss           0x1fff81c6        0x2 .\ARM_GCC_493\Debug\VTM16 Current Sensors.a(EZI2C_1_INT.o)
 .bss.__malloc_sbrk_start
                0x1fff81c8        0x4 c:/program files (x86)/cypress/psoc creator/3.3/psoc creator/import/gnu/arm/4.9.3/bin/../lib/gcc/arm-none-eabi/4.9.3/../../../../arm-none-eabi/lib/armv7-m\libg_nano.a(lib_a-nano-mallocr.o)
                0x1fff81c8                __malloc_sbrk_start
 .bss.__malloc_free_list
                0x1fff81cc        0x4 c:/program files (x86)/cypress/psoc creator/3.3/psoc creator/import/gnu/arm/4.9.3/bin/../lib/gcc/arm-none-eabi/4.9.3/../../../../arm-none-eabi/lib/armv7-m\libg_nano.a(lib_a-nano-mallocr.o)
                0x1fff81cc                __malloc_free_list
 *(COMMON)
 COMMON         0x1fff81d0        0xc .\ARM_GCC_493\Debug\VTM16 Current Sensors.a(ADC_SAR_Seq_1.o)
                0x1fff81d0                ADC_SAR_Seq_1_finalArray
 COMMON         0x1fff81dc        0xa .\ARM_GCC_493\Debug\VTM16 Current Sensors.a(ADC_SAR_Seq_1_SAR.o)
                0x1fff81dc                ADC_SAR_Seq_1_SAR_countsPerVolt
                0x1fff81de                ADC_SAR_Seq_1_SAR_offset
                0x1fff81e0                ADC_SAR_Seq_1_SAR_countsPer10Volt
                0x1fff81e4                ADC_SAR_Seq_1_SAR_shift
 *fill*         0x1fff81e6        0x2 
 COMMON         0x1fff81e8        0xd .\ARM_GCC_493\Debug\VTM16 Current Sensors.a(EZI2C_1.o)
                0x1fff81e8                EZI2C_1_dataPtrS1
                0x1fff81ec                EZI2C_1_curStatus
                0x1fff81ee                EZI2C_1_bufSizeS1
                0x1fff81f0                EZI2C_1_wrProtectS1
                0x1fff81f2                EZI2C_1_curState
                0x1fff81f3                EZI2C_1_rwIndexS1
                0x1fff81f4                EZI2C_1_rwOffsetS1
 *fill*         0x1fff81f5        0x3 
 COMMON         0x1fff81f8        0x4 c:/program files (x86)/cypress/psoc creator/3.3/psoc creator/import/gnu/arm/4.9.3/bin/../lib/gcc/arm-none-eabi/4.9.3/../../../../arm-none-eabi/lib/armv7-m\libg_nano.a(lib_a-reent.o)
                0x1fff81f8                errno
                0x1fff8200                . = ALIGN (0x8)
 *fill*         0x1fff81fc        0x4 
 *(.ram.b)
                0x1fff8200                _end = .
                0x1fff8200                __end = .
                0x1fff8200                PROVIDE (end, .)
                0x1fff8200                PROVIDE (__bss_end__, .)
                0x00002250                __cy_region_init_ram = LOADADDR (.data)
                0x00000088                __cy_region_init_size_ram = (_edata - ADDR (.data))
                0x00000070                __cy_region_zero_size_ram = (_end - _edata)

.heap           0x1fff8200       0x80 load address 0x000022d8
                0x1fff8200                . = _end
                0x1fff8280                . = (. + 0x80)
 *fill*         0x1fff8200       0x80 
                0x1fff8280                __cy_heap_limit = .

.stack          0x20007800      0x800
                0x20007800                __cy_stack_limit = .
                0x20008000                . = (. + 0x800)
 *fill*         0x20007800      0x800 
                0x00000001                ASSERT ((__cy_stack_limit >= __cy_heap_limit), region RAM overflowed with stack)
                0x00000000                cy_checksum_exclude_size = (CY_APPL_LOADABLE == 0x1)?SIZEOF (.cy_checksum_exclude):0x0
                0x00000001                ASSERT ((cy_checksum_exclude_size <= CY_CHECKSUM_EXCLUDE_SIZE), CY_BOOT: Section .cy_checksum_exclude size exceedes specified limit.)

.cyloadermeta
 *(.cyloadermeta)

.cyloadablemeta
 *(.cyloadablemeta)

.cyconfigecc    0x80000000      0x810
 *(.cyconfigecc)
 .cyconfigecc   0x80000000      0x810 .\ARM_GCC_493\Debug\cymetadata.o
                0x80000000                cy_meta_configecc

.cycustnvl      0x90000000        0x4
 *(.cycustnvl)
 .cycustnvl     0x90000000        0x4 .\ARM_GCC_493\Debug\cymetadata.o
                0x90000000                cy_meta_custnvl

.cywolatch      0x90100000        0x4
 *(.cywolatch)
 .cywolatch     0x90100000        0x4 .\ARM_GCC_493\Debug\cymetadata.o
                0x90100000                cy_meta_wonvl

.cyeeprom       0x90200000        0x0
 *(.cyeeprom)
                0x00000001                ASSERT ((. <= ((0x90200000 + ee_offset) + ee_size)), .cyeeprom data will not fit in EEPROM)

.cyflashprotect
                0x90400000      0x100
 *(.cyflashprotect)
 .cyflashprotect
                0x90400000      0x100 .\ARM_GCC_493\Debug\cymetadata.o
                0x90400000                cy_meta_flashprotect

.cymeta         0x90500000        0xc
 *(.cymeta)
 .cymeta        0x90500000        0xc .\ARM_GCC_493\Debug\cymetadata.o
                0x90500000                cy_metadata

.rel.dyn        0x000022d8        0x0 load address 0x9050000c
 .rel.iplt      0x00000000        0x0 c:/program files (x86)/cypress/psoc creator/3.3/psoc creator/import/gnu/arm/4.9.3/bin/../lib/gcc/arm-none-eabi/4.9.3/armv7-m/crtbegin.o

.stab
 *(.stab)

.stabstr
 *(.stabstr)

.debug
 *(.debug)

.line
 *(.line)

.debug_srcinfo
 *(.debug_srcinfo)

.debug_sfnames
 *(.debug_sfnames)

.debug_aranges  0x00000000      0xa50
 *(.debug_aranges)
 .debug_aranges
                0x00000000       0x20 .\ARM_GCC_493\Debug\main.o
 .debug_aranges
                0x00000020       0x18 .\ARM_GCC_493\Debug\cymetadata.o
 .debug_aranges
                0x00000038       0x48 .\ARM_GCC_493\Debug\Cm3Start.o
 .debug_aranges
                0x00000080       0x60 .\ARM_GCC_493\Debug\VTM16 Current Sensors.a(cyfitter_cfg.o)
 .debug_aranges
                0x000000e0       0xf0 .\ARM_GCC_493\Debug\VTM16 Current Sensors.a(UART_1.o)
 .debug_aranges
                0x000001d0       0x70 .\ARM_GCC_493\Debug\VTM16 Current Sensors.a(UART_1_IntClock.o)
 .debug_aranges
                0x00000240       0x20 .\ARM_GCC_493\Debug\VTM16 Current Sensors.a(CyBootAsmGnu.o)
 .debug_aranges
                0x00000260       0xd8 .\ARM_GCC_493\Debug\VTM16 Current Sensors.a(CyDmac.o)
 .debug_aranges
                0x00000338      0x298 .\ARM_GCC_493\Debug\VTM16 Current Sensors.a(CyLib.o)
 .debug_aranges
                0x000005d0       0x98 .\ARM_GCC_493\Debug\VTM16 Current Sensors.a(cyPm.o)
 .debug_aranges
                0x00000668       0xa0 .\ARM_GCC_493\Debug\VTM16 Current Sensors.a(ADC_SAR_Seq_1.o)
 .debug_aranges
                0x00000708       0x20 .\ARM_GCC_493\Debug\VTM16 Current Sensors.a(ADC_SAR_Seq_1_INT.o)
 .debug_aranges
                0x00000728       0xa8 .\ARM_GCC_493\Debug\VTM16 Current Sensors.a(ADC_SAR_Seq_1_SAR.o)
 .debug_aranges
                0x000007d0       0x28 .\ARM_GCC_493\Debug\VTM16 Current Sensors.a(ADC_SAR_Seq_1_TempBuf_dma.o)
 .debug_aranges
                0x000007f8       0x28 .\ARM_GCC_493\Debug\VTM16 Current Sensors.a(ADC_SAR_Seq_1_FinalBuf_dma.o)
 .debug_aranges
                0x00000820       0x80 .\ARM_GCC_493\Debug\VTM16 Current Sensors.a(ADC_SAR_Seq_1_IRQ.o)
 .debug_aranges
                0x000008a0       0x58 .\ARM_GCC_493\Debug\VTM16 Current Sensors.a(EZI2C_1.o)
 .debug_aranges
                0x000008f8       0x38 .\ARM_GCC_493\Debug\VTM16 Current Sensors.a(EZI2C_1_PM.o)
 .debug_aranges
                0x00000930       0x28 .\ARM_GCC_493\Debug\VTM16 Current Sensors.a(EZI2C_1_INT.o)
 .debug_aranges
                0x00000958       0x80 .\ARM_GCC_493\Debug\VTM16 Current Sensors.a(CyFlash.o)
 .debug_aranges
                0x000009d8       0x78 .\ARM_GCC_493\Debug\VTM16 Current Sensors.a(CySpc.o)

.debug_pubnames
 *(.debug_pubnames)

.debug_info     0x00000000     0x494a
 *(.debug_info .gnu.linkonce.wi.*)
 .debug_info    0x00000000      0x1a0 .\ARM_GCC_493\Debug\main.o
 .debug_info    0x000001a0      0x13e .\ARM_GCC_493\Debug\cymetadata.o
 .debug_info    0x000002de      0x317 .\ARM_GCC_493\Debug\Cm3Start.o
 .debug_info    0x000005f5      0x466 .\ARM_GCC_493\Debug\VTM16 Current Sensors.a(cyfitter_cfg.o)
 .debug_info    0x00000a5b      0x500 .\ARM_GCC_493\Debug\VTM16 Current Sensors.a(UART_1.o)
 .debug_info    0x00000f5b      0x25b .\ARM_GCC_493\Debug\VTM16 Current Sensors.a(UART_1_IntClock.o)
 .debug_info    0x000011b6       0xb5 .\ARM_GCC_493\Debug\VTM16 Current Sensors.a(CyBootAsmGnu.o)
 .debug_info    0x0000126b      0x8b1 .\ARM_GCC_493\Debug\VTM16 Current Sensors.a(CyDmac.o)
 .debug_info    0x00001b1c      0xe31 .\ARM_GCC_493\Debug\VTM16 Current Sensors.a(CyLib.o)
 .debug_info    0x0000294d      0x55f .\ARM_GCC_493\Debug\VTM16 Current Sensors.a(cyPm.o)
 .debug_info    0x00002eac      0x39e .\ARM_GCC_493\Debug\VTM16 Current Sensors.a(ADC_SAR_Seq_1.o)
 .debug_info    0x0000324a       0x99 .\ARM_GCC_493\Debug\VTM16 Current Sensors.a(ADC_SAR_Seq_1_INT.o)
 .debug_info    0x000032e3      0x454 .\ARM_GCC_493\Debug\VTM16 Current Sensors.a(ADC_SAR_Seq_1_SAR.o)
 .debug_info    0x00003737      0x112 .\ARM_GCC_493\Debug\VTM16 Current Sensors.a(ADC_SAR_Seq_1_TempBuf_dma.o)
 .debug_info    0x00003849      0x112 .\ARM_GCC_493\Debug\VTM16 Current Sensors.a(ADC_SAR_Seq_1_FinalBuf_dma.o)
 .debug_info    0x0000395b      0x238 .\ARM_GCC_493\Debug\VTM16 Current Sensors.a(ADC_SAR_Seq_1_IRQ.o)
 .debug_info    0x00003b93      0x2e7 .\ARM_GCC_493\Debug\VTM16 Current Sensors.a(EZI2C_1.o)
 .debug_info    0x00003e7a      0x1b4 .\ARM_GCC_493\Debug\VTM16 Current Sensors.a(EZI2C_1_PM.o)
 .debug_info    0x0000402e      0x15c .\ARM_GCC_493\Debug\VTM16 Current Sensors.a(EZI2C_1_INT.o)
 .debug_info    0x0000418a      0x36a .\ARM_GCC_493\Debug\VTM16 Current Sensors.a(CyFlash.o)
 .debug_info    0x000044f4      0x456 .\ARM_GCC_493\Debug\VTM16 Current Sensors.a(CySpc.o)

.debug_abbrev   0x00000000     0x1777
 *(.debug_abbrev)
 .debug_abbrev  0x00000000       0x97 .\ARM_GCC_493\Debug\main.o
 .debug_abbrev  0x00000097       0x77 .\ARM_GCC_493\Debug\cymetadata.o
 .debug_abbrev  0x0000010e      0x1b6 .\ARM_GCC_493\Debug\Cm3Start.o
 .debug_abbrev  0x000002c4      0x1b7 .\ARM_GCC_493\Debug\VTM16 Current Sensors.a(cyfitter_cfg.o)
 .debug_abbrev  0x0000047b      0x170 .\ARM_GCC_493\Debug\VTM16 Current Sensors.a(UART_1.o)
 .debug_abbrev  0x000005eb      0x12a .\ARM_GCC_493\Debug\VTM16 Current Sensors.a(UART_1_IntClock.o)
 .debug_abbrev  0x00000715       0x14 .\ARM_GCC_493\Debug\VTM16 Current Sensors.a(CyBootAsmGnu.o)
 .debug_abbrev  0x00000729      0x194 .\ARM_GCC_493\Debug\VTM16 Current Sensors.a(CyDmac.o)
 .debug_abbrev  0x000008bd      0x217 .\ARM_GCC_493\Debug\VTM16 Current Sensors.a(CyLib.o)
 .debug_abbrev  0x00000ad4      0x16e .\ARM_GCC_493\Debug\VTM16 Current Sensors.a(cyPm.o)
 .debug_abbrev  0x00000c42      0x162 .\ARM_GCC_493\Debug\VTM16 Current Sensors.a(ADC_SAR_Seq_1.o)
 .debug_abbrev  0x00000da4       0x42 .\ARM_GCC_493\Debug\VTM16 Current Sensors.a(ADC_SAR_Seq_1_INT.o)
 .debug_abbrev  0x00000de6      0x180 .\ARM_GCC_493\Debug\VTM16 Current Sensors.a(ADC_SAR_Seq_1_SAR.o)
 .debug_abbrev  0x00000f66       0x8b .\ARM_GCC_493\Debug\VTM16 Current Sensors.a(ADC_SAR_Seq_1_TempBuf_dma.o)
 .debug_abbrev  0x00000ff1       0x8b .\ARM_GCC_493\Debug\VTM16 Current Sensors.a(ADC_SAR_Seq_1_FinalBuf_dma.o)
 .debug_abbrev  0x0000107c      0x17f .\ARM_GCC_493\Debug\VTM16 Current Sensors.a(ADC_SAR_Seq_1_IRQ.o)
 .debug_abbrev  0x000011fb      0x150 .\ARM_GCC_493\Debug\VTM16 Current Sensors.a(EZI2C_1.o)
 .debug_abbrev  0x0000134b       0xe0 .\ARM_GCC_493\Debug\VTM16 Current Sensors.a(EZI2C_1_PM.o)
 .debug_abbrev  0x0000142b       0xa6 .\ARM_GCC_493\Debug\VTM16 Current Sensors.a(EZI2C_1_INT.o)
 .debug_abbrev  0x000014d1      0x12d .\ARM_GCC_493\Debug\VTM16 Current Sensors.a(CyFlash.o)
 .debug_abbrev  0x000015fe      0x179 .\ARM_GCC_493\Debug\VTM16 Current Sensors.a(CySpc.o)

.debug_line     0x00000000     0x27bc
 *(.debug_line)
 .debug_line    0x00000000      0x1c8 .\ARM_GCC_493\Debug\main.o
 .debug_line    0x000001c8       0x53 .\ARM_GCC_493\Debug\cymetadata.o
 .debug_line    0x0000021b      0x1d5 .\ARM_GCC_493\Debug\Cm3Start.o
 .debug_line    0x000003f0      0x229 .\ARM_GCC_493\Debug\VTM16 Current Sensors.a(cyfitter_cfg.o)
 .debug_line    0x00000619      0x2e6 .\ARM_GCC_493\Debug\VTM16 Current Sensors.a(UART_1.o)
 .debug_line    0x000008ff      0x1c3 .\ARM_GCC_493\Debug\VTM16 Current Sensors.a(UART_1_IntClock.o)
 .debug_line    0x00000ac2       0x68 .\ARM_GCC_493\Debug\VTM16 Current Sensors.a(CyBootAsmGnu.o)
 .debug_line    0x00000b2a      0x2b7 .\ARM_GCC_493\Debug\VTM16 Current Sensors.a(CyDmac.o)
 .debug_line    0x00000de1      0x872 .\ARM_GCC_493\Debug\VTM16 Current Sensors.a(CyLib.o)
 .debug_line    0x00001653      0x381 .\ARM_GCC_493\Debug\VTM16 Current Sensors.a(cyPm.o)
 .debug_line    0x000019d4      0x1d5 .\ARM_GCC_493\Debug\VTM16 Current Sensors.a(ADC_SAR_Seq_1.o)
 .debug_line    0x00001ba9       0x5f .\ARM_GCC_493\Debug\VTM16 Current Sensors.a(ADC_SAR_Seq_1_INT.o)
 .debug_line    0x00001c08      0x213 .\ARM_GCC_493\Debug\VTM16 Current Sensors.a(ADC_SAR_Seq_1_SAR.o)
 .debug_line    0x00001e1b       0xa1 .\ARM_GCC_493\Debug\VTM16 Current Sensors.a(ADC_SAR_Seq_1_TempBuf_dma.o)
 .debug_line    0x00001ebc       0xa2 .\ARM_GCC_493\Debug\VTM16 Current Sensors.a(ADC_SAR_Seq_1_FinalBuf_dma.o)
 .debug_line    0x00001f5e      0x165 .\ARM_GCC_493\Debug\VTM16 Current Sensors.a(ADC_SAR_Seq_1_IRQ.o)
 .debug_line    0x000020c3      0x130 .\ARM_GCC_493\Debug\VTM16 Current Sensors.a(EZI2C_1.o)
 .debug_line    0x000021f3       0xd2 .\ARM_GCC_493\Debug\VTM16 Current Sensors.a(EZI2C_1_PM.o)
 .debug_line    0x000022c5       0xd9 .\ARM_GCC_493\Debug\VTM16 Current Sensors.a(EZI2C_1_INT.o)
 .debug_line    0x0000239e      0x207 .\ARM_GCC_493\Debug\VTM16 Current Sensors.a(CyFlash.o)
 .debug_line    0x000025a5      0x217 .\ARM_GCC_493\Debug\VTM16 Current Sensors.a(CySpc.o)

.debug_frame    0x00000000     0x2cdc
 *(.debug_frame)
 .debug_frame   0x00000000       0x30 .\ARM_GCC_493\Debug\main.o
 .debug_frame   0x00000030       0xd8 .\ARM_GCC_493\Debug\Cm3Start.o
 .debug_frame   0x00000108      0x16c .\ARM_GCC_493\Debug\VTM16 Current Sensors.a(cyfitter_cfg.o)
 .debug_frame   0x00000274      0x42c .\ARM_GCC_493\Debug\VTM16 Current Sensors.a(UART_1.o)
 .debug_frame   0x000006a0      0x1b4 .\ARM_GCC_493\Debug\VTM16 Current Sensors.a(UART_1_IntClock.o)
 .debug_frame   0x00000854      0x3d0 .\ARM_GCC_493\Debug\VTM16 Current Sensors.a(CyDmac.o)
 .debug_frame   0x00000c24      0xbe8 .\ARM_GCC_493\Debug\VTM16 Current Sensors.a(CyLib.o)
 .debug_frame   0x0000180c      0x234 .\ARM_GCC_493\Debug\VTM16 Current Sensors.a(cyPm.o)
 .debug_frame   0x00001a40      0x264 .\ARM_GCC_493\Debug\VTM16 Current Sensors.a(ADC_SAR_Seq_1.o)
 .debug_frame   0x00001ca4       0x34 .\ARM_GCC_493\Debug\VTM16 Current Sensors.a(ADC_SAR_Seq_1_INT.o)
 .debug_frame   0x00001cd8      0x2c0 .\ARM_GCC_493\Debug\VTM16 Current Sensors.a(ADC_SAR_Seq_1_SAR.o)
 .debug_frame   0x00001f98       0x58 .\ARM_GCC_493\Debug\VTM16 Current Sensors.a(ADC_SAR_Seq_1_TempBuf_dma.o)
 .debug_frame   0x00001ff0       0x58 .\ARM_GCC_493\Debug\VTM16 Current Sensors.a(ADC_SAR_Seq_1_FinalBuf_dma.o)
 .debug_frame   0x00002048      0x1e8 .\ARM_GCC_493\Debug\VTM16 Current Sensors.a(ADC_SAR_Seq_1_IRQ.o)
 .debug_frame   0x00002230      0x134 .\ARM_GCC_493\Debug\VTM16 Current Sensors.a(EZI2C_1.o)
 .debug_frame   0x00002364       0x98 .\ARM_GCC_493\Debug\VTM16 Current Sensors.a(EZI2C_1_PM.o)
 .debug_frame   0x000023fc       0x58 .\ARM_GCC_493\Debug\VTM16 Current Sensors.a(EZI2C_1_INT.o)
 .debug_frame   0x00002454      0x210 .\ARM_GCC_493\Debug\VTM16 Current Sensors.a(CyFlash.o)
 .debug_frame   0x00002664      0x1f8 .\ARM_GCC_493\Debug\VTM16 Current Sensors.a(CySpc.o)
 .debug_frame   0x0000285c       0x28 c:/program files (x86)/cypress/psoc creator/3.3/psoc creator/import/gnu/arm/4.9.3/bin/../lib/gcc/arm-none-eabi/4.9.3/armv7-m\libgcc.a(_aeabi_ldivmod.o)
 .debug_frame   0x00002884       0x54 c:/program files (x86)/cypress/psoc creator/3.3/psoc creator/import/gnu/arm/4.9.3/bin/../lib/gcc/arm-none-eabi/4.9.3/armv7-m\libgcc.a(bpabi.o)
 .debug_frame   0x000028d8       0x34 c:/program files (x86)/cypress/psoc creator/3.3/psoc creator/import/gnu/arm/4.9.3/bin/../lib/gcc/arm-none-eabi/4.9.3/armv7-m\libgcc.a(_divdi3.o)
 .debug_frame   0x0000290c       0x34 c:/program files (x86)/cypress/psoc creator/3.3/psoc creator/import/gnu/arm/4.9.3/bin/../lib/gcc/arm-none-eabi/4.9.3/armv7-m\libgcc.a(_udivdi3.o)
 .debug_frame   0x00002940       0x20 c:/program files (x86)/cypress/psoc creator/3.3/psoc creator/import/gnu/arm/4.9.3/bin/../lib/gcc/arm-none-eabi/4.9.3/../../../../arm-none-eabi/lib/armv7-m\libg_nano.a(lib_a-errno.o)
 .debug_frame   0x00002960       0x28 c:/program files (x86)/cypress/psoc creator/3.3/psoc creator/import/gnu/arm/4.9.3/bin/../lib/gcc/arm-none-eabi/4.9.3/../../../../arm-none-eabi/lib/armv7-m\libg_nano.a(lib_a-exit.o)
 .debug_frame   0x00002988       0x2c c:/program files (x86)/cypress/psoc creator/3.3/psoc creator/import/gnu/arm/4.9.3/bin/../lib/gcc/arm-none-eabi/4.9.3/../../../../arm-none-eabi/lib/armv7-m\libg_nano.a(lib_a-init.o)
 .debug_frame   0x000029b4       0x28 c:/program files (x86)/cypress/psoc creator/3.3/psoc creator/import/gnu/arm/4.9.3/bin/../lib/gcc/arm-none-eabi/4.9.3/../../../../arm-none-eabi/lib/armv7-m\libg_nano.a(lib_a-memcpy.o)
 .debug_frame   0x000029dc       0x20 c:/program files (x86)/cypress/psoc creator/3.3/psoc creator/import/gnu/arm/4.9.3/bin/../lib/gcc/arm-none-eabi/4.9.3/../../../../arm-none-eabi/lib/armv7-m\libg_nano.a(lib_a-memset.o)
 .debug_frame   0x000029fc       0x70 c:/program files (x86)/cypress/psoc creator/3.3/psoc creator/import/gnu/arm/4.9.3/bin/../lib/gcc/arm-none-eabi/4.9.3/../../../../arm-none-eabi/lib/armv7-m\libg_nano.a(lib_a-sprintf.o)
 .debug_frame   0x00002a6c       0x8c c:/program files (x86)/cypress/psoc creator/3.3/psoc creator/import/gnu/arm/4.9.3/bin/../lib/gcc/arm-none-eabi/4.9.3/../../../../arm-none-eabi/lib/armv7-m\libg_nano.a(lib_a-nano-svfprintf.o)
 .debug_frame   0x00002af8       0x58 c:/program files (x86)/cypress/psoc creator/3.3/psoc creator/import/gnu/arm/4.9.3/bin/../lib/gcc/arm-none-eabi/4.9.3/../../../../arm-none-eabi/lib/armv7-m\libg_nano.a(lib_a-nano-vfprintf_i.o)
 .debug_frame   0x00002b50       0x28 c:/program files (x86)/cypress/psoc creator/3.3/psoc creator/import/gnu/arm/4.9.3/bin/../lib/gcc/arm-none-eabi/4.9.3/../../../../arm-none-eabi/lib/armv7-m\libg_nano.a(lib_a-memchr.o)
 .debug_frame   0x00002b78       0x28 c:/program files (x86)/cypress/psoc creator/3.3/psoc creator/import/gnu/arm/4.9.3/bin/../lib/gcc/arm-none-eabi/4.9.3/../../../../arm-none-eabi/lib/armv7-m\libg_nano.a(lib_a-memmove.o)
 .debug_frame   0x00002ba0       0x2c c:/program files (x86)/cypress/psoc creator/3.3/psoc creator/import/gnu/arm/4.9.3/bin/../lib/gcc/arm-none-eabi/4.9.3/../../../../arm-none-eabi/lib/armv7-m\libg_nano.a(lib_a-nano-freer.o)
 .debug_frame   0x00002bcc       0x2c c:/program files (x86)/cypress/psoc creator/3.3/psoc creator/import/gnu/arm/4.9.3/bin/../lib/gcc/arm-none-eabi/4.9.3/../../../../arm-none-eabi/lib/armv7-m\libg_nano.a(lib_a-nano-mallocr.o)
 .debug_frame   0x00002bf8       0x3c c:/program files (x86)/cypress/psoc creator/3.3/psoc creator/import/gnu/arm/4.9.3/bin/../lib/gcc/arm-none-eabi/4.9.3/../../../../arm-none-eabi/lib/armv7-m\libg_nano.a(lib_a-nano-reallocr.o)
 .debug_frame   0x00002c34       0x2c c:/program files (x86)/cypress/psoc creator/3.3/psoc creator/import/gnu/arm/4.9.3/bin/../lib/gcc/arm-none-eabi/4.9.3/../../../../arm-none-eabi/lib/armv7-m\libg_nano.a(lib_a-sbrkr.o)
 .debug_frame   0x00002c60       0x20 c:/program files (x86)/cypress/psoc creator/3.3/psoc creator/import/gnu/arm/4.9.3/bin/../lib/gcc/arm-none-eabi/4.9.3/../../../../arm-none-eabi/lib/armv7-m\libg_nano.a(lib_a-nano-msizer.o)
 .debug_frame   0x00002c80       0x5c c:/program files (x86)/cypress/psoc creator/3.3/psoc creator/import/gnu/arm/4.9.3/bin/../lib/gcc/arm-none-eabi/4.9.3/../../../../arm-none-eabi/lib/armv7-m\libg_nano.a(lib_a-reent.o)

.debug_str      0x00000000     0x25df
 *(.debug_str)
 .debug_str     0x00000000      0x1d9 .\ARM_GCC_493\Debug\main.o
                                0x238 (size before relaxing)
 .debug_str     0x000001d9       0x77 .\ARM_GCC_493\Debug\cymetadata.o
                                0x20f (size before relaxing)
 .debug_str     0x00000250      0x13e .\ARM_GCC_493\Debug\Cm3Start.o
                                0x2f0 (size before relaxing)
 .debug_str     0x0000038e      0x18c .\ARM_GCC_493\Debug\VTM16 Current Sensors.a(cyfitter_cfg.o)
                                0x351 (size before relaxing)
 .debug_str     0x0000051a      0x2bc .\ARM_GCC_493\Debug\VTM16 Current Sensors.a(UART_1.o)
                                0x474 (size before relaxing)
 .debug_str     0x000007d6      0x1ca .\ARM_GCC_493\Debug\VTM16 Current Sensors.a(UART_1_IntClock.o)
                                0x373 (size before relaxing)
 .debug_str     0x000009a0      0x371 .\ARM_GCC_493\Debug\VTM16 Current Sensors.a(CyDmac.o)
                                0x536 (size before relaxing)
 .debug_str     0x00000d11      0x7c8 .\ARM_GCC_493\Debug\VTM16 Current Sensors.a(CyLib.o)
                                0x9eb (size before relaxing)
 .debug_str     0x000014d9      0x35a .\ARM_GCC_493\Debug\VTM16 Current Sensors.a(cyPm.o)
                                0x550 (size before relaxing)
 .debug_str     0x00001833      0x2b8 .\ARM_GCC_493\Debug\VTM16 Current Sensors.a(ADC_SAR_Seq_1.o)
                                0x49c (size before relaxing)
 .debug_str     0x00001aeb       0x3f .\ARM_GCC_493\Debug\VTM16 Current Sensors.a(ADC_SAR_Seq_1_INT.o)
                                0x1d1 (size before relaxing)
 .debug_str     0x00001b2a      0x2cc .\ARM_GCC_493\Debug\VTM16 Current Sensors.a(ADC_SAR_Seq_1_SAR.o)
                                0x509 (size before relaxing)
 .debug_str     0x00001df6       0xd5 .\ARM_GCC_493\Debug\VTM16 Current Sensors.a(ADC_SAR_Seq_1_TempBuf_dma.o)
                                0x274 (size before relaxing)
 .debug_str     0x00001ecb       0x9e .\ARM_GCC_493\Debug\VTM16 Current Sensors.a(ADC_SAR_Seq_1_FinalBuf_dma.o)
                                0x278 (size before relaxing)
 .debug_str     0x00001f69      0x190 .\ARM_GCC_493\Debug\VTM16 Current Sensors.a(ADC_SAR_Seq_1_IRQ.o)
                                0x367 (size before relaxing)
 .debug_str     0x000020f9      0x1ab .\ARM_GCC_493\Debug\VTM16 Current Sensors.a(EZI2C_1.o)
                                0x377 (size before relaxing)
 .debug_str     0x000022a4       0x81 .\ARM_GCC_493\Debug\VTM16 Current Sensors.a(EZI2C_1_PM.o)
                                0x290 (size before relaxing)
 .debug_str     0x00002325       0x52 .\ARM_GCC_493\Debug\VTM16 Current Sensors.a(EZI2C_1_INT.o)
                                0x28b (size before relaxing)
 .debug_str     0x00002377      0x147 .\ARM_GCC_493\Debug\VTM16 Current Sensors.a(CyFlash.o)
                                0x30f (size before relaxing)
 .debug_str     0x000024be      0x121 .\ARM_GCC_493\Debug\VTM16 Current Sensors.a(CySpc.o)
                                0x30c (size before relaxing)

.debug_loc
 *(.debug_loc)

.debug_macinfo
 *(.debug_macinfo)

.debug_ranges   0x00000000      0x8e8
 *(.debug_ranges)
 .debug_ranges  0x00000000       0x10 .\ARM_GCC_493\Debug\main.o
 .debug_ranges  0x00000010       0x38 .\ARM_GCC_493\Debug\Cm3Start.o
 .debug_ranges  0x00000048       0x50 .\ARM_GCC_493\Debug\VTM16 Current Sensors.a(cyfitter_cfg.o)
 .debug_ranges  0x00000098       0xe0 .\ARM_GCC_493\Debug\VTM16 Current Sensors.a(UART_1.o)
 .debug_ranges  0x00000178       0x60 .\ARM_GCC_493\Debug\VTM16 Current Sensors.a(UART_1_IntClock.o)
 .debug_ranges  0x000001d8       0xc8 .\ARM_GCC_493\Debug\VTM16 Current Sensors.a(CyDmac.o)
 .debug_ranges  0x000002a0      0x288 .\ARM_GCC_493\Debug\VTM16 Current Sensors.a(CyLib.o)
 .debug_ranges  0x00000528       0x88 .\ARM_GCC_493\Debug\VTM16 Current Sensors.a(cyPm.o)
 .debug_ranges  0x000005b0       0x90 .\ARM_GCC_493\Debug\VTM16 Current Sensors.a(ADC_SAR_Seq_1.o)
 .debug_ranges  0x00000640       0x10 .\ARM_GCC_493\Debug\VTM16 Current Sensors.a(ADC_SAR_Seq_1_INT.o)
 .debug_ranges  0x00000650       0x98 .\ARM_GCC_493\Debug\VTM16 Current Sensors.a(ADC_SAR_Seq_1_SAR.o)
 .debug_ranges  0x000006e8       0x18 .\ARM_GCC_493\Debug\VTM16 Current Sensors.a(ADC_SAR_Seq_1_TempBuf_dma.o)
 .debug_ranges  0x00000700       0x18 .\ARM_GCC_493\Debug\VTM16 Current Sensors.a(ADC_SAR_Seq_1_FinalBuf_dma.o)
 .debug_ranges  0x00000718       0x70 .\ARM_GCC_493\Debug\VTM16 Current Sensors.a(ADC_SAR_Seq_1_IRQ.o)
 .debug_ranges  0x00000788       0x48 .\ARM_GCC_493\Debug\VTM16 Current Sensors.a(EZI2C_1.o)
 .debug_ranges  0x000007d0       0x28 .\ARM_GCC_493\Debug\VTM16 Current Sensors.a(EZI2C_1_PM.o)
 .debug_ranges  0x000007f8       0x18 .\ARM_GCC_493\Debug\VTM16 Current Sensors.a(EZI2C_1_INT.o)
 .debug_ranges  0x00000810       0x70 .\ARM_GCC_493\Debug\VTM16 Current Sensors.a(CyFlash.o)
 .debug_ranges  0x00000880       0x68 .\ARM_GCC_493\Debug\VTM16 Current Sensors.a(CySpc.o)

.comment        0x00000000       0x70
 .comment       0x00000000       0x70 .\ARM_GCC_493\Debug\main.o
                                 0x71 (size before relaxing)
 .comment       0x00000000       0x71 .\ARM_GCC_493\Debug\cymetadata.o
 .comment       0x00000000       0x71 .\ARM_GCC_493\Debug\Cm3Start.o
 .comment       0x00000000       0x71 .\ARM_GCC_493\Debug\VTM16 Current Sensors.a(cyfitter_cfg.o)
 .comment       0x00000000       0x71 .\ARM_GCC_493\Debug\VTM16 Current Sensors.a(UART_1.o)
 .comment       0x00000000       0x71 .\ARM_GCC_493\Debug\VTM16 Current Sensors.a(UART_1_IntClock.o)
 .comment       0x00000000       0x71 .\ARM_GCC_493\Debug\VTM16 Current Sensors.a(CyDmac.o)
 .comment       0x00000000       0x71 .\ARM_GCC_493\Debug\VTM16 Current Sensors.a(CyLib.o)
 .comment       0x00000000       0x71 .\ARM_GCC_493\Debug\VTM16 Current Sensors.a(cyPm.o)
 .comment       0x00000000       0x71 .\ARM_GCC_493\Debug\VTM16 Current Sensors.a(ADC_SAR_Seq_1.o)
 .comment       0x00000000       0x71 .\ARM_GCC_493\Debug\VTM16 Current Sensors.a(ADC_SAR_Seq_1_INT.o)
 .comment       0x00000000       0x71 .\ARM_GCC_493\Debug\VTM16 Current Sensors.a(ADC_SAR_Seq_1_SAR.o)
 .comment       0x00000000       0x71 .\ARM_GCC_493\Debug\VTM16 Current Sensors.a(ADC_SAR_Seq_1_TempBuf_dma.o)
 .comment       0x00000000       0x71 .\ARM_GCC_493\Debug\VTM16 Current Sensors.a(ADC_SAR_Seq_1_FinalBuf_dma.o)
 .comment       0x00000000       0x71 .\ARM_GCC_493\Debug\VTM16 Current Sensors.a(ADC_SAR_Seq_1_IRQ.o)
 .comment       0x00000000       0x71 .\ARM_GCC_493\Debug\VTM16 Current Sensors.a(EZI2C_1.o)
 .comment       0x00000000       0x71 .\ARM_GCC_493\Debug\VTM16 Current Sensors.a(EZI2C_1_PM.o)
 .comment       0x00000000       0x71 .\ARM_GCC_493\Debug\VTM16 Current Sensors.a(EZI2C_1_INT.o)
 .comment       0x00000000       0x71 .\ARM_GCC_493\Debug\VTM16 Current Sensors.a(CyFlash.o)
 .comment       0x00000000       0x71 .\ARM_GCC_493\Debug\VTM16 Current Sensors.a(CySpc.o)

.debug_weaknames
 *(.debug_weaknames)

.debug_funcnames
 *(.debug_funcnames)

.debug_typenames
 *(.debug_typenames)

.debug_varnames
 *(.debug_varnames)

.note.gnu.arm.ident
 *(.note.gnu.arm.ident)

.ARM.attributes
                0x00000000       0x29
 *(.ARM.attributes)
 .ARM.attributes
                0x00000000       0x1d c:/program files (x86)/cypress/psoc creator/3.3/psoc creator/import/gnu/arm/4.9.3/bin/../lib/gcc/arm-none-eabi/4.9.3/armv7-m/crti.o
 .ARM.attributes
                0x0000001d       0x2d c:/program files (x86)/cypress/psoc creator/3.3/psoc creator/import/gnu/arm/4.9.3/bin/../lib/gcc/arm-none-eabi/4.9.3/armv7-m/crtbegin.o
 .ARM.attributes
                0x0000004a       0x1b c:/program files (x86)/cypress/psoc creator/3.3/psoc creator/import/gnu/arm/4.9.3/bin/../lib/gcc/arm-none-eabi/4.9.3/../../../../arm-none-eabi/lib/armv7-m/crt0.o
 .ARM.attributes
                0x00000065       0x33 .\ARM_GCC_493\Debug\main.o
 .ARM.attributes
                0x00000098       0x33 .\ARM_GCC_493\Debug\cymetadata.o
 .ARM.attributes
                0x000000cb       0x33 .\ARM_GCC_493\Debug\Cm3Start.o
 .ARM.attributes
                0x000000fe       0x33 .\ARM_GCC_493\Debug\VTM16 Current Sensors.a(cyfitter_cfg.o)
 .ARM.attributes
                0x00000131       0x33 .\ARM_GCC_493\Debug\VTM16 Current Sensors.a(UART_1.o)
 .ARM.attributes
                0x00000164       0x33 .\ARM_GCC_493\Debug\VTM16 Current Sensors.a(UART_1_IntClock.o)
 .ARM.attributes
                0x00000197       0x21 .\ARM_GCC_493\Debug\VTM16 Current Sensors.a(CyBootAsmGnu.o)
 .ARM.attributes
                0x000001b8       0x33 .\ARM_GCC_493\Debug\VTM16 Current Sensors.a(CyDmac.o)
 .ARM.attributes
                0x000001eb       0x33 .\ARM_GCC_493\Debug\VTM16 Current Sensors.a(CyLib.o)
 .ARM.attributes
                0x0000021e       0x33 .\ARM_GCC_493\Debug\VTM16 Current Sensors.a(cyPm.o)
 .ARM.attributes
                0x00000251       0x33 .\ARM_GCC_493\Debug\VTM16 Current Sensors.a(ADC_SAR_Seq_1.o)
 .ARM.attributes
                0x00000284       0x33 .\ARM_GCC_493\Debug\VTM16 Current Sensors.a(ADC_SAR_Seq_1_INT.o)
 .ARM.attributes
                0x000002b7       0x33 .\ARM_GCC_493\Debug\VTM16 Current Sensors.a(ADC_SAR_Seq_1_SAR.o)
 .ARM.attributes
                0x000002ea       0x33 .\ARM_GCC_493\Debug\VTM16 Current Sensors.a(ADC_SAR_Seq_1_TempBuf_dma.o)
 .ARM.attributes
                0x0000031d       0x33 .\ARM_GCC_493\Debug\VTM16 Current Sensors.a(ADC_SAR_Seq_1_FinalBuf_dma.o)
 .ARM.attributes
                0x00000350       0x33 .\ARM_GCC_493\Debug\VTM16 Current Sensors.a(ADC_SAR_Seq_1_IRQ.o)
 .ARM.attributes
                0x00000383       0x33 .\ARM_GCC_493\Debug\VTM16 Current Sensors.a(EZI2C_1.o)
 .ARM.attributes
                0x000003b6       0x33 .\ARM_GCC_493\Debug\VTM16 Current Sensors.a(EZI2C_1_PM.o)
 .ARM.attributes
                0x000003e9       0x33 .\ARM_GCC_493\Debug\VTM16 Current Sensors.a(EZI2C_1_INT.o)
 .ARM.attributes
                0x0000041c       0x33 .\ARM_GCC_493\Debug\VTM16 Current Sensors.a(CyFlash.o)
 .ARM.attributes
                0x0000044f       0x33 .\ARM_GCC_493\Debug\VTM16 Current Sensors.a(CySpc.o)
 .ARM.attributes
                0x00000482       0x1d c:/program files (x86)/cypress/psoc creator/3.3/psoc creator/import/gnu/arm/4.9.3/bin/../lib/gcc/arm-none-eabi/4.9.3/armv7-m\libgcc.a(_arm_addsubsf3.o)
 .ARM.attributes
                0x0000049f       0x1d c:/program files (x86)/cypress/psoc creator/3.3/psoc creator/import/gnu/arm/4.9.3/bin/../lib/gcc/arm-none-eabi/4.9.3/armv7-m\libgcc.a(_arm_muldivsf3.o)
 .ARM.attributes
                0x000004bc       0x1d c:/program files (x86)/cypress/psoc creator/3.3/psoc creator/import/gnu/arm/4.9.3/bin/../lib/gcc/arm-none-eabi/4.9.3/armv7-m\libgcc.a(_aeabi_ldivmod.o)
 .ARM.attributes
                0x000004d9       0x2d c:/program files (x86)/cypress/psoc creator/3.3/psoc creator/import/gnu/arm/4.9.3/bin/../lib/gcc/arm-none-eabi/4.9.3/armv7-m\libgcc.a(bpabi.o)
 .ARM.attributes
                0x00000506       0x1d c:/program files (x86)/cypress/psoc creator/3.3/psoc creator/import/gnu/arm/4.9.3/bin/../lib/gcc/arm-none-eabi/4.9.3/armv7-m\libgcc.a(_dvmd_tls.o)
 .ARM.attributes
                0x00000523       0x2d c:/program files (x86)/cypress/psoc creator/3.3/psoc creator/import/gnu/arm/4.9.3/bin/../lib/gcc/arm-none-eabi/4.9.3/armv7-m\libgcc.a(_divdi3.o)
 .ARM.attributes
                0x00000550       0x2d c:/program files (x86)/cypress/psoc creator/3.3/psoc creator/import/gnu/arm/4.9.3/bin/../lib/gcc/arm-none-eabi/4.9.3/armv7-m\libgcc.a(_udivdi3.o)
 .ARM.attributes
                0x0000057d       0x2d c:/program files (x86)/cypress/psoc creator/3.3/psoc creator/import/gnu/arm/4.9.3/bin/../lib/gcc/arm-none-eabi/4.9.3/../../../../arm-none-eabi/lib/armv7-m\libg_nano.a(lib_a-errno.o)
 .ARM.attributes
                0x000005aa       0x2d c:/program files (x86)/cypress/psoc creator/3.3/psoc creator/import/gnu/arm/4.9.3/bin/../lib/gcc/arm-none-eabi/4.9.3/../../../../arm-none-eabi/lib/armv7-m\libg_nano.a(lib_a-exit.o)
 .ARM.attributes
                0x000005d7       0x2d c:/program files (x86)/cypress/psoc creator/3.3/psoc creator/import/gnu/arm/4.9.3/bin/../lib/gcc/arm-none-eabi/4.9.3/../../../../arm-none-eabi/lib/armv7-m\libg_nano.a(lib_a-impure.o)
 .ARM.attributes
                0x00000604       0x2d c:/program files (x86)/cypress/psoc creator/3.3/psoc creator/import/gnu/arm/4.9.3/bin/../lib/gcc/arm-none-eabi/4.9.3/../../../../arm-none-eabi/lib/armv7-m\libg_nano.a(lib_a-init.o)
 .ARM.attributes
                0x00000631       0x2d c:/program files (x86)/cypress/psoc creator/3.3/psoc creator/import/gnu/arm/4.9.3/bin/../lib/gcc/arm-none-eabi/4.9.3/../../../../arm-none-eabi/lib/armv7-m\libg_nano.a(lib_a-memcpy.o)
 .ARM.attributes
                0x0000065e       0x2d c:/program files (x86)/cypress/psoc creator/3.3/psoc creator/import/gnu/arm/4.9.3/bin/../lib/gcc/arm-none-eabi/4.9.3/../../../../arm-none-eabi/lib/armv7-m\libg_nano.a(lib_a-memset.o)
 .ARM.attributes
                0x0000068b       0x2d c:/program files (x86)/cypress/psoc creator/3.3/psoc creator/import/gnu/arm/4.9.3/bin/../lib/gcc/arm-none-eabi/4.9.3/../../../../arm-none-eabi/lib/armv7-m\libg_nano.a(lib_a-sprintf.o)
 .ARM.attributes
                0x000006b8       0x2d c:/program files (x86)/cypress/psoc creator/3.3/psoc creator/import/gnu/arm/4.9.3/bin/../lib/gcc/arm-none-eabi/4.9.3/../../../../arm-none-eabi/lib/armv7-m\libg_nano.a(lib_a-nano-svfprintf.o)
 .ARM.attributes
                0x000006e5       0x2d c:/program files (x86)/cypress/psoc creator/3.3/psoc creator/import/gnu/arm/4.9.3/bin/../lib/gcc/arm-none-eabi/4.9.3/../../../../arm-none-eabi/lib/armv7-m\libg_nano.a(lib_a-nano-vfprintf_i.o)
 .ARM.attributes
                0x00000712       0x2d c:/program files (x86)/cypress/psoc creator/3.3/psoc creator/import/gnu/arm/4.9.3/bin/../lib/gcc/arm-none-eabi/4.9.3/../../../../arm-none-eabi/lib/armv7-m\libg_nano.a(lib_a-memchr.o)
 .ARM.attributes
                0x0000073f       0x2d c:/program files (x86)/cypress/psoc creator/3.3/psoc creator/import/gnu/arm/4.9.3/bin/../lib/gcc/arm-none-eabi/4.9.3/../../../../arm-none-eabi/lib/armv7-m\libg_nano.a(lib_a-memmove.o)
 .ARM.attributes
                0x0000076c       0x2d c:/program files (x86)/cypress/psoc creator/3.3/psoc creator/import/gnu/arm/4.9.3/bin/../lib/gcc/arm-none-eabi/4.9.3/../../../../arm-none-eabi/lib/armv7-m\libg_nano.a(lib_a-nano-freer.o)
 .ARM.attributes
                0x00000799       0x2d c:/program files (x86)/cypress/psoc creator/3.3/psoc creator/import/gnu/arm/4.9.3/bin/../lib/gcc/arm-none-eabi/4.9.3/../../../../arm-none-eabi/lib/armv7-m\libg_nano.a(lib_a-nano-mallocr.o)
 .ARM.attributes
                0x000007c6       0x2d c:/program files (x86)/cypress/psoc creator/3.3/psoc creator/import/gnu/arm/4.9.3/bin/../lib/gcc/arm-none-eabi/4.9.3/../../../../arm-none-eabi/lib/armv7-m\libg_nano.a(lib_a-nano-reallocr.o)
 .ARM.attributes
                0x000007f3       0x2d c:/program files (x86)/cypress/psoc creator/3.3/psoc creator/import/gnu/arm/4.9.3/bin/../lib/gcc/arm-none-eabi/4.9.3/../../../../arm-none-eabi/lib/armv7-m\libg_nano.a(lib_a-sbrkr.o)
 .ARM.attributes
                0x00000820       0x2d c:/program files (x86)/cypress/psoc creator/3.3/psoc creator/import/gnu/arm/4.9.3/bin/../lib/gcc/arm-none-eabi/4.9.3/../../../../arm-none-eabi/lib/armv7-m\libg_nano.a(lib_a-nano-msizer.o)
 .ARM.attributes
                0x0000084d       0x2d c:/program files (x86)/cypress/psoc creator/3.3/psoc creator/import/gnu/arm/4.9.3/bin/../lib/gcc/arm-none-eabi/4.9.3/../../../../arm-none-eabi/lib/armv7-m\libg_nano.a(lib_a-reent.o)
 .ARM.attributes
                0x0000087a       0x2d c:/program files (x86)/cypress/psoc creator/3.3/psoc creator/import/gnu/arm/4.9.3/bin/../lib/gcc/arm-none-eabi/4.9.3/armv7-m/crtend.o
 .ARM.attributes
                0x000008a7       0x1d c:/program files (x86)/cypress/psoc creator/3.3/psoc creator/import/gnu/arm/4.9.3/bin/../lib/gcc/arm-none-eabi/4.9.3/armv7-m/crtn.o

/DISCARD/
 *(.note.GNU-stack)
OUTPUT(.\ARM_GCC_493\Debug\VTM16 Current Sensors.elf elf32-littlearm)
