Archive member included because of file (symbol)

.\ARM_GCC_484\Debug\CE95277 ADC and UART.a(cyfitter_cfg.o)
                              .\ARM_GCC_484\Debug\Cm3Start.o (cyfitter_cfg)
.\ARM_GCC_484\Debug\CE95277 ADC and UART.a(UART_1.o)
                              .\ARM_GCC_484\Debug\main.o (UART_1_Start)
.\ARM_GCC_484\Debug\CE95277 ADC and UART.a(UART_1_IntClock.o)
                              .\ARM_GCC_484\Debug\CE95277 ADC and UART.a(UART_1.o) (UART_1_IntClock_Start)
.\ARM_GCC_484\Debug\CE95277 ADC and UART.a(CyBootAsmGnu.o)
                              .\ARM_GCC_484\Debug\CE95277 ADC and UART.a(cyfitter_cfg.o) (CyDelayCycles)
.\ARM_GCC_484\Debug\CE95277 ADC and UART.a(CyDmac.o)
                              .\ARM_GCC_484\Debug\Cm3Start.o (CyDmacConfigure)
.\ARM_GCC_484\Debug\CE95277 ADC and UART.a(CyLib.o)
                              .\ARM_GCC_484\Debug\Cm3Start.o (CyResetStatus)
.\ARM_GCC_484\Debug\CE95277 ADC and UART.a(cyPm.o)
                              .\ARM_GCC_484\Debug\CE95277 ADC and UART.a(CyLib.o) (CyPmReadStatus)
.\ARM_GCC_484\Debug\CE95277 ADC and UART.a(ADC_SAR_Seq_1.o)
                              .\ARM_GCC_484\Debug\main.o (ADC_SAR_Seq_1_Start)
.\ARM_GCC_484\Debug\CE95277 ADC and UART.a(ADC_SAR_Seq_1_INT.o)
                              .\ARM_GCC_484\Debug\CE95277 ADC and UART.a(ADC_SAR_Seq_1.o) (ADC_SAR_Seq_1_ISR)
.\ARM_GCC_484\Debug\CE95277 ADC and UART.a(ADC_SAR_Seq_1_SAR.o)
                              .\ARM_GCC_484\Debug\CE95277 ADC and UART.a(ADC_SAR_Seq_1.o) (ADC_SAR_Seq_1_SAR_shift)
.\ARM_GCC_484\Debug\CE95277 ADC and UART.a(ADC_SAR_Seq_1_TempBuf_dma.o)
                              .\ARM_GCC_484\Debug\CE95277 ADC and UART.a(ADC_SAR_Seq_1.o) (ADC_SAR_Seq_1_TempBuf_DmaInitialize)
.\ARM_GCC_484\Debug\CE95277 ADC and UART.a(ADC_SAR_Seq_1_FinalBuf_dma.o)
                              .\ARM_GCC_484\Debug\CE95277 ADC and UART.a(ADC_SAR_Seq_1.o) (ADC_SAR_Seq_1_FinalBuf_DmaInitialize)
.\ARM_GCC_484\Debug\CE95277 ADC and UART.a(ADC_SAR_Seq_1_IRQ.o)
                              .\ARM_GCC_484\Debug\CE95277 ADC and UART.a(ADC_SAR_Seq_1.o) (ADC_SAR_Seq_1_IRQ_SetVector)
.\ARM_GCC_484\Debug\CE95277 ADC and UART.a(CyFlash.o)
                              .\ARM_GCC_484\Debug\CE95277 ADC and UART.a(cyPm.o) (CyFlash_SetWaitCycles)
.\ARM_GCC_484\Debug\CE95277 ADC and UART.a(CySpc.o)
                              .\ARM_GCC_484\Debug\CE95277 ADC and UART.a(CyFlash.o) (CySpcStart)
c:/program files (x86)/cypress/psoc creator/3.1/psoc creator/import/gnu_cs/arm/4.8.4/bin/../lib/gcc/arm-none-eabi/4.8.4/armv7-m\libgcc.a(_arm_addsubsf3.o)
                              .\ARM_GCC_484\Debug\CE95277 ADC and UART.a(ADC_SAR_Seq_1_SAR.o) (__aeabi_i2f)
c:/program files (x86)/cypress/psoc creator/3.1/psoc creator/import/gnu_cs/arm/4.8.4/bin/../lib/gcc/arm-none-eabi/4.8.4/armv7-m\libgcc.a(_arm_muldivsf3.o)
                              .\ARM_GCC_484\Debug\CE95277 ADC and UART.a(ADC_SAR_Seq_1_SAR.o) (__aeabi_fmul)
c:/program files (x86)/cypress/psoc creator/3.1/psoc creator/import/gnu_cs/arm/4.8.4/bin/../lib/gcc/arm-none-eabi/4.8.4/armv7-m\libgcc.a(_aeabi_ldivmod.o)
                              .\ARM_GCC_484\Debug\CE95277 ADC and UART.a(ADC_SAR_Seq_1_SAR.o) (__aeabi_ldivmod)
c:/program files (x86)/cypress/psoc creator/3.1/psoc creator/import/gnu_cs/arm/4.8.4/bin/../lib/gcc/arm-none-eabi/4.8.4/armv7-m\libgcc.a(bpabi.o)
                              c:/program files (x86)/cypress/psoc creator/3.1/psoc creator/import/gnu_cs/arm/4.8.4/bin/../lib/gcc/arm-none-eabi/4.8.4/armv7-m\libgcc.a(_aeabi_ldivmod.o) (__gnu_ldivmod_helper)
c:/program files (x86)/cypress/psoc creator/3.1/psoc creator/import/gnu_cs/arm/4.8.4/bin/../lib/gcc/arm-none-eabi/4.8.4/armv7-m\libgcc.a(_dvmd_tls.o)
                              c:/program files (x86)/cypress/psoc creator/3.1/psoc creator/import/gnu_cs/arm/4.8.4/bin/../lib/gcc/arm-none-eabi/4.8.4/armv7-m\libgcc.a(_aeabi_ldivmod.o) (__aeabi_ldiv0)
c:/program files (x86)/cypress/psoc creator/3.1/psoc creator/import/gnu_cs/arm/4.8.4/bin/../lib/gcc/arm-none-eabi/4.8.4/armv7-m\libgcc.a(_divdi3.o)
                              c:/program files (x86)/cypress/psoc creator/3.1/psoc creator/import/gnu_cs/arm/4.8.4/bin/../lib/gcc/arm-none-eabi/4.8.4/armv7-m\libgcc.a(bpabi.o) (__divdi3)
c:/program files (x86)/cypress/psoc creator/3.1/psoc creator/import/gnu_cs/arm/4.8.4/bin/../lib/gcc/arm-none-eabi/4.8.4/armv7-m\libgcc.a(_udivdi3.o)
                              c:/program files (x86)/cypress/psoc creator/3.1/psoc creator/import/gnu_cs/arm/4.8.4/bin/../lib/gcc/arm-none-eabi/4.8.4/armv7-m\libgcc.a(bpabi.o) (__udivdi3)
c:/program files (x86)/cypress/psoc creator/3.1/psoc creator/import/gnu_cs/arm/4.8.4/bin/../lib/gcc/arm-none-eabi/4.8.4/../../../../arm-none-eabi/lib/armv7-m\libg_s.a(lib_a-errno.o)
                              .\ARM_GCC_484\Debug\Cm3Start.o (__errno)
[...]
Memory Configuration

Name             Origin             Length             Attributes
rom              0x00000000         0x00040000         xr
ram              0x1fff8000         0x00010000         xrw
*default*        0x00000000         0xffffffff

Linker script and memory map

LOAD c:/program files (x86)/cypress/psoc creator/3.1/psoc creator/import/gnu_cs/arm/4.8.4/bin/../lib/gcc/arm-none-eabi/4.8.4/armv7-m/crti.o
LOAD c:/program files (x86)/cypress/psoc creator/3.1/psoc creator/import/gnu_cs/arm/4.8.4/bin/../lib/gcc/arm-none-eabi/4.8.4/armv7-m/crtbegin.o
LOAD c:/program files (x86)/cypress/psoc creator/3.1/psoc creator/import/gnu_cs/arm/4.8.4/bin/../lib/gcc/arm-none-eabi/4.8.4/../../../../arm-none-eabi/lib/armv7-m/crt0.o
START GROUP
LOAD .\ARM_GCC_484\Debug\main.o
LOAD .\ARM_GCC_484\Debug\cymetadata.o
LOAD .\ARM_GCC_484\Debug\Cm3Start.o
LOAD .\ARM_GCC_484\Debug\CE95277 ADC and UART.a
LOAD C:\Program Files (x86)\Cypress\PSoC Creator\3.1\PSoC Creator\psoc\content\cycomponentlibrary\CyComponentLibrary.cylib\CortexM3\ARM_GCC_484\Debug\CyComponentLibrary.a
END GROUP
START GROUP
LOAD c:/program files (x86)/cypress/psoc creator/3.1/psoc creator/import/gnu_cs/arm/4.8.4/bin/../lib/gcc/arm-none-eabi/4.8.4/armv7-m\libgcc.a
LOAD c:/program files (x86)/cypress/psoc creator/3.1/psoc creator/import/gnu_cs/arm/4.8.4/bin/../lib/gcc/arm-none-eabi/4.8.4/../../../../arm-none-eabi/lib/armv7-m\libg_s.a
LOAD c:/program files (x86)/cypress/psoc creator/3.1/psoc creator/import/gnu_cs/arm/4.8.4/bin/../lib/gcc/arm-none-eabi/4.8.4/../../../../arm-none-eabi/lib/armv7-m\libc_s.a
END GROUP
START GROUP
LOAD c:/program files (x86)/cypress/psoc creator/3.1/psoc creator/import/gnu_cs/arm/4.8.4/bin/../lib/gcc/arm-none-eabi/4.8.4/armv7-m\libgcc.a
LOAD c:/program files (x86)/cypress/psoc creator/3.1/psoc creator/import/gnu_cs/arm/4.8.4/bin/../lib/gcc/arm-none-eabi/4.8.4/../../../../arm-none-eabi/lib/armv7-m\libc_s.a
END GROUP
LOAD c:/program files (x86)/cypress/psoc creator/3.1/psoc creator/import/gnu_cs/arm/4.8.4/bin/../lib/gcc/arm-none-eabi/4.8.4/armv7-m/crtend.o
LOAD c:/program files (x86)/cypress/psoc creator/3.1/psoc creator/import/gnu_cs/arm/4.8.4/bin/../lib/gcc/arm-none-eabi/4.8.4/armv7-m/crtn.o
START GROUP
LOAD c:/program files (x86)/cypress/psoc creator/3.1/psoc creator/import/gnu_cs/arm/4.8.4/bin/../lib/gcc/arm-none-eabi/4.8.4/armv7-m\libgcc.a
LOAD c:/program files (x86)/cypress/psoc creator/3.1/psoc creator/import/gnu_cs/arm/4.8.4/bin/../lib/gcc/arm-none-eabi/4.8.4/../../../../arm-none-eabi/lib/armv7-m\libc.a
LOAD c:/program files (x86)/cypress/psoc creator/3.1/psoc creator/import/gnu_cs/arm/4.8.4/bin/../lib/gcc/arm-none-eabi/4.8.4/../../../../arm-none-eabi/lib/armv7-m\libnosys.a
END GROUP
                0x00000000                CY_APPL_ORIGIN = 0x0
                0x00000100                CY_FLASH_ROW_SIZE = 0x100
                0x00000020                CY_ECC_ROW_SIZE = 0x20
                0x00000000                CY_EE_IN_BTLDR = 0x0
                0x00000000                CY_APPL_LOADABLE = 0x0
                0x00000800                CY_EE_SIZE = 0x800
                0x00000001                CY_APPL_NUM = 0x1
                0x00000001                CY_APPL_MAX = 0x1
                0x00000040                CY_METADATA_SIZE = 0x40
                0x1fff81f0                PROVIDE (__cy_heap_start, _end)
                0x00000001                PROVIDE (__cy_region_num, ((__cy_regions_end - __cy_regions) / 0x10))
                0x20008000                PROVIDE (__cy_stack, (ORIGIN (ram) + 0x10000))
                0x20007800                PROVIDE (__cy_heap_end, (__cy_stack - 0x800))

.cybootloader   0x00000000        0x0
 *(.cybootloader)
                0x00000000                appl1_start = CY_APPL_ORIGIN?CY_APPL_ORIGIN:ALIGN (CY_FLASH_ROW_SIZE)
                0x0001ff00                appl2_start = (appl1_start + ALIGN ((((0x40000 - appl1_start) - (0x2 * CY_FLASH_ROW_SIZE)) / 0x2), CY_FLASH_ROW_SIZE))
                0x00000000                appl_start = (CY_APPL_NUM == 0x1)?appl1_start:appl2_start
                0x00000000                ecc_offset = ((appl_start / CY_FLASH_ROW_SIZE) * CY_ECC_ROW_SIZE)
                0x00000000                ee_offset = (CY_APPL_LOADABLE && ! (CY_EE_IN_BTLDR))?((CY_EE_SIZE / CY_APPL_MAX) * (CY_APPL_NUM - 0x1)):0x0
                0x00000800                ee_size = (CY_APPL_LOADABLE && ! (CY_EE_IN_BTLDR))?(CY_EE_SIZE / CY_APPL_MAX):CY_EE_SIZE
                0x00000000                PROVIDE (CY_ECC_OFFSET, ecc_offset)

.text           0x00000000     0x1c12
 CREATE_OBJECT_SYMBOLS
                0x00000000                PROVIDE (__cy_interrupt_vector, RomVectors)
 *(.romvectors)
 .romvectors    0x00000000       0x10 .\ARM_GCC_484\Debug\Cm3Start.o
                0x00000000                RomVectors
                0x00000001                ASSERT ((. != __cy_interrupt_vector), No interrupt vector)
                0x00000001                ASSERT (CY_APPL_ORIGIN?(SIZEOF (.cybootloader) <= CY_APPL_ORIGIN):0x1, Wrong image location)
                0x00000010                PROVIDE (__cy_reset, Reset)
 *(.text.Reset)
 .text.Reset    0x00000010       0x18 .\ARM_GCC_484\Debug\Cm3Start.o
                0x00000010                Reset
                0x00000001                ASSERT ((. != __cy_reset), No reset code)
 *(.dma_init)
                0x00000001                ASSERT ((((appl_start + .) <= 0x10000) || 0x1), DMA Init must be within the first 64k of flash)
 *(.text .text.* .gnu.linkonce.t.*)
 .text          0x00000028       0x54 c:/program files (x86)/cypress/psoc creator/3.1/psoc creator/import/gnu_cs/arm/4.8.4/bin/../lib/gcc/arm-none-eabi/4.8.4/armv7-m/crtbegin.o
 .text.main     0x0000007c      0x1d8 .\ARM_GCC_484\Debug\main.o
                0x0000007c                main
 .text.IntDefaultHandler
                0x00000254        0x8 .\ARM_GCC_484\Debug\Cm3Start.o
                0x00000254                IntDefaultHandler
 .text._sbrk    0x0000025c       0x50 .\ARM_GCC_484\Debug\Cm3Start.o
                0x0000025c                _sbrk
 .text.Start_c  0x000002ac       0x98 .\ARM_GCC_484\Debug\Cm3Start.o
                0x000002ac                Start_c
 .text.initialize_psoc
                0x00000344       0x90 .\ARM_GCC_484\Debug\Cm3Start.o
                0x00000344                initialize_psoc
 .text.CYMEMZERO
                0x000003d4       0x1c .\ARM_GCC_484\Debug\CE95277 ADC and UART.a(cyfitter_cfg.o)
 .text.CYCONFIGCPY
                0x000003f0       0x1c .\ARM_GCC_484\Debug\CE95277 ADC and UART.a(cyfitter_cfg.o)
 .text.CyClockStartupError
                0x0000040c        0xc .\ARM_GCC_484\Debug\CE95277 ADC and UART.a(cyfitter_cfg.o)
 .text.cfg_write_bytes32
                0x00000418       0x74 .\ARM_GCC_484\Debug\CE95277 ADC and UART.a(cyfitter_cfg.o)
 .text.ClockSetup
                0x0000048c      0x114 .\ARM_GCC_484\Debug\CE95277 ADC and UART.a(cyfitter_cfg.o)
 .text.AnalogSetDefault
                0x000005a0       0xac .\ARM_GCC_484\Debug\CE95277 ADC and UART.a(cyfitter_cfg.o)
 .text.cyfitter_cfg
                0x0000064c      0x140 .\ARM_GCC_484\Debug\CE95277 ADC and UART.a(cyfitter_cfg.o)
                0x0000064c                cyfitter_cfg
 .text.UART_1_Start
                0x0000078c       0x20 .\ARM_GCC_484\Debug\CE95277 ADC and UART.a(UART_1.o)
                0x0000078c                UART_1_Start
 .text.UART_1_Init
                0x000007ac       0x40 .\ARM_GCC_484\Debug\CE95277 ADC and UART.a(UART_1.o)
                0x000007ac                UART_1_Init
 .text.UART_1_Enable
                0x000007ec       0x5c .\ARM_GCC_484\Debug\CE95277 ADC and UART.a(UART_1.o)
                0x000007ec                UART_1_Enable
 .text.UART_1_GetChar
                0x00000848       0x44 .\ARM_GCC_484\Debug\CE95277 ADC and UART.a(UART_1.o)
                0x00000848                UART_1_GetChar
 .text.UART_1_PutChar
                0x0000088c       0x34 .\ARM_GCC_484\Debug\CE95277 ADC and UART.a(UART_1.o)
                0x0000088c                UART_1_PutChar
 .text.UART_1_PutString
                0x000008c0       0x40 .\ARM_GCC_484\Debug\CE95277 ADC and UART.a(UART_1.o)
                0x000008c0                UART_1_PutString
 .text.UART_1_IntClock_Start
                0x00000900       0x34 .\ARM_GCC_484\Debug\CE95277 ADC and UART.a(UART_1_IntClock.o)
                0x00000900                UART_1_IntClock_Start
 *fill*         0x00000934        0x4 
 .text          0x00000938       0x28 .\ARM_GCC_484\Debug\CE95277 ADC and UART.a(CyBootAsmGnu.o)
                0x00000938                CyDelayCycles
                0x0000094c                CyEnterCriticalSection
                0x00000954                CyExitCriticalSection
 .text.CyDmacConfigure
                0x00000960       0x5c .\ARM_GCC_484\Debug\CE95277 ADC and UART.a(CyDmac.o)
                0x00000960                CyDmacConfigure
 .text.CyDmaChEnable
                0x000009bc       0x8c .\ARM_GCC_484\Debug\CE95277 ADC and UART.a(CyDmac.o)
                0x000009bc                CyDmaChEnable
 .text.CyDmaClearPendingDrq
                0x00000a48       0x64 .\ARM_GCC_484\Debug\CE95277 ADC and UART.a(CyDmac.o)
                0x00000a48                CyDmaClearPendingDrq
 .text.CyDmaChPriority
                0x00000aac       0x5c .\ARM_GCC_484\Debug\CE95277 ADC and UART.a(CyDmac.o)
                0x00000aac                CyDmaChPriority
 .text.CyDmaChSetExtendedAddress
                0x00000b08       0x7c .\ARM_GCC_484\Debug\CE95277 ADC and UART.a(CyDmac.o)
                0x00000b08                CyDmaChSetExtendedAddress
 .text.CyDmaChSetInitialTd
                0x00000b84       0x3c .\ARM_GCC_484\Debug\CE95277 ADC and UART.a(CyDmac.o)
                0x00000b84                CyDmaChSetInitialTd
 .text.CyDmaChSetConfiguration
                0x00000bc0       0x90 .\ARM_GCC_484\Debug\CE95277 ADC and UART.a(CyDmac.o)
                0x00000bc0                CyDmaChSetConfiguration
 .text.CyDmaTdAllocate
                0x00000c50       0x5c .\ARM_GCC_484\Debug\CE95277 ADC and UART.a(CyDmac.o)
                0x00000c50                CyDmaTdAllocate
 .text.CyDmaTdSetConfiguration
                0x00000cac       0x70 .\ARM_GCC_484\Debug\CE95277 ADC and UART.a(CyDmac.o)
                0x00000cac                CyDmaTdSetConfiguration
 .text.CyDmaTdSetAddress
                0x00000d1c       0x5c .\ARM_GCC_484\Debug\CE95277 ADC and UART.a(CyDmac.o)
                0x00000d1c                CyDmaTdSetAddress
 .text.CyHalt   0x00000d78       0x18 .\ARM_GCC_484\Debug\CE95277 ADC and UART.a(CyLib.o)
                0x00000d78                CyHalt
 .text.CyDelayUs
                0x00000d90       0x24 .\ARM_GCC_484\Debug\CE95277 ADC and UART.a(CyLib.o)
                0x00000d90                CyDelayUs
 .text.ADC_SAR_Seq_1_Init
                0x00000db4       0x50 .\ARM_GCC_484\Debug\CE95277 ADC and UART.a(ADC_SAR_Seq_1.o)
                0x00000db4                ADC_SAR_Seq_1_Init
 .text.ADC_SAR_Seq_1_Enable
                0x00000e04      0x13c .\ARM_GCC_484\Debug\CE95277 ADC and UART.a(ADC_SAR_Seq_1.o)
                0x00000e04                ADC_SAR_Seq_1_Enable
 .text.ADC_SAR_Seq_1_Start
                0x00000f40       0x2c .\ARM_GCC_484\Debug\CE95277 ADC and UART.a(ADC_SAR_Seq_1.o)
                0x00000f40                ADC_SAR_Seq_1_Start
 .text.ADC_SAR_Seq_1_StartConvert
                0x00000f6c        0xc .\ARM_GCC_484\Debug\CE95277 ADC and UART.a(ADC_SAR_Seq_1.o)
                0x00000f6c                ADC_SAR_Seq_1_StartConvert
 .text.ADC_SAR_Seq_1_IsEndConversion
                0x00000f78       0x30 .\ARM_GCC_484\Debug\CE95277 ADC and UART.a(ADC_SAR_Seq_1.o)
                0x00000f78                ADC_SAR_Seq_1_IsEndConversion
 .text.ADC_SAR_Seq_1_GetResult16
                0x00000fa8       0x3c .\ARM_GCC_484\Debug\CE95277 ADC and UART.a(ADC_SAR_Seq_1.o)
                0x00000fa8                ADC_SAR_Seq_1_GetResult16
 .text.ADC_SAR_Seq_1_CountsTo_mVolts
                0x00000fe4       0x20 .\ARM_GCC_484\Debug\CE95277 ADC and UART.a(ADC_SAR_Seq_1.o)
                0x00000fe4                ADC_SAR_Seq_1_CountsTo_mVolts
 .text.ADC_SAR_Seq_1_ISR
                0x00001004        0xc .\ARM_GCC_484\Debug\CE95277 ADC and UART.a(ADC_SAR_Seq_1_INT.o)
                0x00001004                ADC_SAR_Seq_1_ISR
 .text.ADC_SAR_Seq_1_SAR_Start
                0x00001010       0x20 .\ARM_GCC_484\Debug\CE95277 ADC and UART.a(ADC_SAR_Seq_1_SAR.o)
                0x00001010                ADC_SAR_Seq_1_SAR_Start
 .text.ADC_SAR_Seq_1_SAR_Init
                0x00001030       0x2c .\ARM_GCC_484\Debug\CE95277 ADC and UART.a(ADC_SAR_Seq_1_SAR.o)
                0x00001030                ADC_SAR_Seq_1_SAR_Init
 .text.ADC_SAR_Seq_1_SAR_Enable
                0x0000105c       0xc0 .\ARM_GCC_484\Debug\CE95277 ADC and UART.a(ADC_SAR_Seq_1_SAR.o)
                0x0000105c                ADC_SAR_Seq_1_SAR_Enable
 .text.ADC_SAR_Seq_1_SAR_SetResolution
                0x0000111c       0x50 .\ARM_GCC_484\Debug\CE95277 ADC and UART.a(ADC_SAR_Seq_1_SAR.o)
                0x0000111c                ADC_SAR_Seq_1_SAR_SetResolution
 .text.ADC_SAR_Seq_1_SAR_StartConvert
                0x0000116c       0x20 .\ARM_GCC_484\Debug\CE95277 ADC and UART.a(ADC_SAR_Seq_1_SAR.o)
                0x0000116c                ADC_SAR_Seq_1_SAR_StartConvert
 .text.ADC_SAR_Seq_1_SAR_CalcGain
                0x0000118c       0x80 .\ARM_GCC_484\Debug\CE95277 ADC and UART.a(ADC_SAR_Seq_1_SAR.o)
 .text.ADC_SAR_Seq_1_SAR_CountsTo_mVolts
                0x0000120c       0x8c .\ARM_GCC_484\Debug\CE95277 ADC and UART.a(ADC_SAR_Seq_1_SAR.o)
                0x0000120c                ADC_SAR_Seq_1_SAR_CountsTo_mVolts
 .text.ADC_SAR_Seq_1_TempBuf_DmaInitialize
                0x00001298       0x60 .\ARM_GCC_484\Debug\CE95277 ADC and UART.a(ADC_SAR_Seq_1_TempBuf_dma.o)
                0x00001298                ADC_SAR_Seq_1_TempBuf_DmaInitialize
 .text.ADC_SAR_Seq_1_FinalBuf_DmaInitialize
                0x000012f8       0x60 .\ARM_GCC_484\Debug\CE95277 ADC and UART.a(ADC_SAR_Seq_1_FinalBuf_dma.o)
                0x000012f8                ADC_SAR_Seq_1_FinalBuf_DmaInitialize
 .text.ADC_SAR_Seq_1_IRQ_SetVector
                0x00001358       0x24 .\ARM_GCC_484\Debug\CE95277 ADC and UART.a(ADC_SAR_Seq_1_IRQ.o)
                0x00001358                ADC_SAR_Seq_1_IRQ_SetVector
 .text.ADC_SAR_Seq_1_IRQ_SetPriority
                0x0000137c       0x24 .\ARM_GCC_484\Debug\CE95277 ADC and UART.a(ADC_SAR_Seq_1_IRQ.o)
                0x0000137c                ADC_SAR_Seq_1_IRQ_SetPriority
 .text.__errno  0x000013a0        0xc c:/program files (x86)/cypress/psoc creator/3.1/psoc creator/import/gnu_cs/arm/4.8.4/bin/../lib/gcc/arm-none-eabi/4.8.4/../../../../arm-none-eabi/lib/armv7-m\libg_s.a(lib_a-errno.o)
                0x000013a0                __errno
 .text.__libc_init_array
                0x000013ac       0x4c c:/program files (x86)/cypress/psoc creator/3.1/psoc creator/import/gnu_cs/arm/4.8.4/bin/../lib/gcc/arm-none-eabi/4.8.4/../../../../arm-none-eabi/lib/armv7-m\libg_s.a(lib_a-init.o)
                0x000013ac                __libc_init_array
 .text.memcpy   0x000013f8       0x12 c:/program files (x86)/cypress/psoc creator/3.1/psoc creator/import/gnu_cs/arm/4.8.4/bin/../lib/gcc/arm-none-eabi/4.8.4/../../../../arm-none-eabi/lib/armv7-m\libg_s.a(lib_a-memcpy-stub.o)
                0x000013f8                memcpy
 .text.memset   0x0000140a       0x10 c:/program files (x86)/cypress/psoc creator/3.1/psoc creator/import/gnu_cs/arm/4.8.4/bin/../lib/gcc/arm-none-eabi/4.8.4/../../../../arm-none-eabi/lib/armv7-m\libg_s.a(lib_a-memset.o)
                0x0000140a                memset
 *fill*         0x0000141a        0x2 
 .text.sprintf  0x0000141c       0x48 c:/program files (x86)/cypress/psoc creator/3.1/psoc creator/import/gnu_cs/arm/4.8.4/bin/../lib/gcc/arm-none-eabi/4.8.4/../../../../arm-none-eabi/lib/armv7-m\libg_s.a(lib_a-sprintf.o)
                0x0000141c                siprintf
                0x0000141c                sprintf
 .text.__ssputs_r
                0x00001464       0xb8 c:/program files (x86)/cypress/psoc creator/3.1/psoc creator/import/gnu_cs/arm/4.8.4/bin/../lib/gcc/arm-none-eabi/4.8.4/../../../../arm-none-eabi/lib/armv7-m\libg_s.a(lib_a-svfprintf.o)
                0x00001464                __ssputs_r
 .text._svfprintf_r
                0x0000151c      0x1d8 c:/program files (x86)/cypress/psoc creator/3.1/psoc creator/import/gnu_cs/arm/4.8.4/bin/../lib/gcc/arm-none-eabi/4.8.4/../../../../arm-none-eabi/lib/armv7-m\libg_s.a(lib_a-svfprintf.o)
                0x0000151c                _svfiprintf_r
                0x0000151c                _svfprintf_r
 .text._printf_common
                0x000016f4       0xe4 c:/program files (x86)/cypress/psoc creator/3.1/psoc creator/import/gnu_cs/arm/4.8.4/bin/../lib/gcc/arm-none-eabi/4.8.4/../../../../arm-none-eabi/lib/armv7-m\libg_s.a(lib_a-vfprintf_i.o)
                0x000016f4                _printf_common
 .text._printf_i
                0x000017d8      0x228 c:/program files (x86)/cypress/psoc creator/3.1/psoc creator/import/gnu_cs/arm/4.8.4/bin/../lib/gcc/arm-none-eabi/4.8.4/../../../../arm-none-eabi/lib/armv7-m\libg_s.a(lib_a-vfprintf_i.o)
                0x000017d8                _printf_i
 .text.memchr   0x00001a00       0x1c c:/program files (x86)/cypress/psoc creator/3.1/psoc creator/import/gnu_cs/arm/4.8.4/bin/../lib/gcc/arm-none-eabi/4.8.4/../../../../arm-none-eabi/lib/armv7-m\libg_s.a(lib_a-memchr-stub.o)
                0x00001a00                memchr
 .text.memmove  0x00001a1c       0x36 c:/program files (x86)/cypress/psoc creator/3.1/psoc creator/import/gnu_cs/arm/4.8.4/bin/../lib/gcc/arm-none-eabi/4.8.4/../../../../arm-none-eabi/lib/armv7-m\libg_s.a(lib_a-memmove.o)
                0x00001a1c                memmove
 *fill*         0x00001a52        0x2 
 .text._free_r  0x00001a54       0x88 c:/program files (x86)/cypress/psoc creator/3.1/psoc creator/import/gnu_cs/arm/4.8.4/bin/../lib/gcc/arm-none-eabi/4.8.4/../../../../arm-none-eabi/lib/armv7-m\libg_s.a(lib_a-nano-freer.o)
                0x00001a54                _free_r
 .text._malloc_r
                0x00001adc       0xa8 c:/program files (x86)/cypress/psoc creator/3.1/psoc creator/import/gnu_cs/arm/4.8.4/bin/../lib/gcc/arm-none-eabi/4.8.4/../../../../arm-none-eabi/lib/armv7-m\libg_s.a(lib_a-nano-mallocr.o)
                0x00001adc                _malloc_r
 .text._realloc_r
                0x00001b84       0x4c c:/program files (x86)/cypress/psoc creator/3.1/psoc creator/import/gnu_cs/arm/4.8.4/bin/../lib/gcc/arm-none-eabi/4.8.4/../../../../arm-none-eabi/lib/armv7-m\libg_s.a(lib_a-nano-reallocr.o)
                0x00001b84                _realloc_r
 .text._sbrk_r  0x00001bd0       0x20 c:/program files (x86)/cypress/psoc creator/3.1/psoc creator/import/gnu_cs/arm/4.8.4/bin/../lib/gcc/arm-none-eabi/4.8.4/../../../../arm-none-eabi/lib/armv7-m\libg_s.a(lib_a-sbrkr.o)
                0x00001bd0                _sbrk_r
 .text.strlen   0x00001bf0       0x10 c:/program files (x86)/cypress/psoc creator/3.1/psoc creator/import/gnu_cs/arm/4.8.4/bin/../lib/gcc/arm-none-eabi/4.8.4/../../../../arm-none-eabi/lib/armv7-m\libg_s.a(lib_a-strlen.o)
                0x00001bf0                strlen
 .text._malloc_usable_size_r
                0x00001c00       0x12 c:/program files (x86)/cypress/psoc creator/3.1/psoc creator/import/gnu_cs/arm/4.8.4/bin/../lib/gcc/arm-none-eabi/4.8.4/../../../../arm-none-eabi/lib/armv7-m\libg_s.a(lib_a-nano-msizer.o)
                0x00001c00                _malloc_usable_size_r
 *(.plt)
 *(.gnu.warning)
 *(.glue_7t)
 .glue_7t       0x00000000        0x0 linker stubs
 *(.glue_7)
 .glue_7        0x00000000        0x0 linker stubs
 *(.vfp11_veneer)
 .vfp11_veneer  0x00000000        0x0 linker stubs
 *(.bootloader)
 *(.ARM.extab* .gnu.linkonce.armextab.*)
 *(.gcc_except_table)

.v4_bx          0x00001c14        0x0
 .v4_bx         0x00000000        0x0 linker stubs

.iplt           0x00001c14        0x0
 .iplt          0x00000000        0x0 c:/program files (x86)/cypress/psoc creator/3.1/psoc creator/import/gnu_cs/arm/4.8.4/bin/../lib/gcc/arm-none-eabi/4.8.4/armv7-m/crtbegin.o

.eh_frame_hdr
 *(.eh_frame_hdr)

.eh_frame       0x00001c14        0x4
 *(.eh_frame)
 .eh_frame      0x00001c14        0x0 c:/program files (x86)/cypress/psoc creator/3.1/psoc creator/import/gnu_cs/arm/4.8.4/bin/../lib/gcc/arm-none-eabi/4.8.4/armv7-m/crtbegin.o
 .eh_frame      0x00001c14        0x4 c:/program files (x86)/cypress/psoc creator/3.1/psoc creator/import/gnu_cs/arm/4.8.4/bin/../lib/gcc/arm-none-eabi/4.8.4/armv7-m/crtend.o
                0x00001c18                PROVIDE (__exidx_start, .)

.ARM.exidx
 *(.ARM.exidx* .gnu.linkonce.armexidx.*)
                0x00001c18                __exidx_end = .

.rodata         0x00001c18      0x138
 *(.rodata .rodata.* .gnu.linkonce.r.*)
 .rodata        0x00001c18       0xa0 .\ARM_GCC_484\Debug\main.o
 .rodata        0x00001cb8       0x2c .\ARM_GCC_484\Debug\CE95277 ADC and UART.a(cyfitter_cfg.o)
 .rodata.str1.1
                0x00001ce4        0x2 c:/program files (x86)/cypress/psoc creator/3.1/psoc creator/import/gnu_cs/arm/4.8.4/bin/../lib/gcc/arm-none-eabi/4.8.4/../../../../arm-none-eabi/lib/armv7-m\libg_s.a(lib_a-impure.o)
 .rodata.str1.1
                0x00001ce6       0x11 c:/program files (x86)/cypress/psoc creator/3.1/psoc creator/import/gnu_cs/arm/4.8.4/bin/../lib/gcc/arm-none-eabi/4.8.4/../../../../arm-none-eabi/lib/armv7-m\libg_s.a(lib_a-svfprintf.o)
 .rodata.str1.1
                0x00001cf7       0x22 c:/program files (x86)/cypress/psoc creator/3.1/psoc creator/import/gnu_cs/arm/4.8.4/bin/../lib/gcc/arm-none-eabi/4.8.4/../../../../arm-none-eabi/lib/armv7-m\libg_s.a(lib_a-vfprintf_i.o)
                0x00001d1c                . = ALIGN (0x4)
 *fill*         0x00001d19        0x3 
 *(.init)
 .init          0x00001d1c        0x4 c:/program files (x86)/cypress/psoc creator/3.1/psoc creator/import/gnu_cs/arm/4.8.4/bin/../lib/gcc/arm-none-eabi/4.8.4/armv7-m/crti.o
                0x00001d1c                _init
 .init          0x00001d20        0x8 c:/program files (x86)/cypress/psoc creator/3.1/psoc creator/import/gnu_cs/arm/4.8.4/bin/../lib/gcc/arm-none-eabi/4.8.4/armv7-m/crtn.o
                0x00001d28                . = ALIGN (0x4)
                0x00001d28                __preinit_array_start = .
 *(.preinit_array)
                0x00001d28                __preinit_array_end = .
                0x00001d28                . = ALIGN (0x4)
                0x00001d28                __init_array_start = .
 *(SORT(.init_array.*))
 *(.init_array)
 .init_array    0x00001d28        0x4 c:/program files (x86)/cypress/psoc creator/3.1/psoc creator/import/gnu_cs/arm/4.8.4/bin/../lib/gcc/arm-none-eabi/4.8.4/armv7-m/crtbegin.o
 .init_array    0x00001d2c        0x4 .\ARM_GCC_484\Debug\Cm3Start.o
                0x00001d30                __init_array_end = .
                0x00001d30                . = ALIGN (0x4)
 *(.fini)
 .fini          0x00001d30        0x4 c:/program files (x86)/cypress/psoc creator/3.1/psoc creator/import/gnu_cs/arm/4.8.4/bin/../lib/gcc/arm-none-eabi/4.8.4/armv7-m/crti.o
                0x00001d30                _fini
 .fini          0x00001d34        0x8 c:/program files (x86)/cypress/psoc creator/3.1/psoc creator/import/gnu_cs/arm/4.8.4/bin/../lib/gcc/arm-none-eabi/4.8.4/armv7-m/crtn.o
                0x00001d3c                . = ALIGN (0x4)
                0x00001d3c                __fini_array_start = .
 *(.fini_array)
 .fini_array    0x00001d3c        0x4 c:/program files (x86)/cypress/psoc creator/3.1/psoc creator/import/gnu_cs/arm/4.8.4/bin/../lib/gcc/arm-none-eabi/4.8.4/armv7-m/crtbegin.o
 *(SORT(.fini_array.*))
                0x00001d40                __fini_array_end = .
                0x00001d40                . = ALIGN (0x4)
 *crtbegin.o(.ctors)
 *(EXCLUDE_FILE(*crtend.o) .ctors)
 *(SORT(.ctors.*))
 *crtend.o(.ctors)
                0x00001d40                . = ALIGN (0x4)
 *crtbegin.o(.dtors)
 *(EXCLUDE_FILE(*crtend.o) .dtors)
 *(SORT(.dtors.*))
 *crtend.o(.dtors)
                0x00001d40                . = ALIGN (0x4)
                0x00001d40                __cy_regions = .
                0x00001d40        0x4 LONG 0x1d50 __cy_region_init_ram
                0x00001d44        0x4 LONG 0x1fff8108 __cy_region_start_data
                0x00001d48        0x4 LONG 0x88 __cy_region_init_size_ram
                0x00001d4c        0x4 LONG 0x60 __cy_region_zero_size_ram
                0x00001d50                __cy_regions_end = .
                0x00001d50                . = ALIGN (0x8)
                0x00001d50                _etext = .

.ramvectors     0x1fff8000      0x100
                0x1fff8000                __cy_region_start_ram = .
 *(.ramvectors)
 .ramvectors    0x1fff8000      0x100 .\ARM_GCC_484\Debug\Cm3Start.o
                0x1fff8000                CyRamVectors

.noinit         0x1fff8100        0x5
 *(.noinit)
 .noinit        0x1fff8100        0x4 .\ARM_GCC_484\Debug\Cm3Start.o
 .noinit        0x1fff8104        0x1 .\ARM_GCC_484\Debug\CE95277 ADC and UART.a(CyLib.o)
                0x1fff8104                CyResetStatus

.data           0x1fff8108       0x88 load address 0x00001d50
                0x1fff8108                __cy_region_start_data = .
 *(.jcr)
 .jcr           0x1fff8108        0x0 c:/program files (x86)/cypress/psoc creator/3.1/psoc creator/import/gnu_cs/arm/4.8.4/bin/../lib/gcc/arm-none-eabi/4.8.4/armv7-m/crtbegin.o
 .jcr           0x1fff8108        0x4 c:/program files (x86)/cypress/psoc creator/3.1/psoc creator/import/gnu_cs/arm/4.8.4/bin/../lib/gcc/arm-none-eabi/4.8.4/armv7-m/crtend.o
 *(.got.plt)
 *(.got)
 *(.shdata)
 *(.data .data.* .gnu.linkonce.d.*)
 .data          0x1fff810c        0x4 .\ARM_GCC_484\Debug\Cm3Start.o
 .data          0x1fff8110        0x8 .\ARM_GCC_484\Debug\CE95277 ADC and UART.a(CyDmac.o)
 .data          0x1fff8118       0x10 .\ARM_GCC_484\Debug\CE95277 ADC and UART.a(CyLib.o)
                0x1fff8118                cydelay_freq_hz
                0x1fff811c                cydelay_freq_khz
                0x1fff8120                cydelay_freq_mhz
                0x1fff8124                cydelay_32k_ms
 .data          0x1fff8128        0x2 .\ARM_GCC_484\Debug\CE95277 ADC and UART.a(ADC_SAR_Seq_1.o)
 .data          0x1fff812a        0x1 .\ARM_GCC_484\Debug\CE95277 ADC and UART.a(ADC_SAR_Seq_1_TempBuf_dma.o)
                0x1fff812a                ADC_SAR_Seq_1_TempBuf_DmaHandle
 .data          0x1fff812b        0x1 .\ARM_GCC_484\Debug\CE95277 ADC and UART.a(ADC_SAR_Seq_1_FinalBuf_dma.o)
                0x1fff812b                ADC_SAR_Seq_1_FinalBuf_DmaHandle
 .data.impure_data
                0x1fff812c       0x60 c:/program files (x86)/cypress/psoc creator/3.1/psoc creator/import/gnu_cs/arm/4.8.4/bin/../lib/gcc/arm-none-eabi/4.8.4/../../../../arm-none-eabi/lib/armv7-m\libg_s.a(lib_a-impure.o)
 .data._impure_ptr
                0x1fff818c        0x4 c:/program files (x86)/cypress/psoc creator/3.1/psoc creator/import/gnu_cs/arm/4.8.4/bin/../lib/gcc/arm-none-eabi/4.8.4/../../../../arm-none-eabi/lib/armv7-m\libg_s.a(lib_a-impure.o)
                0x1fff818c                _impure_ptr
                0x1fff8190                . = ALIGN (0x8)
 *(.ram)
                0x1fff8190                _edata = .

.igot.plt       0x1fff8190        0x0 load address 0x00001dd8
 .igot.plt      0x00000000        0x0 c:/program files (x86)/cypress/psoc creator/3.1/psoc creator/import/gnu_cs/arm/4.8.4/bin/../lib/gcc/arm-none-eabi/4.8.4/armv7-m/crtbegin.o

.bss            0x1fff8190       0x60 load address 0x00001dd8
                0x1fff8190                PROVIDE (__bss_start__, .)
 *(.shbss)
 *(.bss .bss.* .gnu.linkonce.b.*)
 .bss           0x1fff8190       0x1c c:/program files (x86)/cypress/psoc creator/3.1/psoc creator/import/gnu_cs/arm/4.8.4/bin/../lib/gcc/arm-none-eabi/4.8.4/armv7-m/crtbegin.o
 .bss           0x1fff81ac        0x2 .\ARM_GCC_484\Debug\CE95277 ADC and UART.a(UART_1.o)
                0x1fff81ac                UART_1_initVar
 *fill*         0x1fff81ae        0x2 
 .bss           0x1fff81b0       0x14 .\ARM_GCC_484\Debug\CE95277 ADC and UART.a(ADC_SAR_Seq_1.o)
                0x1fff81b0                ADC_SAR_Seq_1_initVar
 .bss           0x1fff81c4        0x1 .\ARM_GCC_484\Debug\CE95277 ADC and UART.a(ADC_SAR_Seq_1_SAR.o)
                0x1fff81c4                ADC_SAR_Seq_1_SAR_initVar
 *fill*         0x1fff81c5        0x3 
 .bss.__malloc_sbrk_start
                0x1fff81c8        0x4 c:/program files (x86)/cypress/psoc creator/3.1/psoc creator/import/gnu_cs/arm/4.8.4/bin/../lib/gcc/arm-none-eabi/4.8.4/../../../../arm-none-eabi/lib/armv7-m\libg_s.a(lib_a-nano-mallocr.o)
                0x1fff81c8                __malloc_sbrk_start
 .bss.__malloc_free_list
                0x1fff81cc        0x4 c:/program files (x86)/cypress/psoc creator/3.1/psoc creator/import/gnu_cs/arm/4.8.4/bin/../lib/gcc/arm-none-eabi/4.8.4/../../../../arm-none-eabi/lib/armv7-m\libg_s.a(lib_a-nano-mallocr.o)
                0x1fff81cc                __malloc_free_list
 *(COMMON)
 COMMON         0x1fff81d0        0xc .\ARM_GCC_484\Debug\CE95277 ADC and UART.a(ADC_SAR_Seq_1.o)
                0x1fff81d0                ADC_SAR_Seq_1_finalArray
 COMMON         0x1fff81dc        0xa .\ARM_GCC_484\Debug\CE95277 ADC and UART.a(ADC_SAR_Seq_1_SAR.o)
                0x1fff81dc                ADC_SAR_Seq_1_SAR_countsPerVolt
                0x1fff81de                ADC_SAR_Seq_1_SAR_offset
                0x1fff81e0                ADC_SAR_Seq_1_SAR_countsPer10Volt
                0x1fff81e4                ADC_SAR_Seq_1_SAR_shift
 *fill*         0x1fff81e6        0x2 
 COMMON         0x1fff81e8        0x4 c:/program files (x86)/cypress/psoc creator/3.1/psoc creator/import/gnu_cs/arm/4.8.4/bin/../lib/gcc/arm-none-eabi/4.8.4/../../../../arm-none-eabi/lib/armv7-m\libg_s.a(lib_a-reent.o)
                0x1fff81e8                errno
                0x1fff81f0                . = ALIGN (0x8)
 *fill*         0x1fff81ec        0x4 
 *(.ram.b)
                0x1fff81f0                _end = .
                0x1fff81f0                __end = .
                0x1fff81f0                PROVIDE (end, .)
                0x1fff81f0                PROVIDE (__bss_end__, .)
                0x00001d50                __cy_region_init_ram = LOADADDR (.data)
                0x00000088                __cy_region_init_size_ram = (_edata - ADDR (.data))
                0x00000060                __cy_region_zero_size_ram = (_end - _edata)

.heap           0x1fff81f0       0x80 load address 0x00001dd8
                0x1fff81f0                . = _end
                0x1fff8270                . = (. + 0x80)
 *fill*         0x1fff81f0       0x80 
                0x1fff8270                __cy_heap_limit = .

.stack          0x20007800      0x800
                0x20007800                __cy_stack_limit = .
                0x20008000                . = (. + 0x800)
 *fill*         0x20007800      0x800 
                0x00000001                ASSERT ((__cy_stack_limit >= __cy_heap_limit), region RAM overflowed with stack)

.cyloadermeta
 *(.cyloadermeta)

.cyloadablemeta
 *(.cyloadablemeta)

.cyconfigecc    0x80000000      0x7e8
 *(.cyconfigecc)
 .cyconfigecc   0x80000000      0x7e8 .\ARM_GCC_484\Debug\cymetadata.o
                0x80000000                cy_meta_configecc

.cycustnvl      0x90000000        0x4
 *(.cycustnvl)
 .cycustnvl     0x90000000        0x4 .\ARM_GCC_484\Debug\cymetadata.o
                0x90000000                cy_meta_custnvl

.cywolatch      0x90100000        0x4
 *(.cywolatch)
 .cywolatch     0x90100000        0x4 .\ARM_GCC_484\Debug\cymetadata.o
                0x90100000                cy_meta_wonvl

.cyeeprom       0x90200000        0x0
 *(.cyeeprom)
                0x00000001                ASSERT ((. <= ((0x90200000 + ee_offset) + ee_size)), .cyeeprom data will not fit in EEPROM)

.cyflashprotect
                0x90400000      0x100
 *(.cyflashprotect)
 .cyflashprotect
                0x90400000      0x100 .\ARM_GCC_484\Debug\cymetadata.o
                0x90400000                cy_meta_flashprotect

.cymeta         0x90500000        0xc
 *(.cymeta)
 .cymeta        0x90500000        0xc .\ARM_GCC_484\Debug\cymetadata.o
                0x90500000                cy_metadata

.rel.dyn        0x00001dd8        0x0 load address 0x9050000c
 .rel.iplt      0x00000000        0x0 c:/program files (x86)/cypress/psoc creator/3.1/psoc creator/import/gnu_cs/arm/4.8.4/bin/../lib/gcc/arm-none-eabi/4.8.4/armv7-m/crtbegin.o

.stab
 *(.stab)

.stabstr
 *(.stabstr)

.debug
 *(.debug)

.line
 *(.line)

.debug_srcinfo
 *(.debug_srcinfo)

.debug_sfnames
 *(.debug_sfnames)

.debug_aranges  0x00000000      0x988
 *(.debug_aranges)
 .debug_aranges
                0x00000000       0x20 .\ARM_GCC_484\Debug\main.o
 .debug_aranges
                0x00000020       0x18 .\ARM_GCC_484\Debug\cymetadata.o
 .debug_aranges
                0x00000038       0x48 .\ARM_GCC_484\Debug\Cm3Start.o
 .debug_aranges
                0x00000080       0x60 .\ARM_GCC_484\Debug\CE95277 ADC and UART.a(cyfitter_cfg.o)
 .debug_aranges
                0x000000e0       0xf0 .\ARM_GCC_484\Debug\CE95277 ADC and UART.a(UART_1.o)
 .debug_aranges
                0x000001d0       0x70 .\ARM_GCC_484\Debug\CE95277 ADC and UART.a(UART_1_IntClock.o)
 .debug_aranges
                0x00000240       0x20 .\ARM_GCC_484\Debug\CE95277 ADC and UART.a(CyBootAsmGnu.o)
 .debug_aranges
                0x00000260       0xd8 .\ARM_GCC_484\Debug\CE95277 ADC and UART.a(CyDmac.o)
 .debug_aranges
                0x00000338      0x290 .\ARM_GCC_484\Debug\CE95277 ADC and UART.a(CyLib.o)
 .debug_aranges
                0x000005c8       0x90 .\ARM_GCC_484\Debug\CE95277 ADC and UART.a(cyPm.o)
 .debug_aranges
                0x00000658       0xa0 .\ARM_GCC_484\Debug\CE95277 ADC and UART.a(ADC_SAR_Seq_1.o)
 .debug_aranges
                0x000006f8       0x20 .\ARM_GCC_484\Debug\CE95277 ADC and UART.a(ADC_SAR_Seq_1_INT.o)
 .debug_aranges
                0x00000718       0xa8 .\ARM_GCC_484\Debug\CE95277 ADC and UART.a(ADC_SAR_Seq_1_SAR.o)
 .debug_aranges
                0x000007c0       0x28 .\ARM_GCC_484\Debug\CE95277 ADC and UART.a(ADC_SAR_Seq_1_TempBuf_dma.o)
 .debug_aranges
                0x000007e8       0x28 .\ARM_GCC_484\Debug\CE95277 ADC and UART.a(ADC_SAR_Seq_1_FinalBuf_dma.o)
 .debug_aranges
                0x00000810       0x80 .\ARM_GCC_484\Debug\CE95277 ADC and UART.a(ADC_SAR_Seq_1_IRQ.o)
 .debug_aranges
                0x00000890       0x80 .\ARM_GCC_484\Debug\CE95277 ADC and UART.a(CyFlash.o)
 .debug_aranges
                0x00000910       0x78 .\ARM_GCC_484\Debug\CE95277 ADC and UART.a(CySpc.o)

.debug_pubnames
 *(.debug_pubnames)

.debug_info     0x00000000     0x41b0
 *(.debug_info .gnu.linkonce.wi.*)
 .debug_info    0x00000000      0x181 .\ARM_GCC_484\Debug\main.o
 .debug_info    0x00000181      0x13e .\ARM_GCC_484\Debug\cymetadata.o
 .debug_info    0x000002bf      0x323 .\ARM_GCC_484\Debug\Cm3Start.o
 .debug_info    0x000005e2      0x3ae .\ARM_GCC_484\Debug\CE95277 ADC and UART.a(cyfitter_cfg.o)
 .debug_info    0x00000990      0x500 .\ARM_GCC_484\Debug\CE95277 ADC and UART.a(UART_1.o)
 .debug_info    0x00000e90      0x25b .\ARM_GCC_484\Debug\CE95277 ADC and UART.a(UART_1_IntClock.o)
 .debug_info    0x000010eb       0xb4 .\ARM_GCC_484\Debug\CE95277 ADC and UART.a(CyBootAsmGnu.o)
 .debug_info    0x0000119f      0x8b1 .\ARM_GCC_484\Debug\CE95277 ADC and UART.a(CyDmac.o)
 .debug_info    0x00001a50      0xd85 .\ARM_GCC_484\Debug\CE95277 ADC and UART.a(CyLib.o)
 .debug_info    0x000027d5      0x536 .\ARM_GCC_484\Debug\CE95277 ADC and UART.a(cyPm.o)
 .debug_info    0x00002d0b      0x39e .\ARM_GCC_484\Debug\CE95277 ADC and UART.a(ADC_SAR_Seq_1.o)
 .debug_info    0x000030a9       0x99 .\ARM_GCC_484\Debug\CE95277 ADC and UART.a(ADC_SAR_Seq_1_INT.o)
 .debug_info    0x00003142      0x454 .\ARM_GCC_484\Debug\CE95277 ADC and UART.a(ADC_SAR_Seq_1_SAR.o)
 .debug_info    0x00003596      0x112 .\ARM_GCC_484\Debug\CE95277 ADC and UART.a(ADC_SAR_Seq_1_TempBuf_dma.o)
 .debug_info    0x000036a8      0x112 .\ARM_GCC_484\Debug\CE95277 ADC and UART.a(ADC_SAR_Seq_1_FinalBuf_dma.o)
 .debug_info    0x000037ba      0x236 .\ARM_GCC_484\Debug\CE95277 ADC and UART.a(ADC_SAR_Seq_1_IRQ.o)
 .debug_info    0x000039f0      0x36a .\ARM_GCC_484\Debug\CE95277 ADC and UART.a(CyFlash.o)
 .debug_info    0x00003d5a      0x456 .\ARM_GCC_484\Debug\CE95277 ADC and UART.a(CySpc.o)

.debug_abbrev   0x00000000     0x146d
 *(.debug_abbrev)
 .debug_abbrev  0x00000000       0x97 .\ARM_GCC_484\Debug\main.o
 .debug_abbrev  0x00000097       0x77 .\ARM_GCC_484\Debug\cymetadata.o
 .debug_abbrev  0x0000010e      0x1c5 .\ARM_GCC_484\Debug\Cm3Start.o
 .debug_abbrev  0x000002d3      0x19d .\ARM_GCC_484\Debug\CE95277 ADC and UART.a(cyfitter_cfg.o)
 .debug_abbrev  0x00000470      0x170 .\ARM_GCC_484\Debug\CE95277 ADC and UART.a(UART_1.o)
 .debug_abbrev  0x000005e0      0x12a .\ARM_GCC_484\Debug\CE95277 ADC and UART.a(UART_1_IntClock.o)
 .debug_abbrev  0x0000070a       0x14 .\ARM_GCC_484\Debug\CE95277 ADC and UART.a(CyBootAsmGnu.o)
 .debug_abbrev  0x0000071e      0x194 .\ARM_GCC_484\Debug\CE95277 ADC and UART.a(CyDmac.o)
 .debug_abbrev  0x000008b2      0x217 .\ARM_GCC_484\Debug\CE95277 ADC and UART.a(CyLib.o)
 .debug_abbrev  0x00000ac9      0x16e .\ARM_GCC_484\Debug\CE95277 ADC and UART.a(cyPm.o)
 .debug_abbrev  0x00000c37      0x162 .\ARM_GCC_484\Debug\CE95277 ADC and UART.a(ADC_SAR_Seq_1.o)
 .debug_abbrev  0x00000d99       0x42 .\ARM_GCC_484\Debug\CE95277 ADC and UART.a(ADC_SAR_Seq_1_INT.o)
 .debug_abbrev  0x00000ddb      0x180 .\ARM_GCC_484\Debug\CE95277 ADC and UART.a(ADC_SAR_Seq_1_SAR.o)
 .debug_abbrev  0x00000f5b       0x8b .\ARM_GCC_484\Debug\CE95277 ADC and UART.a(ADC_SAR_Seq_1_TempBuf_dma.o)
 .debug_abbrev  0x00000fe6       0x8b .\ARM_GCC_484\Debug\CE95277 ADC and UART.a(ADC_SAR_Seq_1_FinalBuf_dma.o)
 .debug_abbrev  0x00001071      0x156 .\ARM_GCC_484\Debug\CE95277 ADC and UART.a(ADC_SAR_Seq_1_IRQ.o)
 .debug_abbrev  0x000011c7      0x12d .\ARM_GCC_484\Debug\CE95277 ADC and UART.a(CyFlash.o)
 .debug_abbrev  0x000012f4      0x179 .\ARM_GCC_484\Debug\CE95277 ADC and UART.a(CySpc.o)

.debug_line     0x00000000     0x23f7
 *(.debug_line)
 .debug_line    0x00000000      0x1d0 .\ARM_GCC_484\Debug\main.o
 .debug_line    0x000001d0       0x53 .\ARM_GCC_484\Debug\cymetadata.o
 .debug_line    0x00000223      0x1cf .\ARM_GCC_484\Debug\Cm3Start.o
 .debug_line    0x000003f2      0x1fd .\ARM_GCC_484\Debug\CE95277 ADC and UART.a(cyfitter_cfg.o)
 .debug_line    0x000005ef      0x2ee .\ARM_GCC_484\Debug\CE95277 ADC and UART.a(UART_1.o)
 .debug_line    0x000008dd      0x1a7 .\ARM_GCC_484\Debug\CE95277 ADC and UART.a(UART_1_IntClock.o)
 .debug_line    0x00000a84       0x68 .\ARM_GCC_484\Debug\CE95277 ADC and UART.a(CyBootAsmGnu.o)
 .debug_line    0x00000aec      0x2af .\ARM_GCC_484\Debug\CE95277 ADC and UART.a(CyDmac.o)
 .debug_line    0x00000d9b      0x839 .\ARM_GCC_484\Debug\CE95277 ADC and UART.a(CyLib.o)
 .debug_line    0x000015d4      0x366 .\ARM_GCC_484\Debug\CE95277 ADC and UART.a(cyPm.o)
 .debug_line    0x0000193a      0x1ce .\ARM_GCC_484\Debug\CE95277 ADC and UART.a(ADC_SAR_Seq_1.o)
 .debug_line    0x00001b08       0x5f .\ARM_GCC_484\Debug\CE95277 ADC and UART.a(ADC_SAR_Seq_1_INT.o)
 .debug_line    0x00001b67      0x20c .\ARM_GCC_484\Debug\CE95277 ADC and UART.a(ADC_SAR_Seq_1_SAR.o)
 .debug_line    0x00001d73       0x8a .\ARM_GCC_484\Debug\CE95277 ADC and UART.a(ADC_SAR_Seq_1_TempBuf_dma.o)
 .debug_line    0x00001dfd       0x8b .\ARM_GCC_484\Debug\CE95277 ADC and UART.a(ADC_SAR_Seq_1_FinalBuf_dma.o)
 .debug_line    0x00001e88      0x14c .\ARM_GCC_484\Debug\CE95277 ADC and UART.a(ADC_SAR_Seq_1_IRQ.o)
 .debug_line    0x00001fd4      0x217 .\ARM_GCC_484\Debug\CE95277 ADC and UART.a(CyFlash.o)
 .debug_line    0x000021eb      0x20c .\ARM_GCC_484\Debug\CE95277 ADC and UART.a(CySpc.o)

.debug_frame    0x00000000     0x2224
 *(.debug_frame)
 .debug_frame   0x00000000       0x30 .\ARM_GCC_484\Debug\main.o
 .debug_frame   0x00000030       0xc4 .\ARM_GCC_484\Debug\Cm3Start.o
 .debug_frame   0x000000f4      0x120 .\ARM_GCC_484\Debug\CE95277 ADC and UART.a(cyfitter_cfg.o)
 .debug_frame   0x00000214      0x328 .\ARM_GCC_484\Debug\CE95277 ADC and UART.a(UART_1.o)
 .debug_frame   0x0000053c      0x14c .\ARM_GCC_484\Debug\CE95277 ADC and UART.a(UART_1_IntClock.o)
 .debug_frame   0x00000688      0x2c0 .\ARM_GCC_484\Debug\CE95277 ADC and UART.a(CyDmac.o)
 .debug_frame   0x00000948      0x924 .\ARM_GCC_484\Debug\CE95277 ADC and UART.a(CyLib.o)
 .debug_frame   0x0000126c      0x1d0 .\ARM_GCC_484\Debug\CE95277 ADC and UART.a(cyPm.o)
 .debug_frame   0x0000143c      0x20c .\ARM_GCC_484\Debug\CE95277 ADC and UART.a(ADC_SAR_Seq_1.o)
 .debug_frame   0x00001648       0x2c .\ARM_GCC_484\Debug\CE95277 ADC and UART.a(ADC_SAR_Seq_1_INT.o)
 .debug_frame   0x00001674      0x230 .\ARM_GCC_484\Debug\CE95277 ADC and UART.a(ADC_SAR_Seq_1_SAR.o)
 .debug_frame   0x000018a4       0x4c .\ARM_GCC_484\Debug\CE95277 ADC and UART.a(ADC_SAR_Seq_1_TempBuf_dma.o)
 .debug_frame   0x000018f0       0x4c .\ARM_GCC_484\Debug\CE95277 ADC and UART.a(ADC_SAR_Seq_1_FinalBuf_dma.o)
 .debug_frame   0x0000193c      0x180 .\ARM_GCC_484\Debug\CE95277 ADC and UART.a(ADC_SAR_Seq_1_IRQ.o)
 .debug_frame   0x00001abc      0x1a8 .\ARM_GCC_484\Debug\CE95277 ADC and UART.a(CyFlash.o)
 .debug_frame   0x00001c64      0x174 .\ARM_GCC_484\Debug\CE95277 ADC and UART.a(CySpc.o)
 .debug_frame   0x00001dd8       0x58 c:/program files (x86)/cypress/psoc creator/3.1/psoc creator/import/gnu_cs/arm/4.8.4/bin/../lib/gcc/arm-none-eabi/4.8.4/armv7-m\libgcc.a(bpabi.o)
 .debug_frame   0x00001e30       0x34 c:/program files (x86)/cypress/psoc creator/3.1/psoc creator/import/gnu_cs/arm/4.8.4/bin/../lib/gcc/arm-none-eabi/4.8.4/armv7-m\libgcc.a(_divdi3.o)
 .debug_frame   0x00001e64       0x34 c:/program files (x86)/cypress/psoc creator/3.1/psoc creator/import/gnu_cs/arm/4.8.4/bin/../lib/gcc/arm-none-eabi/4.8.4/armv7-m\libgcc.a(_udivdi3.o)
 .debug_frame   0x00001e98       0x20 c:/program files (x86)/cypress/psoc creator/3.1/psoc creator/import/gnu_cs/arm/4.8.4/bin/../lib/gcc/arm-none-eabi/4.8.4/../../../../arm-none-eabi/lib/armv7-m\libg_s.a(lib_a-errno.o)
 .debug_frame   0x00001eb8       0x28 c:/program files (x86)/cypress/psoc creator/3.1/psoc creator/import/gnu_cs/arm/4.8.4/bin/../lib/gcc/arm-none-eabi/4.8.4/../../../../arm-none-eabi/lib/armv7-m\libg_s.a(lib_a-exit.o)
 .debug_frame   0x00001ee0       0x2c c:/program files (x86)/cypress/psoc creator/3.1/psoc creator/import/gnu_cs/arm/4.8.4/bin/../lib/gcc/arm-none-eabi/4.8.4/../../../../arm-none-eabi/lib/armv7-m\libg_s.a(lib_a-init.o)
 .debug_frame   0x00001f0c       0x28 c:/program files (x86)/cypress/psoc creator/3.1/psoc creator/import/gnu_cs/arm/4.8.4/bin/../lib/gcc/arm-none-eabi/4.8.4/../../../../arm-none-eabi/lib/armv7-m\libg_s.a(lib_a-memcpy-stub.o)
 .debug_frame   0x00001f34       0x20 c:/program files (x86)/cypress/psoc creator/3.1/psoc creator/import/gnu_cs/arm/4.8.4/bin/../lib/gcc/arm-none-eabi/4.8.4/../../../../arm-none-eabi/lib/armv7-m\libg_s.a(lib_a-memset.o)
 .debug_frame   0x00001f54       0x58 c:/program files (x86)/cypress/psoc creator/3.1/psoc creator/import/gnu_cs/arm/4.8.4/bin/../lib/gcc/arm-none-eabi/4.8.4/../../../../arm-none-eabi/lib/armv7-m\libg_s.a(lib_a-sprintf.o)
 .debug_frame   0x00001fac       0x88 c:/program files (x86)/cypress/psoc creator/3.1/psoc creator/import/gnu_cs/arm/4.8.4/bin/../lib/gcc/arm-none-eabi/4.8.4/../../../../arm-none-eabi/lib/armv7-m\libg_s.a(lib_a-svfprintf.o)
 .debug_frame   0x00002034       0x60 c:/program files (x86)/cypress/psoc creator/3.1/psoc creator/import/gnu_cs/arm/4.8.4/bin/../lib/gcc/arm-none-eabi/4.8.4/../../../../arm-none-eabi/lib/armv7-m\libg_s.a(lib_a-vfprintf_i.o)
 .debug_frame   0x00002094       0x28 c:/program files (x86)/cypress/psoc creator/3.1/psoc creator/import/gnu_cs/arm/4.8.4/bin/../lib/gcc/arm-none-eabi/4.8.4/../../../../arm-none-eabi/lib/armv7-m\libg_s.a(lib_a-memchr-stub.o)
 .debug_frame   0x000020bc       0x2c c:/program files (x86)/cypress/psoc creator/3.1/psoc creator/import/gnu_cs/arm/4.8.4/bin/../lib/gcc/arm-none-eabi/4.8.4/../../../../arm-none-eabi/lib/armv7-m\libg_s.a(lib_a-memmove.o)
 .debug_frame   0x000020e8       0x2c c:/program files (x86)/cypress/psoc creator/3.1/psoc creator/import/gnu_cs/arm/4.8.4/bin/../lib/gcc/arm-none-eabi/4.8.4/../../../../arm-none-eabi/lib/armv7-m\libg_s.a(lib_a-nano-freer.o)
 .debug_frame   0x00002114       0x2c c:/program files (x86)/cypress/psoc creator/3.1/psoc creator/import/gnu_cs/arm/4.8.4/bin/../lib/gcc/arm-none-eabi/4.8.4/../../../../arm-none-eabi/lib/armv7-m\libg_s.a(lib_a-nano-mallocr.o)
 .debug_frame   0x00002140       0x30 c:/program files (x86)/cypress/psoc creator/3.1/psoc creator/import/gnu_cs/arm/4.8.4/bin/../lib/gcc/arm-none-eabi/4.8.4/../../../../arm-none-eabi/lib/armv7-m\libg_s.a(lib_a-nano-reallocr.o)
 .debug_frame   0x00002170       0x2c c:/program files (x86)/cypress/psoc creator/3.1/psoc creator/import/gnu_cs/arm/4.8.4/bin/../lib/gcc/arm-none-eabi/4.8.4/../../../../arm-none-eabi/lib/armv7-m\libg_s.a(lib_a-sbrkr.o)
 .debug_frame   0x0000219c       0x20 c:/program files (x86)/cypress/psoc creator/3.1/psoc creator/import/gnu_cs/arm/4.8.4/bin/../lib/gcc/arm-none-eabi/4.8.4/../../../../arm-none-eabi/lib/armv7-m\libg_s.a(lib_a-strlen.o)
 .debug_frame   0x000021bc       0x20 c:/program files (x86)/cypress/psoc creator/3.1/psoc creator/import/gnu_cs/arm/4.8.4/bin/../lib/gcc/arm-none-eabi/4.8.4/../../../../arm-none-eabi/lib/armv7-m\libg_s.a(lib_a-nano-msizer.o)
 .debug_frame   0x000021dc       0x48 c:/program files (x86)/cypress/psoc creator/3.1/psoc creator/import/gnu_cs/arm/4.8.4/bin/../lib/gcc/arm-none-eabi/4.8.4/../../../../arm-none-eabi/lib/armv7-m\libg_s.a(lib_a-reent.o)

.debug_str      0x00000000     0x22eb
 *(.debug_str)
 .debug_str     0x00000000      0x1bc .\ARM_GCC_484\Debug\main.o
                                0x21b (size before relaxing)
 .debug_str     0x000001bc       0x77 .\ARM_GCC_484\Debug\cymetadata.o
                                0x1fc (size before relaxing)
 .debug_str     0x00000233      0x13e .\ARM_GCC_484\Debug\Cm3Start.o
                                0x2dd (size before relaxing)
 .debug_str     0x00000371      0x157 .\ARM_GCC_484\Debug\CE95277 ADC and UART.a(cyfitter_cfg.o)
                                0x309 (size before relaxing)
 .debug_str     0x000004c8      0x2bc .\ARM_GCC_484\Debug\CE95277 ADC and UART.a(UART_1.o)
                                0x461 (size before relaxing)
 .debug_str     0x00000784      0x1ca .\ARM_GCC_484\Debug\CE95277 ADC and UART.a(UART_1_IntClock.o)
                                0x360 (size before relaxing)
 .debug_str     0x0000094e      0x371 .\ARM_GCC_484\Debug\CE95277 ADC and UART.a(CyDmac.o)
                                0x523 (size before relaxing)
 .debug_str     0x00000cbf      0x78d .\ARM_GCC_484\Debug\CE95277 ADC and UART.a(CyLib.o)
                                0x99d (size before relaxing)
 .debug_str     0x0000144c      0x371 .\ARM_GCC_484\Debug\CE95277 ADC and UART.a(cyPm.o)
                                0x52d (size before relaxing)
 .debug_str     0x000017bd      0x2b8 .\ARM_GCC_484\Debug\CE95277 ADC and UART.a(ADC_SAR_Seq_1.o)
                                0x489 (size before relaxing)
 .debug_str     0x00001a75       0x3f .\ARM_GCC_484\Debug\CE95277 ADC and UART.a(ADC_SAR_Seq_1_INT.o)
                                0x1be (size before relaxing)
 .debug_str     0x00001ab4      0x2cc .\ARM_GCC_484\Debug\CE95277 ADC and UART.a(ADC_SAR_Seq_1_SAR.o)
                                0x4f6 (size before relaxing)
 .debug_str     0x00001d80       0xd5 .\ARM_GCC_484\Debug\CE95277 ADC and UART.a(ADC_SAR_Seq_1_TempBuf_dma.o)
                                0x261 (size before relaxing)
 .debug_str     0x00001e55       0x9e .\ARM_GCC_484\Debug\CE95277 ADC and UART.a(ADC_SAR_Seq_1_FinalBuf_dma.o)
                                0x265 (size before relaxing)
 .debug_str     0x00001ef3      0x190 .\ARM_GCC_484\Debug\CE95277 ADC and UART.a(ADC_SAR_Seq_1_IRQ.o)
                                0x354 (size before relaxing)
 .debug_str     0x00002083      0x147 .\ARM_GCC_484\Debug\CE95277 ADC and UART.a(CyFlash.o)
                                0x2fc (size before relaxing)
 .debug_str     0x000021ca      0x121 .\ARM_GCC_484\Debug\CE95277 ADC and UART.a(CySpc.o)
                                0x2f9 (size before relaxing)

.debug_loc
 *(.debug_loc)

.debug_macinfo
 *(.debug_macinfo)

.debug_ranges   0x00000000      0x850
 *(.debug_ranges)
 .debug_ranges  0x00000000       0x10 .\ARM_GCC_484\Debug\main.o
 .debug_ranges  0x00000010       0x38 .\ARM_GCC_484\Debug\Cm3Start.o
 .debug_ranges  0x00000048       0x50 .\ARM_GCC_484\Debug\CE95277 ADC and UART.a(cyfitter_cfg.o)
 .debug_ranges  0x00000098       0xe0 .\ARM_GCC_484\Debug\CE95277 ADC and UART.a(UART_1.o)
 .debug_ranges  0x00000178       0x60 .\ARM_GCC_484\Debug\CE95277 ADC and UART.a(UART_1_IntClock.o)
 .debug_ranges  0x000001d8       0xc8 .\ARM_GCC_484\Debug\CE95277 ADC and UART.a(CyDmac.o)
 .debug_ranges  0x000002a0      0x280 .\ARM_GCC_484\Debug\CE95277 ADC and UART.a(CyLib.o)
 .debug_ranges  0x00000520       0x80 .\ARM_GCC_484\Debug\CE95277 ADC and UART.a(cyPm.o)
 .debug_ranges  0x000005a0       0x90 .\ARM_GCC_484\Debug\CE95277 ADC and UART.a(ADC_SAR_Seq_1.o)
 .debug_ranges  0x00000630       0x10 .\ARM_GCC_484\Debug\CE95277 ADC and UART.a(ADC_SAR_Seq_1_INT.o)
 .debug_ranges  0x00000640       0x98 .\ARM_GCC_484\Debug\CE95277 ADC and UART.a(ADC_SAR_Seq_1_SAR.o)
 .debug_ranges  0x000006d8       0x18 .\ARM_GCC_484\Debug\CE95277 ADC and UART.a(ADC_SAR_Seq_1_TempBuf_dma.o)
 .debug_ranges  0x000006f0       0x18 .\ARM_GCC_484\Debug\CE95277 ADC and UART.a(ADC_SAR_Seq_1_FinalBuf_dma.o)
 .debug_ranges  0x00000708       0x70 .\ARM_GCC_484\Debug\CE95277 ADC and UART.a(ADC_SAR_Seq_1_IRQ.o)
 .debug_ranges  0x00000778       0x70 .\ARM_GCC_484\Debug\CE95277 ADC and UART.a(CyFlash.o)
 .debug_ranges  0x000007e8       0x68 .\ARM_GCC_484\Debug\CE95277 ADC and UART.a(CySpc.o)

.comment        0x00000000       0x70
 .comment       0x00000000       0x70 .\ARM_GCC_484\Debug\main.o
                                 0x71 (size before relaxing)
 .comment       0x00000000       0x71 .\ARM_GCC_484\Debug\cymetadata.o
 .comment       0x00000000       0x71 .\ARM_GCC_484\Debug\Cm3Start.o
 .comment       0x00000000       0x71 .\ARM_GCC_484\Debug\CE95277 ADC and UART.a(cyfitter_cfg.o)
 .comment       0x00000000       0x71 .\ARM_GCC_484\Debug\CE95277 ADC and UART.a(UART_1.o)
 .comment       0x00000000       0x71 .\ARM_GCC_484\Debug\CE95277 ADC and UART.a(UART_1_IntClock.o)
 .comment       0x00000000       0x71 .\ARM_GCC_484\Debug\CE95277 ADC and UART.a(CyDmac.o)
 .comment       0x00000000       0x71 .\ARM_GCC_484\Debug\CE95277 ADC and UART.a(CyLib.o)
 .comment       0x00000000       0x71 .\ARM_GCC_484\Debug\CE95277 ADC and UART.a(cyPm.o)
 .comment       0x00000000       0x71 .\ARM_GCC_484\Debug\CE95277 ADC and UART.a(ADC_SAR_Seq_1.o)
 .comment       0x00000000       0x71 .\ARM_GCC_484\Debug\CE95277 ADC and UART.a(ADC_SAR_Seq_1_INT.o)
 .comment       0x00000000       0x71 .\ARM_GCC_484\Debug\CE95277 ADC and UART.a(ADC_SAR_Seq_1_SAR.o)
 .comment       0x00000000       0x71 .\ARM_GCC_484\Debug\CE95277 ADC and UART.a(ADC_SAR_Seq_1_TempBuf_dma.o)
 .comment       0x00000000       0x71 .\ARM_GCC_484\Debug\CE95277 ADC and UART.a(ADC_SAR_Seq_1_FinalBuf_dma.o)
 .comment       0x00000000       0x71 .\ARM_GCC_484\Debug\CE95277 ADC and UART.a(ADC_SAR_Seq_1_IRQ.o)
 .comment       0x00000000       0x71 .\ARM_GCC_484\Debug\CE95277 ADC and UART.a(CyFlash.o)
 .comment       0x00000000       0x71 .\ARM_GCC_484\Debug\CE95277 ADC and UART.a(CySpc.o)

.debug_weaknames
 *(.debug_weaknames)

.debug_funcnames
 *(.debug_funcnames)

.debug_typenames
 *(.debug_typenames)

.debug_varnames
 *(.debug_varnames)

.note.gnu.arm.ident
 *(.note.gnu.arm.ident)

.ARM.attributes
                0x00000000       0x29
 *(.ARM.attributes)
 .ARM.attributes
                0x00000000       0x1d c:/program files (x86)/cypress/psoc creator/3.1/psoc creator/import/gnu_cs/arm/4.8.4/bin/../lib/gcc/arm-none-eabi/4.8.4/armv7-m/crti.o
 .ARM.attributes
                0x0000001d       0x2d c:/program files (x86)/cypress/psoc creator/3.1/psoc creator/import/gnu_cs/arm/4.8.4/bin/../lib/gcc/arm-none-eabi/4.8.4/armv7-m/crtbegin.o
 .ARM.attributes
                0x0000004a       0x1b c:/program files (x86)/cypress/psoc creator/3.1/psoc creator/import/gnu_cs/arm/4.8.4/bin/../lib/gcc/arm-none-eabi/4.8.4/../../../../arm-none-eabi/lib/armv7-m/crt0.o
 .ARM.attributes
                0x00000065       0x33 .\ARM_GCC_484\Debug\main.o
 .ARM.attributes
                0x00000098       0x33 .\ARM_GCC_484\Debug\cymetadata.o
 .ARM.attributes
                0x000000cb       0x33 .\ARM_GCC_484\Debug\Cm3Start.o
 .ARM.attributes
                0x000000fe       0x33 .\ARM_GCC_484\Debug\CE95277 ADC and UART.a(cyfitter_cfg.o)
 .ARM.attributes
                0x00000131       0x33 .\ARM_GCC_484\Debug\CE95277 ADC and UART.a(UART_1.o)
 .ARM.attributes
                0x00000164       0x33 .\ARM_GCC_484\Debug\CE95277 ADC and UART.a(UART_1_IntClock.o)
 .ARM.attributes
                0x00000197       0x21 .\ARM_GCC_484\Debug\CE95277 ADC and UART.a(CyBootAsmGnu.o)
 .ARM.attributes
                0x000001b8       0x33 .\ARM_GCC_484\Debug\CE95277 ADC and UART.a(CyDmac.o)
 .ARM.attributes
                0x000001eb       0x33 .\ARM_GCC_484\Debug\CE95277 ADC and UART.a(CyLib.o)
 .ARM.attributes
                0x0000021e       0x33 .\ARM_GCC_484\Debug\CE95277 ADC and UART.a(cyPm.o)
 .ARM.attributes
                0x00000251       0x33 .\ARM_GCC_484\Debug\CE95277 ADC and UART.a(ADC_SAR_Seq_1.o)
 .ARM.attributes
                0x00000284       0x33 .\ARM_GCC_484\Debug\CE95277 ADC and UART.a(ADC_SAR_Seq_1_INT.o)
 .ARM.attributes
                0x000002b7       0x33 .\ARM_GCC_484\Debug\CE95277 ADC and UART.a(ADC_SAR_Seq_1_SAR.o)
 .ARM.attributes
                0x000002ea       0x33 .\ARM_GCC_484\Debug\CE95277 ADC and UART.a(ADC_SAR_Seq_1_TempBuf_dma.o)
 .ARM.attributes
                0x0000031d       0x33 .\ARM_GCC_484\Debug\CE95277 ADC and UART.a(ADC_SAR_Seq_1_FinalBuf_dma.o)
 .ARM.attributes
                0x00000350       0x33 .\ARM_GCC_484\Debug\CE95277 ADC and UART.a(ADC_SAR_Seq_1_IRQ.o)
 .ARM.attributes
                0x00000383       0x33 .\ARM_GCC_484\Debug\CE95277 ADC and UART.a(CyFlash.o)
 .ARM.attributes
                0x000003b6       0x33 .\ARM_GCC_484\Debug\CE95277 ADC and UART.a(CySpc.o)
 .ARM.attributes
                0x000003e9       0x1d c:/program files (x86)/cypress/psoc creator/3.1/psoc creator/import/gnu_cs/arm/4.8.4/bin/../lib/gcc/arm-none-eabi/4.8.4/armv7-m\libgcc.a(_arm_addsubsf3.o)
 .ARM.attributes
                0x00000406       0x1d c:/program files (x86)/cypress/psoc creator/3.1/psoc creator/import/gnu_cs/arm/4.8.4/bin/../lib/gcc/arm-none-eabi/4.8.4/armv7-m\libgcc.a(_arm_muldivsf3.o)
 .ARM.attributes
                0x00000423       0x1d c:/program files (x86)/cypress/psoc creator/3.1/psoc creator/import/gnu_cs/arm/4.8.4/bin/../lib/gcc/arm-none-eabi/4.8.4/armv7-m\libgcc.a(_aeabi_ldivmod.o)
 .ARM.attributes
                0x00000440       0x2d c:/program files (x86)/cypress/psoc creator/3.1/psoc creator/import/gnu_cs/arm/4.8.4/bin/../lib/gcc/arm-none-eabi/4.8.4/armv7-m\libgcc.a(bpabi.o)
 .ARM.attributes
                0x0000046d       0x1d c:/program files (x86)/cypress/psoc creator/3.1/psoc creator/import/gnu_cs/arm/4.8.4/bin/../lib/gcc/arm-none-eabi/4.8.4/armv7-m\libgcc.a(_dvmd_tls.o)
 .ARM.attributes
                0x0000048a       0x2d c:/program files (x86)/cypress/psoc creator/3.1/psoc creator/import/gnu_cs/arm/4.8.4/bin/../lib/gcc/arm-none-eabi/4.8.4/armv7-m\libgcc.a(_divdi3.o)
 .ARM.attributes
                0x000004b7       0x2d c:/program files (x86)/cypress/psoc creator/3.1/psoc creator/import/gnu_cs/arm/4.8.4/bin/../lib/gcc/arm-none-eabi/4.8.4/armv7-m\libgcc.a(_udivdi3.o)
 .ARM.attributes
                0x000004e4       0x2d c:/program files (x86)/cypress/psoc creator/3.1/psoc creator/import/gnu_cs/arm/4.8.4/bin/../lib/gcc/arm-none-eabi/4.8.4/../../../../arm-none-eabi/lib/armv7-m\libg_s.a(lib_a-errno.o)
 .ARM.attributes
                0x00000511       0x2d c:/program files (x86)/cypress/psoc creator/3.1/psoc creator/import/gnu_cs/arm/4.8.4/bin/../lib/gcc/arm-none-eabi/4.8.4/../../../../arm-none-eabi/lib/armv7-m\libg_s.a(lib_a-exit.o)
 .ARM.attributes
                0x0000053e       0x2d c:/program files (x86)/cypress/psoc creator/3.1/psoc creator/import/gnu_cs/arm/4.8.4/bin/../lib/gcc/arm-none-eabi/4.8.4/../../../../arm-none-eabi/lib/armv7-m\libg_s.a(lib_a-impure.o)
 .ARM.attributes
                0x0000056b       0x2d c:/program files (x86)/cypress/psoc creator/3.1/psoc creator/import/gnu_cs/arm/4.8.4/bin/../lib/gcc/arm-none-eabi/4.8.4/../../../../arm-none-eabi/lib/armv7-m\libg_s.a(lib_a-init.o)
 .ARM.attributes
                0x00000598       0x2d c:/program files (x86)/cypress/psoc creator/3.1/psoc creator/import/gnu_cs/arm/4.8.4/bin/../lib/gcc/arm-none-eabi/4.8.4/../../../../arm-none-eabi/lib/armv7-m\libg_s.a(lib_a-memcpy-stub.o)
 .ARM.attributes
                0x000005c5       0x2d c:/program files (x86)/cypress/psoc creator/3.1/psoc creator/import/gnu_cs/arm/4.8.4/bin/../lib/gcc/arm-none-eabi/4.8.4/../../../../arm-none-eabi/lib/armv7-m\libg_s.a(lib_a-memset.o)
 .ARM.attributes
                0x000005f2       0x2d c:/program files (x86)/cypress/psoc creator/3.1/psoc creator/import/gnu_cs/arm/4.8.4/bin/../lib/gcc/arm-none-eabi/4.8.4/../../../../arm-none-eabi/lib/armv7-m\libg_s.a(lib_a-sprintf.o)
 .ARM.attributes
                0x0000061f       0x2d c:/program files (x86)/cypress/psoc creator/3.1/psoc creator/import/gnu_cs/arm/4.8.4/bin/../lib/gcc/arm-none-eabi/4.8.4/../../../../arm-none-eabi/lib/armv7-m\libg_s.a(lib_a-svfprintf.o)
 .ARM.attributes
                0x0000064c       0x2d c:/program files (x86)/cypress/psoc creator/3.1/psoc creator/import/gnu_cs/arm/4.8.4/bin/../lib/gcc/arm-none-eabi/4.8.4/../../../../arm-none-eabi/lib/armv7-m\libg_s.a(lib_a-vfprintf_i.o)
 .ARM.attributes
                0x00000679       0x2d c:/program files (x86)/cypress/psoc creator/3.1/psoc creator/import/gnu_cs/arm/4.8.4/bin/../lib/gcc/arm-none-eabi/4.8.4/../../../../arm-none-eabi/lib/armv7-m\libg_s.a(lib_a-memchr-stub.o)
 .ARM.attributes
                0x000006a6       0x2d c:/program files (x86)/cypress/psoc creator/3.1/psoc creator/import/gnu_cs/arm/4.8.4/bin/../lib/gcc/arm-none-eabi/4.8.4/../../../../arm-none-eabi/lib/armv7-m\libg_s.a(lib_a-memmove.o)
 .ARM.attributes
                0x000006d3       0x2d c:/program files (x86)/cypress/psoc creator/3.1/psoc creator/import/gnu_cs/arm/4.8.4/bin/../lib/gcc/arm-none-eabi/4.8.4/../../../../arm-none-eabi/lib/armv7-m\libg_s.a(lib_a-nano-freer.o)
 .ARM.attributes
                0x00000700       0x2d c:/program files (x86)/cypress/psoc creator/3.1/psoc creator/import/gnu_cs/arm/4.8.4/bin/../lib/gcc/arm-none-eabi/4.8.4/../../../../arm-none-eabi/lib/armv7-m\libg_s.a(lib_a-nano-mallocr.o)
 .ARM.attributes
                0x0000072d       0x2d c:/program files (x86)/cypress/psoc creator/3.1/psoc creator/import/gnu_cs/arm/4.8.4/bin/../lib/gcc/arm-none-eabi/4.8.4/../../../../arm-none-eabi/lib/armv7-m\libg_s.a(lib_a-nano-reallocr.o)
 .ARM.attributes
                0x0000075a       0x2d c:/program files (x86)/cypress/psoc creator/3.1/psoc creator/import/gnu_cs/arm/4.8.4/bin/../lib/gcc/arm-none-eabi/4.8.4/../../../../arm-none-eabi/lib/armv7-m\libg_s.a(lib_a-sbrkr.o)
 .ARM.attributes
                0x00000787       0x2d c:/program files (x86)/cypress/psoc creator/3.1/psoc creator/import/gnu_cs/arm/4.8.4/bin/../lib/gcc/arm-none-eabi/4.8.4/../../../../arm-none-eabi/lib/armv7-m\libg_s.a(lib_a-strlen.o)
 .ARM.attributes
                0x000007b4       0x2d c:/program files (x86)/cypress/psoc creator/3.1/psoc creator/import/gnu_cs/arm/4.8.4/bin/../lib/gcc/arm-none-eabi/4.8.4/../../../../arm-none-eabi/lib/armv7-m\libg_s.a(lib_a-nano-msizer.o)
 .ARM.attributes
                0x000007e1       0x2d c:/program files (x86)/cypress/psoc creator/3.1/psoc creator/import/gnu_cs/arm/4.8.4/bin/../lib/gcc/arm-none-eabi/4.8.4/../../../../arm-none-eabi/lib/armv7-m\libg_s.a(lib_a-reent.o)
 .ARM.attributes
                0x0000080e       0x2d c:/program files (x86)/cypress/psoc creator/3.1/psoc creator/import/gnu_cs/arm/4.8.4/bin/../lib/gcc/arm-none-eabi/4.8.4/armv7-m/crtend.o
 .ARM.attributes
                0x0000083b       0x1d c:/program files (x86)/cypress/psoc creator/3.1/psoc creator/import/gnu_cs/arm/4.8.4/bin/../lib/gcc/arm-none-eabi/4.8.4/armv7-m/crtn.o

/DISCARD/
 *(.note.GNU-stack)
OUTPUT(.\ARM_GCC_484\Debug\CE95277 ADC and UART.elf elf32-littlearm)
